Component: ARM Compiler 5.06 update 6 (build 750) Tool: armlink [4d35ed]

==============================================================================

Section Cross References

    startup_stm32f103xb.o(RESET) refers to startup_stm32f103xb.o(STACK) for __initial_sp
    startup_stm32f103xb.o(RESET) refers to startup_stm32f103xb.o(.text) for Reset_Handler
    startup_stm32f103xb.o(RESET) refers to stm32f1xx_it.o(i.NMI_Handler) for NMI_Handler
    startup_stm32f103xb.o(RESET) refers to stm32f1xx_it.o(i.HardFault_Handler) for HardFault_Handler
    startup_stm32f103xb.o(RESET) refers to stm32f1xx_it.o(i.MemManage_Handler) for MemManage_Handler
    startup_stm32f103xb.o(RESET) refers to stm32f1xx_it.o(i.BusFault_Handler) for BusFault_Handler
    startup_stm32f103xb.o(RESET) refers to stm32f1xx_it.o(i.UsageFault_Handler) for UsageFault_Handler
    startup_stm32f103xb.o(RESET) refers to port.o(.emb_text) for SVC_Handler
    startup_stm32f103xb.o(RESET) refers to stm32f1xx_it.o(i.DebugMon_Handler) for DebugMon_Handler
    startup_stm32f103xb.o(RESET) refers to port.o(i.SysTick_Handler) for SysTick_Handler
    startup_stm32f103xb.o(RESET) refers to stm32f1xx_it.o(i.DMA1_Channel1_IRQHandler) for DMA1_Channel1_IRQHandler
    startup_stm32f103xb.o(RESET) refers to stm32f1xx_it.o(i.DMA1_Channel4_IRQHandler) for DMA1_Channel4_IRQHandler
    startup_stm32f103xb.o(RESET) refers to stm32f1xx_it.o(i.DMA1_Channel5_IRQHandler) for DMA1_Channel5_IRQHandler
    startup_stm32f103xb.o(RESET) refers to stm32f1xx_it.o(i.ADC1_2_IRQHandler) for ADC1_2_IRQHandler
    startup_stm32f103xb.o(RESET) refers to stm32f1xx_it.o(i.TIM2_IRQHandler) for TIM2_IRQHandler
    startup_stm32f103xb.o(RESET) refers to stm32f1xx_it.o(i.I2C1_EV_IRQHandler) for I2C1_EV_IRQHandler
    startup_stm32f103xb.o(RESET) refers to stm32f1xx_it.o(i.I2C1_ER_IRQHandler) for I2C1_ER_IRQHandler
    startup_stm32f103xb.o(RESET) refers to stm32f1xx_it.o(i.I2C2_EV_IRQHandler) for I2C2_EV_IRQHandler
    startup_stm32f103xb.o(RESET) refers to stm32f1xx_it.o(i.I2C2_ER_IRQHandler) for I2C2_ER_IRQHandler
    startup_stm32f103xb.o(RESET) refers to stm32f1xx_it.o(i.USART1_IRQHandler) for USART1_IRQHandler
    startup_stm32f103xb.o(RESET) refers to stm32f1xx_it.o(i.USART2_IRQHandler) for USART2_IRQHandler
    startup_stm32f103xb.o(RESET) refers to stm32f1xx_it.o(i.EXTI15_10_IRQHandler) for EXTI15_10_IRQHandler
    startup_stm32f103xb.o(.text) refers to system_stm32f1xx.o(i.SystemInit) for SystemInit
    startup_stm32f103xb.o(.text) refers to entry.o(.ARM.Collect$$$$00000000) for __main
    main.o(i.HAL_TIM_PeriodElapsedCallback) refers to stm32f1xx_hal.o(i.HAL_IncTick) for HAL_IncTick
    main.o(i.SystemClock_Config) refers to memseta.o(.text) for __aeabi_memclr4
    main.o(i.SystemClock_Config) refers to stm32f1xx_hal_rcc.o(i.HAL_RCC_OscConfig) for HAL_RCC_OscConfig
    main.o(i.SystemClock_Config) refers to stm32f1xx_hal_rcc.o(i.HAL_RCC_ClockConfig) for HAL_RCC_ClockConfig
    main.o(i.SystemClock_Config) refers to stm32f1xx_hal_rcc_ex.o(i.HAL_RCCEx_PeriphCLKConfig) for HAL_RCCEx_PeriphCLKConfig
    main.o(i.main) refers to stm32f1xx_hal.o(i.HAL_Init) for HAL_Init
    main.o(i.main) refers to main.o(i.SystemClock_Config) for SystemClock_Config
    main.o(i.main) refers to gpio.o(i.MX_GPIO_Init) for MX_GPIO_Init
    main.o(i.main) refers to dma.o(i.MX_DMA_Init) for MX_DMA_Init
    main.o(i.main) refers to usart.o(i.MX_USART1_UART_Init) for MX_USART1_UART_Init
    main.o(i.main) refers to adc.o(i.MX_ADC1_Init) for MX_ADC1_Init
    main.o(i.main) refers to i2c.o(i.MX_I2C1_Init) for MX_I2C1_Init
    main.o(i.main) refers to i2c.o(i.MX_I2C2_Init) for MX_I2C2_Init
    main.o(i.main) refers to usart.o(i.MX_USART2_UART_Init) for MX_USART2_UART_Init
    main.o(i.main) refers to delay.o(i.delay_init) for delay_init
    main.o(i.main) refers to cmsis_os2.o(i.osKernelInitialize) for osKernelInitialize
    main.o(i.main) refers to freertos.o(i.MX_FREERTOS_Init) for MX_FREERTOS_Init
    main.o(i.main) refers to cmsis_os2.o(i.osKernelStart) for osKernelStart
    gpio.o(i.MX_GPIO_Init) refers to stm32f1xx_hal_gpio.o(i.HAL_GPIO_WritePin) for HAL_GPIO_WritePin
    gpio.o(i.MX_GPIO_Init) refers to stm32f1xx_hal_gpio.o(i.HAL_GPIO_Init) for HAL_GPIO_Init
    gpio.o(i.MX_GPIO_Init) refers to stm32f1xx_hal_cortex.o(i.HAL_NVIC_SetPriority) for HAL_NVIC_SetPriority
    gpio.o(i.MX_GPIO_Init) refers to stm32f1xx_hal_cortex.o(i.HAL_NVIC_EnableIRQ) for HAL_NVIC_EnableIRQ
    freertos.o(i.MX_FREERTOS_Init) refers to cmsis_os2.o(i.osSemaphoreNew) for osSemaphoreNew
    freertos.o(i.MX_FREERTOS_Init) refers to queue.o(i.xQueueSemaphoreTake) for xQueueSemaphoreTake
    freertos.o(i.MX_FREERTOS_Init) refers to cmsis_os2.o(i.osThreadNew) for osThreadNew
    freertos.o(i.MX_FREERTOS_Init) refers to freertos.o(.constdata) for .constdata
    freertos.o(i.MX_FREERTOS_Init) refers to freertos.o(.data) for .data
    freertos.o(i.MX_FREERTOS_Init) refers to freertos.o(i.StartDefaultTask) for StartDefaultTask
[...]
    i.pxPortInitialiseStack                  0x080058f4   Section        0  port.o(i.pxPortInitialiseStack)
    i.thread_screen                          0x08005918   Section        0  freertos.o(i.thread_screen)
    i.usart1_task                            0x08005a68   Section        0  freertos.o(i.usart1_task)
    i.uxListRemove                           0x08005ab4   Section        0  list.o(i.uxListRemove)
    i.vApplicationGetIdleTaskMemory          0x08005adc   Section        0  cmsis_os2.o(i.vApplicationGetIdleTaskMemory)
    i.vApplicationGetTimerTaskMemory         0x08005af0   Section        0  cmsis_os2.o(i.vApplicationGetTimerTaskMemory)
    i.vListInitialise                        0x08005b08   Section        0  list.o(i.vListInitialise)
    i.vListInitialiseItem                    0x08005b1e   Section        0  list.o(i.vListInitialiseItem)
    i.vListInsert                            0x08005b24   Section        0  list.o(i.vListInsert)
    i.vListInsertEnd                         0x08005b54   Section        0  list.o(i.vListInsertEnd)
    i.vPortEnterCritical                     0x08005b6c   Section        0  port.o(i.vPortEnterCritical)
    i.vPortExitCritical                      0x08005bac   Section        0  port.o(i.vPortExitCritical)
    i.vPortFree                              0x08005bd4   Section        0  heap_4.o(i.vPortFree)
    i.vPortSetupTimerInterrupt               0x08005c30   Section        0  port.o(i.vPortSetupTimerInterrupt)
    i.vPortValidateInterruptPriority         0x08005c54   Section        0  port.o(i.vPortValidateInterruptPriority)
    i.vQueueAddToRegistry                    0x08005ca8   Section        0  queue.o(i.vQueueAddToRegistry)
    i.vQueueDelete                           0x08005cd0   Section        0  queue.o(i.vQueueDelete)
    i.vQueueUnregisterQueue                  0x08005d00   Section        0  queue.o(i.vQueueUnregisterQueue)
    i.vQueueWaitForMessageRestricted         0x08005d28   Section        0  queue.o(i.vQueueWaitForMessageRestricted)
    i.vTaskDelay                             0x08005d6c   Section        0  tasks.o(i.vTaskDelay)
    i.vTaskDelete                            0x08005db8   Section        0  tasks.o(i.vTaskDelete)
    i.vTaskInternalSetTimeOutState           0x08005e48   Section        0  tasks.o(i.vTaskInternalSetTimeOutState)
    i.vTaskMissedYield                       0x08005e58   Section        0  tasks.o(i.vTaskMissedYield)
    i.vTaskPlaceOnEventList                  0x08005e64   Section        0  tasks.o(i.vTaskPlaceOnEventList)
    i.vTaskPlaceOnEventListRestricted        0x08005e94   Section        0  tasks.o(i.vTaskPlaceOnEventListRestricted)
    i.vTaskPriorityDisinheritAfterTimeout    0x08005ecc   Section        0  tasks.o(i.vTaskPriorityDisinheritAfterTimeout)
    i.vTaskStartScheduler                    0x08005f5c   Section        0  tasks.o(i.vTaskStartScheduler)
    i.vTaskSuspendAll                        0x08005fe4   Section        0  tasks.o(i.vTaskSuspendAll)
    i.vTaskSwitchContext                     0x08005ff4   Section        0  tasks.o(i.vTaskSwitchContext)
    i.xPortStartScheduler                    0x08006058   Section        0  port.o(i.xPortStartScheduler)
    i.xQueueCreateCountingSemaphore          0x08006100   Section        0  queue.o(i.xQueueCreateCountingSemaphore)
    i.xQueueCreateCountingSemaphoreStatic    0x0800613a   Section        0  queue.o(i.xQueueCreateCountingSemaphoreStatic)
    i.xQueueGenericCreate                    0x0800617a   Section        0  queue.o(i.xQueueGenericCreate)
    i.xQueueGenericCreateStatic              0x080061c2   Section        0  queue.o(i.xQueueGenericCreateStatic)
    i.xQueueGenericReset                     0x08006228   Section        0  queue.o(i.xQueueGenericReset)
    i.xQueueGenericSend                      0x080062b0   Section        0  queue.o(i.xQueueGenericSend)
    i.xQueueGenericSendFromISR               0x08006410   Section        0  queue.o(i.xQueueGenericSendFromISR)
    i.xQueueGiveFromISR                      0x080064cc   Section        0  queue.o(i.xQueueGiveFromISR)
    i.xQueueReceive                          0x08006568   Section        0  queue.o(i.xQueueReceive)
    i.xQueueReceiveFromISR                   0x080066a0   Section        0  queue.o(i.xQueueReceiveFromISR)
    i.xQueueSemaphoreTake                    0x0800673c   Section        0  queue.o(i.xQueueSemaphoreTake)
    i.xTaskCheckForTimeOut                   0x080068b4   Section        0  tasks.o(i.xTaskCheckForTimeOut)
    i.xTaskCreate                            0x08006928   Section        0  tasks.o(i.xTaskCreate)
    i.xTaskCreateStatic                      0x08006982   Section        0  tasks.o(i.xTaskCreateStatic)
    i.xTaskGetSchedulerState                 0x080069d8   Section        0  tasks.o(i.xTaskGetSchedulerState)
    i.xTaskGetTickCount                      0x080069f4   Section        0  tasks.o(i.xTaskGetTickCount)
    i.xTaskIncrementTick                     0x08006a00   Section        0  tasks.o(i.xTaskIncrementTick)
    i.xTaskPriorityDisinherit                0x08006ac8   Section        0  tasks.o(i.xTaskPriorityDisinherit)
    i.xTaskPriorityInherit                   0x08006b48   Section        0  tasks.o(i.xTaskPriorityInherit)
    i.xTaskRemoveFromEventList               0x08006bc0   Section        0  tasks.o(i.xTaskRemoveFromEventList)
    i.xTaskResumeAll                         0x08006c30   Section        0  tasks.o(i.xTaskResumeAll)
    i.xTimerCreateTimerTask                  0x08006cf4   Section        0  timers.o(i.xTimerCreateTimerTask)
    i.xTimerGenericCommand                   0x08006d54   Section        0  timers.o(i.xTimerGenericCommand)
    .constdata                               0x08006dbc   Section      216  freertos.o(.constdata)
    __FUNCTION__                             0x08006e6c   Data          17  freertos.o(.constdata)
    __FUNCTION__                             0x08006e7d   Data           9  freertos.o(.constdata)
    __FUNCTION__                             0x08006e86   Data          14  freertos.o(.constdata)
    .constdata                               0x08006e94   Section     2072  oled.o(.constdata)
    .constdata                               0x080076ac   Section       16  system_stm32f1xx.o(.constdata)
    .constdata                               0x080076bc   Section        8  system_stm32f1xx.o(.constdata)
    .conststring                             0x080076c4   Section       90  freertos.o(.conststring)
    .data                                    0x20000000   Section       24  freertos.o(.data)
    .data                                    0x20000018   Section        2  delay.o(.data)
    fac_ms                                   0x20000018   Data           2  delay.o(.data)
    .data                                    0x2000001a   Section        4  usart1.o(.data)
    .data                                    0x20000020   Section       12  stm32f1xx_hal.o(.data)
    .data                                    0x2000002c   Section        4  system_stm32f1xx.o(.data)
    .data                                    0x20000030   Section       60  tasks.o(.data)
    pxDelayedTaskList                        0x20000034   Data           4  tasks.o(.data)
    pxOverflowDelayedTaskList                0x20000038   Data           4  tasks.o(.data)
    uxDeletedTasksWaitingCleanUp             0x2000003c   Data           4  tasks.o(.data)
    uxCurrentNumberOfTasks                   0x20000040   Data           4  tasks.o(.data)
    xTickCount                               0x20000044   Data           4  tasks.o(.data)
    uxTopReadyPriority                       0x20000048   Data           4  tasks.o(.data)
    xSchedulerRunning                        0x2000004c   Data           4  tasks.o(.data)
    uxPendedTicks                            0x20000050   Data           4  tasks.o(.data)
    xYieldPending                            0x20000054   Data           4  tasks.o(.data)
    xNumOfOverflows                          0x20000058   Data           4  tasks.o(.data)
    uxTaskNumber                             0x2000005c   Data           4  tasks.o(.data)
    xNextTaskUnblockTime                     0x20000060   Data           4  tasks.o(.data)
    xIdleTaskHandle                          0x20000064   Data           4  tasks.o(.data)
    uxSchedulerSuspended                     0x20000068   Data           4  tasks.o(.data)
    .data                                    0x2000006c   Section       20  timers.o(.data)
    pxCurrentTimerList                       0x2000006c   Data           4  timers.o(.data)
    pxOverflowTimerList                      0x20000070   Data           4  timers.o(.data)
    xTimerQueue                              0x20000074   Data           4  timers.o(.data)
    xTimerTaskHandle                         0x20000078   Data           4  timers.o(.data)
    xLastTime                                0x2000007c   Data           4  timers.o(.data)
    .data                                    0x20000080   Section        4  cmsis_os2.o(.data)
    KernelState                              0x20000080   Data           4  cmsis_os2.o(.data)
    .data                                    0x20000084   Section       24  heap_4.o(.data)
    pxEnd                                    0x20000084   Data           4  heap_4.o(.data)
    xFreeBytesRemaining                      0x20000088   Data           4  heap_4.o(.data)
    xMinimumEverFreeBytesRemaining           0x2000008c   Data           4  heap_4.o(.data)
    xBlockAllocatedBit                       0x20000090   Data           4  heap_4.o(.data)
    xStart                                   0x20000094   Data           8  heap_4.o(.data)
    .data                                    0x2000009c   Section       12  port.o(.data)
    ucMaxSysCallPriority                     0x2000009c   Data           1  port.o(.data)
    uxCriticalNesting                        0x200000a0   Data           4  port.o(.data)
    ulMaxPRIGROUPValue                       0x200000a4   Data           4  port.o(.data)
    .data                                    0x200000a8   Section        4  stdout.o(.data)
    .bss                                     0x200000ac   Section      116  adc.o(.bss)
    .bss                                     0x20000120   Section      168  i2c.o(.bss)
    .bss                                     0x200001c8   Section      272  usart.o(.bss)
    .bss                                     0x200002d8   Section       72  stm32f1xx_hal_timebase_tim.o(.bss)
    .bss                                     0x20000320   Section       12  dht11.o(.bss)
    .bss                                     0x2000032c   Section       44  oled.o(.bss)
    .bss                                     0x20000358   Section      400  usart1.o(.bss)
    .bss                                     0x200004e8   Section       64  queue.o(.bss)
    .bss                                     0x20000528   Section     1220  tasks.o(.bss)
    pxReadyTasksLists                        0x20000528   Data        1120  tasks.o(.bss)
    xDelayedTaskList1                        0x20000988   Data          20  tasks.o(.bss)
    xDelayedTaskList2                        0x2000099c   Data          20  tasks.o(.bss)
    xPendingReadyList                        0x200009b0   Data          20  tasks.o(.bss)
    xTasksWaitingTermination                 0x200009c4   Data          20  tasks.o(.bss)
    xSuspendedTaskList                       0x200009d8   Data          20  tasks.o(.bss)
    .bss                                     0x200009ec   Section      280  timers.o(.bss)
    xActiveTimerList1                        0x200009ec   Data          20  timers.o(.bss)
    xActiveTimerList2                        0x20000a00   Data          20  timers.o(.bss)
    xStaticTimerQueue                        0x20000a14   Data          80  timers.o(.bss)
    ucStaticTimerQueueStorage                0x20000a64   Data         160  timers.o(.bss)
    .bss                                     0x20000b04   Section     1720  cmsis_os2.o(.bss)
    Idle_TCB                                 0x20000b04   Data          92  cmsis_os2.o(.bss)
    Idle_Stack                               0x20000b60   Data         512  cmsis_os2.o(.bss)
    Timer_TCB                                0x20000d60   Data          92  cmsis_os2.o(.bss)
    Timer_Stack                              0x20000dbc   Data        1024  cmsis_os2.o(.bss)
    .bss                                     0x200011bc   Section    10240  heap_4.o(.bss)
    ucHeap                                   0x200011bc   Data       10240  heap_4.o(.bss)
    STACK                                    0x200039c0   Section     1024  startup_stm32f103xb.o(STACK)

    Global Symbols

    Symbol Name                              Value     Ov Type        Size  Object(Section)

    BuildAttributes$$THM_ISAv4$P$D$K$B$S$PE$A:L22UL41UL21$X:L11$S22US41US21$IEEE1$IW$USESV6$~STKCKD$USESV7$~SHL$OSPACE$ROPI$EBA8$MICROLIB$REQ8$PRES8$EABIv2 0x00000000   Number         0  anon$$obj.o ABSOLUTE
    __ARM_use_no_argv                        0x00000000   Number         0  main.o ABSOLUTE
    _printf_a                                0x00000000   Number         0  stubs.o ABSOLUTE
    _printf_c                                0x00000000   Number         0  stubs.o ABSOLUTE
    _printf_charcount                        0x00000000   Number         0  stubs.o ABSOLUTE
    _printf_d                                0x00000000   Number         0  stubs.o ABSOLUTE
    _printf_e                                0x00000000   Number         0  stubs.o ABSOLUTE
    _printf_f                                0x00000000   Number         0  stubs.o ABSOLUTE
    _printf_flags                            0x00000000   Number         0  stubs.o ABSOLUTE
    _printf_fp_dec                           0x00000000   Number         0  stubs.o ABSOLUTE
    _printf_fp_hex                           0x00000000   Number         0  stubs.o ABSOLUTE
    _printf_g                                0x00000000   Number         0  stubs.o ABSOLUTE
    _printf_i                                0x00000000   Number         0  stubs.o ABSOLUTE
    _printf_int_dec                          0x00000000   Number         0  stubs.o ABSOLUTE
    _printf_l                                0x00000000   Number         0  stubs.o ABSOLUTE
    _printf_lc                               0x00000000   Number         0  stubs.o ABSOLUTE
    _printf_ll                               0x00000000   Number         0  stubs.o ABSOLUTE
    _printf_lld                              0x00000000   Number         0  stubs.o ABSOLUTE
    _printf_lli                              0x00000000   Number         0  stubs.o ABSOLUTE
    _printf_llo                              0x00000000   Number         0  stubs.o ABSOLUTE
    _printf_llu                              0x00000000   Number         0  stubs.o ABSOLUTE
    _printf_llx                              0x00000000   Number         0  stubs.o ABSOLUTE
    _printf_longlong_dec                     0x00000000   Number         0  stubs.o ABSOLUTE
    _printf_longlong_hex                     0x00000000   Number         0  stubs.o ABSOLUTE
    _printf_longlong_oct                     0x00000000   Number         0  stubs.o ABSOLUTE
    _printf_ls                               0x00000000   Number         0  stubs.o ABSOLUTE
    _printf_mbtowc                           0x00000000   Number         0  stubs.o ABSOLUTE
    _printf_n                                0x00000000   Number         0  stubs.o ABSOLUTE
    _printf_o                                0x00000000   Number         0  stubs.o ABSOLUTE
    _printf_p                                0x00000000   Number         0  stubs.o ABSOLUTE
    _printf_percent                          0x00000000   Number         0  stubs.o ABSOLUTE
    _printf_pre_padding                      0x00000000   Number         0  stubs.o ABSOLUTE
    _printf_return_value                     0x00000000   Number         0  stubs.o ABSOLUTE
    _printf_s                                0x00000000   Number         0  stubs.o ABSOLUTE
    _printf_sizespec                         0x00000000   Number         0  stubs.o ABSOLUTE
    _printf_str                              0x00000000   Number         0  stubs.o ABSOLUTE
    _printf_truncate_signed                  0x00000000   Number         0  stubs.o ABSOLUTE
    _printf_truncate_unsigned                0x00000000   Number         0  stubs.o ABSOLUTE
    _printf_u                                0x00000000   Number         0  stubs.o ABSOLUTE
    _printf_wc                               0x00000000   Number         0  stubs.o ABSOLUTE
    _printf_wctomb                           0x00000000   Number         0  stubs.o ABSOLUTE
    _printf_widthprec                        0x00000000   Number         0  stubs.o ABSOLUTE
    _printf_x                                0x00000000   Number         0  stubs.o ABSOLUTE
    __cpp_initialize__aeabi_                  - Undefined Weak Reference
    __cxa_finalize                            - Undefined Weak Reference
    __decompress                              - Undefined Weak Reference
    _clock_init                               - Undefined Weak Reference
    _microlib_exit                            - Undefined Weak Reference
    __Vectors_Size                           0x000000ec   Number         0  startup_stm32f103xb.o ABSOLUTE
    __Vectors                                0x08000000   Data           4  startup_stm32f103xb.o(RESET)
    __Vectors_End                            0x080000ec   Data           0  startup_stm32f103xb.o(RESET)
    __main                                   0x080000ed   Thumb Code     0  entry.o(.ARM.Collect$$$$00000000)
    _main_stk                                0x080000ed   Thumb Code     0  entry2.o(.ARM.Collect$$$$00000001)
    _main_scatterload                        0x080000f1   Thumb Code     0  entry5.o(.ARM.Collect$$$$00000004)
    __main_after_scatterload                 0x080000f5   Thumb Code     0  entry5.o(.ARM.Collect$$$$00000004)
    _main_clock                              0x080000f5   Thumb Code     0  entry7b.o(.ARM.Collect$$$$00000008)
    _main_cpp_init                           0x080000f5   Thumb Code     0  entry8b.o(.ARM.Collect$$$$0000000A)
    _main_init                               0x080000f5   Thumb Code     0  entry9a.o(.ARM.Collect$$$$0000000B)
    __rt_final_cpp                           0x080000fd   Thumb Code     0  entry10a.o(.ARM.Collect$$$$0000000D)
    __rt_final_exit                          0x080000fd   Thumb Code     0  entry11a.o(.ARM.Collect$$$$0000000F)
    SVC_Handler                              0x08000101   Thumb Code    32  port.o(.emb_text)
    __asm___6_port_c_39a90d8d__prvStartFirstTask 0x08000125   Thumb Code    28  port.o(.emb_text)
    PendSV_Handler                           0x08000145   Thumb Code    72  port.o(.emb_text)
    vPortGetIPSR                             0x08000191   Thumb Code     6  port.o(.emb_text)
    Reset_Handler                            0x08000199   Thumb Code     8  startup_stm32f103xb.o(.text)
    CAN1_RX1_IRQHandler                      0x080001b3   Thumb Code     0  startup_stm32f103xb.o(.text)
    CAN1_SCE_IRQHandler                      0x080001b3   Thumb Code     0  startup_stm32f103xb.o(.text)
    DMA1_Channel2_IRQHandler                 0x080001b3   Thumb Code     0  startup_stm32f103xb.o(.text)
    DMA1_Channel3_IRQHandler                 0x080001b3   Thumb Code     0  startup_stm32f103xb.o(.text)
    DMA1_Channel6_IRQHandler                 0x080001b3   Thumb Code     0  startup_stm32f103xb.o(.text)
    DMA1_Channel7_IRQHandler                 0x080001b3   Thumb Code     0  startup_stm32f103xb.o(.text)
    EXTI0_IRQHandler                         0x080001b3   Thumb Code     0  startup_stm32f103xb.o(.text)
    EXTI1_IRQHandler                         0x080001b3   Thumb Code     0  startup_stm32f103xb.o(.text)
    EXTI2_IRQHandler                         0x080001b3   Thumb Code     0  startup_stm32f103xb.o(.text)
    EXTI3_IRQHandler                         0x080001b3   Thumb Code     0  startup_stm32f103xb.o(.text)
    EXTI4_IRQHandler                         0x080001b3   Thumb Code     0  startup_stm32f103xb.o(.text)
    EXTI9_5_IRQHandler                       0x080001b3   Thumb Code     0  startup_stm32f103xb.o(.text)
    FLASH_IRQHandler                         0x080001b3   Thumb Code     0  startup_stm32f103xb.o(.text)
    PVD_IRQHandler                           0x080001b3   Thumb Code     0  startup_stm32f103xb.o(.text)
    RCC_IRQHandler                           0x080001b3   Thumb Code     0  startup_stm32f103xb.o(.text)
    RTC_Alarm_IRQHandler                     0x080001b3   Thumb Code     0  startup_stm32f103xb.o(.text)
    RTC_IRQHandler                           0x080001b3   Thumb Code     0  startup_stm32f103xb.o(.text)
    SPI1_IRQHandler                          0x080001b3   Thumb Code     0  startup_stm32f103xb.o(.text)
    SPI2_IRQHandler                          0x080001b3   Thumb Code     0  startup_stm32f103xb.o(.text)
    TAMPER_IRQHandler                        0x080001b3   Thumb Code     0  startup_stm32f103xb.o(.text)
    TIM1_BRK_IRQHandler                      0x080001b3   Thumb Code     0  startup_stm32f103xb.o(.text)
    TIM1_CC_IRQHandler                       0x080001b3   Thumb Code     0  startup_stm32f103xb.o(.text)
    TIM1_TRG_COM_IRQHandler                  0x080001b3   Thumb Code     0  startup_stm32f103xb.o(.text)
    TIM1_UP_IRQHandler                       0x080001b3   Thumb Code     0  startup_stm32f103xb.o(.text)
    TIM3_IRQHandler                          0x080001b3   Thumb Code     0  startup_stm32f103xb.o(.text)
    TIM4_IRQHandler                          0x080001b3   Thumb Code     0  startup_stm32f103xb.o(.text)
    USART3_IRQHandler                        0x080001b3   Thumb Code     0  startup_stm32f103xb.o(.text)
    USBWakeUp_IRQHandler                     0x080001b3   Thumb Code     0  startup_stm32f103xb.o(.text)
    USB_HP_CAN1_TX_IRQHandler                0x080001b3   Thumb Code     0  startup_stm32f103xb.o(.text)
    USB_LP_CAN1_RX0_IRQHandler               0x080001b3   Thumb Code     0  startup_stm32f103xb.o(.text)
    WWDG_IRQHandler                          0x080001b3   Thumb Code     0  startup_stm32f103xb.o(.text)
    __aeabi_llsr                             0x080001bd   Thumb Code    32  llushr.o(.text)
    _ll_ushift_r                             0x080001bd   Thumb Code     0  llushr.o(.text)
    __aeabi_memcpy                           0x080001dd   Thumb Code    36  memcpya.o(.text)
    __aeabi_memcpy4                          0x080001dd   Thumb Code     0  memcpya.o(.text)
    __aeabi_memcpy8                          0x080001dd   Thumb Code     0  memcpya.o(.text)
    __aeabi_memset                           0x08000201   Thumb Code    14  memseta.o(.text)
    __aeabi_memset4                          0x08000201   Thumb Code     0  memseta.o(.text)
    __aeabi_memset8                          0x08000201   Thumb Code     0  memseta.o(.text)
    __aeabi_memclr                           0x0800020f   Thumb Code     4  memseta.o(.text)
    __aeabi_memclr4                          0x0800020f   Thumb Code     0  memseta.o(.text)
    __aeabi_memclr8                          0x0800020f   Thumb Code     0  memseta.o(.text)
    memset                                   0x08000213   Thumb Code    18  memseta.o(.text)
    __aeabi_uidiv                            0x08000225   Thumb Code     0  uidiv.o(.text)
    __aeabi_uidivmod                         0x08000225   Thumb Code    44  uidiv.o(.text)
    __aeabi_uldivmod                         0x08000251   Thumb Code    98  uldiv.o(.text)
    __I$use$fp                               0x080002b3   Thumb Code     0  iusefp.o(.text)
    __aeabi_dadd                             0x080002b3   Thumb Code   322  dadd.o(.text)
    __aeabi_dsub                             0x080003f5   Thumb Code     6  dadd.o(.text)
    __aeabi_drsub                            0x080003fb   Thumb Code     6  dadd.o(.text)
    __aeabi_dmul                             0x08000401   Thumb Code   228  dmul.o(.text)
    __aeabi_ddiv                             0x080004e5   Thumb Code   222  ddiv.o(.text)
    __aeabi_d2ulz                            0x080005c3   Thumb Code    48  dfixul.o(.text)
    __aeabi_cdrcmple                         0x080005f5   Thumb Code    48  cdrcmple.o(.text)
    __scatterload                            0x08000625   Thumb Code    28  init.o(.text)
    __scatterload_rt2                        0x08000625   Thumb Code     0  init.o(.text)
    __aeabi_llsl                             0x08000649   Thumb Code    30  llshl.o(.text)
    _ll_shift_l                              0x08000649   Thumb Code     0  llshl.o(.text)
    __aeabi_lasr                             0x08000667   Thumb Code    36  llsshr.o(.text)
    _ll_sshift_r                             0x08000667   Thumb Code     0  llsshr.o(.text)
    _double_round                            0x0800068b   Thumb Code    30  depilogue.o(.text)
    _double_epilogue                         0x080006a9   Thumb Code   156  depilogue.o(.text)
    ADC1_2_IRQHandler                        0x08000745   Thumb Code     6  stm32f1xx_it.o(i.ADC1_2_IRQHandler)
    ADC_ConversionStop_Disable               0x08000751   Thumb Code    86  stm32f1xx_hal_adc.o(i.ADC_ConversionStop_Disable)
    BusFault_Handler                         0x080007a7   Thumb Code     2  stm32f1xx_it.o(i.BusFault_Handler)
    DMA1_Channel1_IRQHandler                 0x080007a9   Thumb Code     6  stm32f1xx_it.o(i.DMA1_Channel1_IRQHandler)
    DMA1_Channel4_IRQHandler                 0x080007b5   Thumb Code     6  stm32f1xx_it.o(i.DMA1_Channel4_IRQHandler)
    DMA1_Channel5_IRQHandler                 0x080007c1   Thumb Code     6  stm32f1xx_it.o(i.DMA1_Channel5_IRQHandler)
    DebugMon_Handler                         0x080007f7   Thumb Code     2  stm32f1xx_it.o(i.DebugMon_Handler)
    EXTI15_10_IRQHandler                     0x080007f9   Thumb Code    30  stm32f1xx_it.o(i.EXTI15_10_IRQHandler)
    Error_Handler                            0x08000817   Thumb Code     4  main.o(i.Error_Handler)
    HAL_ADCEx_InjectedConvCpltCallback       0x0800081b   Thumb Code     2  stm32f1xx_hal_adc_ex.o(i.HAL_ADCEx_InjectedConvCpltCallback)
    HAL_ADC_ConfigChannel                    0x0800081d   Thumb Code   240  stm32f1xx_hal_adc.o(i.HAL_ADC_ConfigChannel)
    HAL_ADC_ConvCpltCallback                 0x08000919   Thumb Code     2  stm32f1xx_hal_adc.o(i.HAL_ADC_ConvCpltCallback)
    HAL_ADC_IRQHandler                       0x0800091b   Thumb Code   230  stm32f1xx_hal_adc.o(i.HAL_ADC_IRQHandler)
    HAL_ADC_Init                             0x08000a01   Thumb Code   272  stm32f1xx_hal_adc.o(i.HAL_ADC_Init)
    HAL_ADC_LevelOutOfWindowCallback         0x08000b1d   Thumb Code     2  stm32f1xx_hal_adc.o(i.HAL_ADC_LevelOutOfWindowCallback)
    HAL_ADC_MspInit                          0x08000b21   Thumb Code   138  adc.o(i.HAL_ADC_MspInit)
    HAL_DMA_Abort                            0x08000bc1   Thumb Code    70  stm32f1xx_hal_dma.o(i.HAL_DMA_Abort)
    HAL_DMA_Abort_IT                         0x08000c09   Thumb Code   148  stm32f1xx_hal_dma.o(i.HAL_DMA_Abort_IT)
    HAL_DMA_GetState                         0x08000ca1   Thumb Code     6  stm32f1xx_hal_dma.o(i.HAL_DMA_GetState)
    HAL_DMA_IRQHandler                       0x08000ca9   Thumb Code   316  stm32f1xx_hal_dma.o(i.HAL_DMA_IRQHandler)
    HAL_DMA_Init                             0x08000dfd   Thumb Code    84  stm32f1xx_hal_dma.o(i.HAL_DMA_Init)
    HAL_DMA_Start_IT                         0x08000e59   Thumb Code   112  stm32f1xx_hal_dma.o(i.HAL_DMA_Start_IT)
    HAL_GPIO_EXTI_Callback                   0x08000ec9   Thumb Code     2  stm32f1xx_hal_gpio.o(i.HAL_GPIO_EXTI_Callback)
    HAL_GPIO_EXTI_IRQHandler                 0x08000ecd   Thumb Code    18  stm32f1xx_hal_gpio.o(i.HAL_GPIO_EXTI_IRQHandler)
    HAL_GPIO_Init                            0x08000ee5   Thumb Code   446  stm32f1xx_hal_gpio.o(i.HAL_GPIO_Init)
    HAL_GPIO_ReadPin                         0x080010c5   Thumb Code    10  stm32f1xx_hal_gpio.o(i.HAL_GPIO_ReadPin)
    HAL_GPIO_TogglePin                       0x080010cf   Thumb Code    16  stm32f1xx_hal_gpio.o(i.HAL_GPIO_TogglePin)
    HAL_GPIO_WritePin                        0x080010df   Thumb Code    10  stm32f1xx_hal_gpio.o(i.HAL_GPIO_WritePin)
    HAL_GetTick                              0x080010e9   Thumb Code     6  stm32f1xx_hal.o(i.HAL_GetTick)
    HAL_I2C_AbortCpltCallback                0x080010f5   Thumb Code     2  stm32f1xx_hal_i2c.o(i.HAL_I2C_AbortCpltCallback)
    HAL_I2C_AddrCallback                     0x080010f7   Thumb Code     2  stm32f1xx_hal_i2c.o(i.HAL_I2C_AddrCallback)
    HAL_I2C_ER_IRQHandler                    0x080010f9   Thumb Code   196  stm32f1xx_hal_i2c.o(i.HAL_I2C_ER_IRQHandler)
    HAL_I2C_EV_IRQHandler                    0x080011bd   Thumb Code   560  stm32f1xx_hal_i2c.o(i.HAL_I2C_EV_IRQHandler)
    HAL_I2C_ErrorCallback                    0x080013ed   Thumb Code     2  stm32f1xx_hal_i2c.o(i.HAL_I2C_ErrorCallback)
    HAL_I2C_Init                             0x080013f1   Thumb Code   376  stm32f1xx_hal_i2c.o(i.HAL_I2C_Init)
    HAL_I2C_ListenCpltCallback               0x08001579   Thumb Code     2  stm32f1xx_hal_i2c.o(i.HAL_I2C_ListenCpltCallback)
    HAL_I2C_MasterRxCpltCallback             0x0800157b   Thumb Code     2  stm32f1xx_hal_i2c.o(i.HAL_I2C_MasterRxCpltCallback)
    HAL_I2C_MasterTxCpltCallback             0x0800157d   Thumb Code     2  stm32f1xx_hal_i2c.o(i.HAL_I2C_MasterTxCpltCallback)
    HAL_I2C_MemRxCpltCallback                0x0800157f   Thumb Code     2  stm32f1xx_hal_i2c.o(i.HAL_I2C_MemRxCpltCallback)
    HAL_I2C_MemTxCpltCallback                0x08001581   Thumb Code     2  stm32f1xx_hal_i2c.o(i.HAL_I2C_MemTxCpltCallback)
    HAL_I2C_Mem_Write                        0x08001585   Thumb Code   294  stm32f1xx_hal_i2c.o(i.HAL_I2C_Mem_Write)
    HAL_I2C_MspInit                          0x080016b5   Thumb Code   196  i2c.o(i.HAL_I2C_MspInit)
    HAL_I2C_SlaveRxCpltCallback              0x08001789   Thumb Code     2  stm32f1xx_hal_i2c.o(i.HAL_I2C_SlaveRxCpltCallback)
    HAL_I2C_SlaveTxCpltCallback              0x0800178b   Thumb Code     2  stm32f1xx_hal_i2c.o(i.HAL_I2C_SlaveTxCpltCallback)
    HAL_IncTick                              0x0800178d   Thumb Code    12  stm32f1xx_hal.o(i.HAL_IncTick)
    HAL_Init                                 0x0800179d   Thumb Code    32  stm32f1xx_hal.o(i.HAL_Init)
    HAL_InitTick                             0x080017c1   Thumb Code   102  stm32f1xx_hal_timebase_tim.o(i.HAL_InitTick)
    HAL_MspInit                              0x08001835   Thumb Code    62  stm32f1xx_hal_msp.o(i.HAL_MspInit)
    HAL_NVIC_EnableIRQ                       0x0800187d   Thumb Code    26  stm32f1xx_hal_cortex.o(i.HAL_NVIC_EnableIRQ)
    HAL_NVIC_SetPriority                     0x08001899   Thumb Code    60  stm32f1xx_hal_cortex.o(i.HAL_NVIC_SetPriority)
    HAL_NVIC_SetPriorityGrouping             0x080018d9   Thumb Code    26  stm32f1xx_hal_cortex.o(i.HAL_NVIC_SetPriorityGrouping)
    HAL_RCCEx_PeriphCLKConfig                0x080018fd   Thumb Code   224  stm32f1xx_hal_rcc_ex.o(i.HAL_RCCEx_PeriphCLKConfig)
    HAL_RCC_ClockConfig                      0x080019e9   Thumb Code   280  stm32f1xx_hal_rcc.o(i.HAL_RCC_ClockConfig)
    HAL_RCC_GetClockConfig                   0x08001b15   Thumb Code    54  stm32f1xx_hal_rcc.o(i.HAL_RCC_GetClockConfig)
    HAL_RCC_GetHCLKFreq                      0x08001b55   Thumb Code     6  stm32f1xx_hal_rcc.o(i.HAL_RCC_GetHCLKFreq)
    HAL_RCC_GetPCLK1Freq                     0x08001b61   Thumb Code    20  stm32f1xx_hal_rcc.o(i.HAL_RCC_GetPCLK1Freq)
    HAL_RCC_GetPCLK2Freq                     0x08001b81   Thumb Code    20  stm32f1xx_hal_rcc.o(i.HAL_RCC_GetPCLK2Freq)
    HAL_RCC_GetSysClockFreq                  0x08001ba1   Thumb Code    74  stm32f1xx_hal_rcc.o(i.HAL_RCC_GetSysClockFreq)
    HAL_RCC_OscConfig                        0x08001c0d   Thumb Code   778  stm32f1xx_hal_rcc.o(i.HAL_RCC_OscConfig)
    HAL_TIMEx_BreakCallback                  0x08001f2d   Thumb Code     2  stm32f1xx_hal_tim_ex.o(i.HAL_TIMEx_BreakCallback)
    HAL_TIMEx_CommutCallback                 0x08001f2f   Thumb Code     2  stm32f1xx_hal_tim_ex.o(i.HAL_TIMEx_CommutCallback)
    HAL_TIM_Base_Init                        0x08001f31   Thumb Code    90  stm32f1xx_hal_tim.o(i.HAL_TIM_Base_Init)
    HAL_TIM_Base_MspInit                     0x08001f8b   Thumb Code     2  stm32f1xx_hal_tim.o(i.HAL_TIM_Base_MspInit)
    HAL_TIM_Base_Start_IT                    0x08001f8d   Thumb Code    76  stm32f1xx_hal_tim.o(i.HAL_TIM_Base_Start_IT)
    HAL_TIM_IC_CaptureCallback               0x08001fe5   Thumb Code     2  stm32f1xx_hal_tim.o(i.HAL_TIM_IC_CaptureCallback)
    HAL_TIM_IRQHandler                       0x08001fe7   Thumb Code   358  stm32f1xx_hal_tim.o(i.HAL_TIM_IRQHandler)
    HAL_TIM_OC_DelayElapsedCallback          0x0800214d   Thumb Code     2  stm32f1xx_hal_tim.o(i.HAL_TIM_OC_DelayElapsedCallback)
    HAL_TIM_PWM_PulseFinishedCallback        0x0800214f   Thumb Code     2  stm32f1xx_hal_tim.o(i.HAL_TIM_PWM_PulseFinishedCallback)
    HAL_TIM_PeriodElapsedCallback            0x08002151   Thumb Code    14  main.o(i.HAL_TIM_PeriodElapsedCallback)
    HAL_TIM_TriggerCallback                  0x0800215f   Thumb Code     2  stm32f1xx_hal_tim.o(i.HAL_TIM_TriggerCallback)
    HAL_UARTEx_RxEventCallback               0x08002161   Thumb Code     2  stm32f1xx_hal_uart.o(i.HAL_UARTEx_RxEventCallback)
    HAL_UART_DMAStop                         0x08002163   Thumb Code    88  stm32f1xx_hal_uart.o(i.HAL_UART_DMAStop)
    HAL_UART_ErrorCallback                   0x080021bb   Thumb Code     2  stm32f1xx_hal_uart.o(i.HAL_UART_ErrorCallback)
    HAL_UART_IRQHandler                      0x080021bd   Thumb Code   520  stm32f1xx_hal_uart.o(i.HAL_UART_IRQHandler)
    HAL_UART_Init                            0x080023c9   Thumb Code    98  stm32f1xx_hal_uart.o(i.HAL_UART_Init)
    HAL_UART_MspInit                         0x0800242d   Thumb Code   290  usart.o(i.HAL_UART_MspInit)
    HAL_UART_Receive_DMA                     0x08002569   Thumb Code    42  stm32f1xx_hal_uart.o(i.HAL_UART_Receive_DMA)
    HAL_UART_Receive_IT                      0x08002593   Thumb Code    42  stm32f1xx_hal_uart.o(i.HAL_UART_Receive_IT)
    HAL_UART_RxCpltCallback                  0x080025bd   Thumb Code    96  usart1.o(i.HAL_UART_RxCpltCallback)
    HAL_UART_RxHalfCpltCallback              0x0800264d   Thumb Code     2  stm32f1xx_hal_uart.o(i.HAL_UART_RxHalfCpltCallback)
    HAL_UART_Transmit                        0x08002651   Thumb Code   178  stm32f1xx_hal_uart.o(i.HAL_UART_Transmit)
    HAL_UART_TxCpltCallback                  0x08002705   Thumb Code    26  usart1.o(i.HAL_UART_TxCpltCallback)
    HardFault_Handler                        0x0800272d   Thumb Code     2  stm32f1xx_it.o(i.HardFault_Handler)
    I2C1_ER_IRQHandler                       0x08002731   Thumb Code     6  stm32f1xx_it.o(i.I2C1_ER_IRQHandler)
    I2C1_EV_IRQHandler                       0x0800273d   Thumb Code     6  stm32f1xx_it.o(i.I2C1_EV_IRQHandler)
    I2C2_ER_IRQHandler                       0x08002749   Thumb Code     6  stm32f1xx_it.o(i.I2C2_ER_IRQHandler)
    I2C2_EV_IRQHandler                       0x08002755   Thumb Code     6  stm32f1xx_it.o(i.I2C2_EV_IRQHandler)
    MX_ADC1_Init                             0x08003385   Thumb Code    70  adc.o(i.MX_ADC1_Init)
    MX_DMA_Init                              0x080033d5   Thumb Code    72  dma.o(i.MX_DMA_Init)
    MX_FREERTOS_Init                         0x08003421   Thumb Code    98  freertos.o(i.MX_FREERTOS_Init)
    MX_GPIO_Init                             0x0800349d   Thumb Code   210  gpio.o(i.MX_GPIO_Init)
    MX_I2C1_Init                             0x08003585   Thumb Code    50  i2c.o(i.MX_I2C1_Init)
    MX_I2C2_Init                             0x080035c5   Thumb Code    50  i2c.o(i.MX_I2C2_Init)
    MX_USART1_UART_Init                      0x08003605   Thumb Code    64  usart.o(i.MX_USART1_UART_Init)
    MX_USART2_UART_Init                      0x08003655   Thumb Code    48  usart.o(i.MX_USART2_UART_Init)
    MemManage_Handler                        0x0800368d   Thumb Code     2  stm32f1xx_it.o(i.MemManage_Handler)
    NMI_Handler                              0x0800368f   Thumb Code     2  stm32f1xx_it.o(i.NMI_Handler)
    OLED_Clear                               0x08003691   Thumb Code    52  oled.o(i.OLED_Clear)
    OLED_Init                                0x080036c5   Thumb Code   226  oled.o(i.OLED_Init)
    OLED_Set_Pos                             0x080037cd   Thumb Code    34  oled.o(i.OLED_Set_Pos)
    OLED_ShowChar                            0x080037f1   Thumb Code   126  oled.o(i.OLED_ShowChar)
    OLED_ShowNum                             0x08003879   Thumb Code   106  oled.o(i.OLED_ShowNum)
    OLED_ShowString                          0x080038e3   Thumb Code    54  oled.o(i.OLED_ShowString)
    OLED_WR_CMD                              0x08003919   Thumb Code    32  oled.o(i.OLED_WR_CMD)
    OLED_WR_DATA                             0x0800393d   Thumb Code    32  oled.o(i.OLED_WR_DATA)
    StartDefaultTask                         0x08003961   Thumb Code   132  freertos.o(i.StartDefaultTask)
    SysTick_Handler                          0x08003ab5   Thumb Code    38  port.o(i.SysTick_Handler)
    SystemClock_Config                       0x08003ae1   Thumb Code   120  main.o(i.SystemClock_Config)
    SystemInit                               0x08003b59   Thumb Code     2  system_stm32f1xx.o(i.SystemInit)
    TIM2_IRQHandler                          0x08003b5d   Thumb Code     6  stm32f1xx_it.o(i.TIM2_IRQHandler)
    TIM_Base_SetConfig                       0x08003b69   Thumb Code    94  stm32f1xx_hal_tim.o(i.TIM_Base_SetConfig)
    UART_Start_Receive_DMA                   0x08003e55   Thumb Code    98  stm32f1xx_hal_uart.o(i.UART_Start_Receive_DMA)
    UART_Start_Receive_IT                    0x08003ec5   Thumb Code    54  stm32f1xx_hal_uart.o(i.UART_Start_Receive_IT)
    USART1_IRQHandler                        0x08003f61   Thumb Code    18  stm32f1xx_it.o(i.USART1_IRQHandler)
    USART2_IRQHandler                        0x08003f79   Thumb Code     6  stm32f1xx_it.o(i.USART2_IRQHandler)
    USAR_UART_IDLECallback                   0x08003f85   Thumb Code    38  usart1.o(i.USAR_UART_IDLECallback)
    USER_UART_IRQHandler                     0x08003fd9   Thumb Code    36  usart1.o(i.USER_UART_IRQHandler)
    UsageFault_Handler                       0x08004005   Thumb Code     2  stm32f1xx_it.o(i.UsageFault_Handler)
    __0printf                                0x08004009   Thumb Code    22  printfa.o(i.__0printf)
    __1printf                                0x08004009   Thumb Code     0  printfa.o(i.__0printf)
    __2printf                                0x08004009   Thumb Code     0  printfa.o(i.__0printf)
    __c89printf                              0x08004009   Thumb Code     0  printfa.o(i.__0printf)
    printf                                   0x08004009   Thumb Code     0  printfa.o(i.__0printf)
    __scatterload_copy                       0x08004049   Thumb Code    14  handlers.o(i.__scatterload_copy)
    __scatterload_null                       0x08004057   Thumb Code     2  handlers.o(i.__scatterload_null)
    __scatterload_zeroinit                   0x08004059   Thumb Code    14  handlers.o(i.__scatterload_zeroinit)
    delay_init                               0x0800491d   Thumb Code    58  delay.o(i.delay_init)
    delay_ms                                 0x08004961   Thumb Code    52  delay.o(i.delay_ms)
    delay_xms                                0x080049f1   Thumb Code    26  delay.o(i.delay_xms)
    dht11_check                              0x08004a0d   Thumb Code   106  dht11.o(i.dht11_check)
    dht11_init                               0x08004a7d   Thumb Code    24  dht11.o(i.dht11_init)
    dht11_io_in                              0x08004a9d   Thumb Code    22  dht11.o(i.dht11_io_in)
    dht11_io_out                             0x08004ab9   Thumb Code    26  dht11.o(i.dht11_io_out)
    dht11_read_bit                           0x08004ad9   Thumb Code    86  dht11.o(i.dht11_read_bit)
    dht11_read_byte                          0x08004b35   Thumb Code    26  dht11.o(i.dht11_read_byte)
    dht11_read_data                          0x08004b51   Thumb Code    92  dht11.o(i.dht11_read_data)
    dht11_reset                              0x08004bb1   Thumb Code    48  dht11.o(i.dht11_reset)
    fputc                                    0x08004be5   Thumb Code    26  usart1.o(i.fputc)
    led_task                                 0x08004c05   Thumb Code   108  freertos.o(i.led_task)
    main                                     0x08004d15   Thumb Code    54  main.o(i.main)
    main_page                                0x08004d4d   Thumb Code    70  oled.o(i.main_page)
    main_page_data                           0x08004da1   Thumb Code    42  oled.o(i.main_page_data)
    oled_pow                                 0x08004dcb   Thumb Code    16  oled.o(i.oled_pow)
    osDelay                                  0x08004ddd   Thumb Code    46  cmsis_os2.o(i.osDelay)
    osKernelInitialize                       0x08004e11   Thumb Code    50  cmsis_os2.o(i.osKernelInitialize)
    osKernelStart                            0x08004e49   Thumb Code    58  cmsis_os2.o(i.osKernelStart)
    osSemaphoreAcquire                       0x08004e89   Thumb Code   108  cmsis_os2.o(i.osSemaphoreAcquire)
    osSemaphoreNew                           0x08004efd   Thumb Code   172  cmsis_os2.o(i.osSemaphoreNew)
    osSemaphoreRelease                       0x08004fad   Thumb Code   102  cmsis_os2.o(i.osSemaphoreRelease)
    osThreadNew                              0x0800501d   Thumb Code   160  cmsis_os2.o(i.osThreadNew)
    pvPortMalloc                             0x08005805   Thumb Code   210  heap_4.o(i.pvPortMalloc)
    pvTaskIncrementMutexHeldCount            0x080058dd   Thumb Code    18  tasks.o(i.pvTaskIncrementMutexHeldCount)
    pxPortInitialiseStack                    0x080058f5   Thumb Code    32  port.o(i.pxPortInitialiseStack)
    thread_screen                            0x08005919   Thumb Code   140  freertos.o(i.thread_screen)
    usart1_task                              0x08005a69   Thumb Code    44  freertos.o(i.usart1_task)
    uxListRemove                             0x08005ab5   Thumb Code    38  list.o(i.uxListRemove)
    vApplicationGetIdleTaskMemory            0x08005add   Thumb Code    16  cmsis_os2.o(i.vApplicationGetIdleTaskMemory)
    vApplicationGetTimerTaskMemory           0x08005af1   Thumb Code    18  cmsis_os2.o(i.vApplicationGetTimerTaskMemory)
    vListInitialise                          0x08005b09   Thumb Code    22  list.o(i.vListInitialise)
    vListInitialiseItem                      0x08005b1f   Thumb Code     6  list.o(i.vListInitialiseItem)
    vListInsert                              0x08005b25   Thumb Code    48  list.o(i.vListInsert)
    vListInsertEnd                           0x08005b55   Thumb Code    24  list.o(i.vListInsertEnd)
    vPortEnterCritical                       0x08005b6d   Thumb Code    54  port.o(i.vPortEnterCritical)
    vPortExitCritical                        0x08005bad   Thumb Code    34  port.o(i.vPortExitCritical)
    vPortFree                                0x08005bd5   Thumb Code    88  heap_4.o(i.vPortFree)
    vPortSetupTimerInterrupt                 0x08005c31   Thumb Code    32  port.o(i.vPortSetupTimerInterrupt)
    vPortValidateInterruptPriority           0x08005c55   Thumb Code    74  port.o(i.vPortValidateInterruptPriority)
    vQueueAddToRegistry                      0x08005ca9   Thumb Code    34  queue.o(i.vQueueAddToRegistry)
    vQueueDelete                             0x08005cd1   Thumb Code    46  queue.o(i.vQueueDelete)
    vQueueUnregisterQueue                    0x08005d01   Thumb Code    36  queue.o(i.vQueueUnregisterQueue)
    vQueueWaitForMessageRestricted           0x08005d29   Thumb Code    68  queue.o(i.vQueueWaitForMessageRestricted)
    vTaskDelay                               0x08005d6d   Thumb Code    66  tasks.o(i.vTaskDelay)
    vTaskDelete                              0x08005db9   Thumb Code   130  tasks.o(i.vTaskDelete)
    vTaskInternalSetTimeOutState             0x08005e49   Thumb Code    12  tasks.o(i.vTaskInternalSetTimeOutState)
    vTaskMissedYield                         0x08005e59   Thumb Code     8  tasks.o(i.vTaskMissedYield)
    vTaskPlaceOnEventList                    0x08005e65   Thumb Code    44  tasks.o(i.vTaskPlaceOnEventList)
    vTaskPlaceOnEventListRestricted          0x08005e95   Thumb Code    52  tasks.o(i.vTaskPlaceOnEventListRestricted)
    vTaskPriorityDisinheritAfterTimeout      0x08005ecd   Thumb Code   134  tasks.o(i.vTaskPriorityDisinheritAfterTimeout)
    vTaskStartScheduler                      0x08005f5d   Thumb Code   118  tasks.o(i.vTaskStartScheduler)
    vTaskSuspendAll                          0x08005fe5   Thumb Code    10  tasks.o(i.vTaskSuspendAll)
    vTaskSwitchContext                       0x08005ff5   Thumb Code    90  tasks.o(i.vTaskSwitchContext)
    xPortStartScheduler                      0x08006059   Thumb Code   154  port.o(i.xPortStartScheduler)
    xQueueCreateCountingSemaphore            0x08006101   Thumb Code    58  queue.o(i.xQueueCreateCountingSemaphore)
    xQueueCreateCountingSemaphoreStatic      0x0800613b   Thumb Code    64  queue.o(i.xQueueCreateCountingSemaphoreStatic)
    xQueueGenericCreate                      0x0800617b   Thumb Code    72  queue.o(i.xQueueGenericCreate)
    xQueueGenericCreateStatic                0x080061c3   Thumb Code   102  queue.o(i.xQueueGenericCreateStatic)
    xQueueGenericReset                       0x08006229   Thumb Code   132  queue.o(i.xQueueGenericReset)
    xQueueGenericSend                        0x080062b1   Thumb Code   346  queue.o(i.xQueueGenericSend)
    xQueueGenericSendFromISR                 0x08006411   Thumb Code   188  queue.o(i.xQueueGenericSendFromISR)
    xQueueGiveFromISR                        0x080064cd   Thumb Code   156  queue.o(i.xQueueGiveFromISR)
    xQueueReceive                            0x08006569   Thumb Code   308  queue.o(i.xQueueReceive)
    xQueueReceiveFromISR                     0x080066a1   Thumb Code   154  queue.o(i.xQueueReceiveFromISR)
    xQueueSemaphoreTake                      0x0800673d   Thumb Code   372  queue.o(i.xQueueSemaphoreTake)
    xTaskCheckForTimeOut                     0x080068b5   Thumb Code   112  tasks.o(i.xTaskCheckForTimeOut)
    xTaskCreate                              0x08006929   Thumb Code    90  tasks.o(i.xTaskCreate)
    xTaskCreateStatic                        0x08006983   Thumb Code    86  tasks.o(i.xTaskCreateStatic)
    xTaskGetSchedulerState                   0x080069d9   Thumb Code    22  tasks.o(i.xTaskGetSchedulerState)
    xTaskGetTickCount                        0x080069f5   Thumb Code     6  tasks.o(i.xTaskGetTickCount)
    xTaskIncrementTick                       0x08006a01   Thumb Code   190  tasks.o(i.xTaskIncrementTick)
    xTaskPriorityDisinherit                  0x08006ac9   Thumb Code   118  tasks.o(i.xTaskPriorityDisinherit)
    xTaskPriorityInherit                     0x08006b49   Thumb Code   112  tasks.o(i.xTaskPriorityInherit)
    xTaskRemoveFromEventList                 0x08006bc1   Thumb Code    98  tasks.o(i.xTaskRemoveFromEventList)
    xTaskResumeAll                           0x08006c31   Thumb Code   182  tasks.o(i.xTaskResumeAll)
    xTimerCreateTimerTask                    0x08006cf5   Thumb Code    78  timers.o(i.xTimerCreateTimerTask)
    xTimerGenericCommand                     0x08006d55   Thumb Code    98  timers.o(i.xTimerGenericCommand)
    defaultTask_attributes                   0x08006dbc   Data          36  freertos.o(.constdata)
    LED_TASK_attributes                      0x08006de0   Data          36  freertos.o(.constdata)
    USART1_TASK_attributes                   0x08006e04   Data          36  freertos.o(.constdata)
    SCREEN_attributes                        0x08006e28   Data          36  freertos.o(.constdata)
    Usart1_Receive_BinSemaphore_attributes   0x08006e4c   Data          16  freertos.o(.constdata)
    en_refresh_screen_attributes             0x08006e5c   Data          16  freertos.o(.constdata)
    F6x8                                     0x08006e94   Data         552  oled.o(.constdata)
    F8X16                                    0x080070bc   Data        1520  oled.o(.constdata)
    AHBPrescTable                            0x080076ac   Data          16  system_stm32f1xx.o(.constdata)
    APBPrescTable                            0x080076bc   Data           8  system_stm32f1xx.o(.constdata)
    Region$$Table$$Base                      0x08007720   Number         0  anon$$obj.o(Region$$Table)
    Region$$Table$$Limit                     0x08007740   Number         0  anon$$obj.o(Region$$Table)
    defaultTaskHandle                        0x20000000   Data           4  freertos.o(.data)
    LED_TASKHandle                           0x20000004   Data           4  freertos.o(.data)
    USART1_TASKHandle                        0x20000008   Data           4  freertos.o(.data)
    SCREENHandle                             0x2000000c   Data           4  freertos.o(.data)
    Usart1_Receive_BinSemaphoreHandle        0x20000010   Data           4  freertos.o(.data)
    en_refresh_screenHandle                  0x20000014   Data           4  freertos.o(.data)
    USART_DMA_TX_OVER                        0x2000001a   Data           1  usart1.o(.data)
    USART_RX_STA                             0x2000001c   Data           2  usart1.o(.data)
    uwTickFreq                               0x20000020   Data           1  stm32f1xx_hal.o(.data)
    uwTickPrio                               0x20000024   Data           4  stm32f1xx_hal.o(.data)
    uwTick                                   0x20000028   Data           4  stm32f1xx_hal.o(.data)
    SystemCoreClock                          0x2000002c   Data           4  system_stm32f1xx.o(.data)
    pxCurrentTCB                             0x20000030   Data           4  tasks.o(.data)
    __stdout                                 0x200000a8   Data           4  stdout.o(.data)
    hadc1                                    0x200000ac   Data          48  adc.o(.bss)
    hdma_adc1                                0x200000dc   Data          68  adc.o(.bss)
    hi2c1                                    0x20000120   Data          84  i2c.o(.bss)
    hi2c2                                    0x20000174   Data          84  i2c.o(.bss)
    huart1                                   0x200001c8   Data          68  usart.o(.bss)
    huart2                                   0x2000020c   Data          68  usart.o(.bss)
    hdma_usart1_rx                           0x20000250   Data          68  usart.o(.bss)
    hdma_usart1_tx                           0x20000294   Data          68  usart.o(.bss)
    htim2                                    0x200002d8   Data          72  stm32f1xx_hal_timebase_tim.o(.bss)
    g_dht11_device_st                        0x20000320   Data          12  dht11.o(.bss)
    g_oled_device_st                         0x2000032c   Data          44  oled.o(.bss)
    USART_RX_BUF                             0x20000358   Data         200  usart1.o(.bss)
    USART_TX_BUF                             0x20000420   Data         200  usart1.o(.bss)
    xQueueRegistry                           0x200004e8   Data          64  queue.o(.bss)
    __initial_sp                             0x20003dc0   Data           0  startup_stm32f103xb.o(STACK)



==============================================================================

Memory Map of the image

  Image Entry point : 0x080000ed

  Load Region LR_IROM1 (Base: 0x08000000, Size: 0x000077ec, Max: 0x00010000, ABSOLUTE)

    Execution Region ER_IROM1 (Exec base: 0x08000000, Load base: 0x08000000, Size: 0x00007740, Max: 0x00010000, ABSOLUTE)

    Exec Addr    Load Addr    Size         Type   Attr      Idx    E Section Name        Object

    0x08000000   0x08000000   0x000000ec   Data   RO            3    RESET               startup_stm32f103xb.o
    0x080000ec   0x080000ec   0x00000000   Code   RO         5748  * .ARM.Collect$$$$00000000  mc_w.l(entry.o)
    0x080000ec   0x080000ec   0x00000004   Code   RO         6024    .ARM.Collect$$$$00000001  mc_w.l(entry2.o)
    0x080000f0   0x080000f0   0x00000004   Code   RO         6027    .ARM.Collect$$$$00000004  mc_w.l(entry5.o)
    0x080000f4   0x080000f4   0x00000000   Code   RO         6029    .ARM.Collect$$$$00000008  mc_w.l(entry7b.o)
    0x080000f4   0x080000f4   0x00000000   Code   RO         6031    .ARM.Collect$$$$0000000A  mc_w.l(entry8b.o)
    0x080000f4   0x080000f4   0x00000008   Code   RO         6032    .ARM.Collect$$$$0000000B  mc_w.l(entry9a.o)
    0x080000fc   0x080000fc   0x00000000   Code   RO         6034    .ARM.Collect$$$$0000000D  mc_w.l(entry10a.o)
    0x080000fc   0x080000fc   0x00000000   Code   RO         6036    .ARM.Collect$$$$0000000F  mc_w.l(entry11a.o)
    0x080000fc   0x080000fc   0x00000004   Code   RO         6025    .ARM.Collect$$$$00002712  mc_w.l(entry2.o)
    0x08000100   0x08000100   0x00000096   Code   RO         5671    .emb_text           port.o
    0x08000196   0x08000196   0x00000002   PAD
    0x08000198   0x08000198   0x00000024   Code   RO            4    .text               startup_stm32f103xb.o
    0x080001bc   0x080001bc   0x00000020   Code   RO         5751    .text               mc_w.l(llushr.o)
    0x080001dc   0x080001dc   0x00000024   Code   RO         5753    .text               mc_w.l(memcpya.o)
    0x08000200   0x08000200   0x00000024   Code   RO         5757    .text               mc_w.l(memseta.o)
    0x08000224   0x08000224   0x0000002c   Code   RO         6039    .text               mc_w.l(uidiv.o)
    0x08000250   0x08000250   0x00000062   Code   RO         6041    .text               mc_w.l(uldiv.o)
    0x080002b2   0x080002b2   0x00000000   Code   RO         6043    .text               mc_w.l(iusefp.o)
    0x080002b2   0x080002b2   0x0000014e   Code   RO         6044    .text               mf_w.l(dadd.o)
    0x08000400   0x08000400   0x000000e4   Code   RO         6046    .text               mf_w.l(dmul.o)
    0x080004e4   0x080004e4   0x000000de   Code   RO         6048    .text               mf_w.l(ddiv.o)
    0x080005c2   0x080005c2   0x00000030   Code   RO         6050    .text               mf_w.l(dfixul.o)
    0x080005f2   0x080005f2   0x00000002   PAD
    0x080005f4   0x080005f4   0x00000030   Code   RO         6052    .text               mf_w.l(cdrcmple.o)
    0x08000624   0x08000624   0x00000024   Code   RO         6054    .text               mc_w.l(init.o)
    0x08000648   0x08000648   0x0000001e   Code   RO         6056    .text               mc_w.l(llshl.o)
    0x08000666   0x08000666   0x00000024   Code   RO         6058    .text               mc_w.l(llsshr.o)
    0x0800068a   0x0800068a   0x000000ba   Code   RO         6060    .text               mf_w.l(depilogue.o)
    0x08000744   0x08000744   0x0000000c   Code   RO          494    i.ADC1_2_IRQHandler  stm32f1xx_it.o
    0x08000750   0x08000750   0x00000056   Code   RO         1099    i.ADC_ConversionStop_Disable  stm32f1xx_hal_adc.o
    0x080007a6   0x080007a6   0x00000002   Code   RO          495    i.BusFault_Handler  stm32f1xx_it.o
    0x080007a8   0x080007a8   0x0000000c   Code   RO          496    i.DMA1_Channel1_IRQHandler  stm32f1xx_it.o
    0x080007b4   0x080007b4   0x0000000c   Code   RO          497    i.DMA1_Channel4_IRQHandler  stm32f1xx_it.o
    0x080007c0   0x080007c0   0x0000000c   Code   RO          498    i.DMA1_Channel5_IRQHandler  stm32f1xx_it.o
    0x080007cc   0x080007cc   0x0000002a   Code   RO         1753    i.DMA_SetConfig     stm32f1xx_hal_dma.o
    0x080007f6   0x080007f6   0x00000002   Code   RO          499    i.DebugMon_Handler  stm32f1xx_it.o
    0x080007f8   0x080007f8   0x0000001e   Code   RO          500    i.EXTI15_10_IRQHandler  stm32f1xx_it.o
    0x08000816   0x08000816   0x00000004   Code   RO           13    i.Error_Handler     main.o
    0x0800081a   0x0800081a   0x00000002   Code   RO         1281    i.HAL_ADCEx_InjectedConvCpltCallback  stm32f1xx_hal_adc_ex.o
    0x0800081c   0x0800081c   0x000000fc   Code   RO         1105    i.HAL_ADC_ConfigChannel  stm32f1xx_hal_adc.o
    0x08000918   0x08000918   0x00000002   Code   RO         1106    i.HAL_ADC_ConvCpltCallback  stm32f1xx_hal_adc.o
    0x0800091a   0x0800091a   0x000000e6   Code   RO         1113    i.HAL_ADC_IRQHandler  stm32f1xx_hal_adc.o
    0x08000a00   0x08000a00   0x0000011c   Code   RO         1114    i.HAL_ADC_Init      stm32f1xx_hal_adc.o
    0x08000b1c   0x08000b1c   0x00000002   Code   RO         1115    i.HAL_ADC_LevelOutOfWindowCallback  stm32f1xx_hal_adc.o
    0x08000b1e   0x08000b1e   0x00000002   PAD
    0x08000b20   0x08000b20   0x000000a0   Code   RO          326    i.HAL_ADC_MspInit   adc.o
    0x08000bc0   0x08000bc0   0x00000046   Code   RO         1754    i.HAL_DMA_Abort     stm32f1xx_hal_dma.o
    0x08000c06   0x08000c06   0x00000002   PAD
    0x08000c08   0x08000c08   0x00000098   Code   RO         1755    i.HAL_DMA_Abort_IT  stm32f1xx_hal_dma.o
    0x08000ca0   0x08000ca0   0x00000006   Code   RO         1758    i.HAL_DMA_GetState  stm32f1xx_hal_dma.o
    0x08000ca6   0x08000ca6   0x00000002   PAD
    0x08000ca8   0x08000ca8   0x00000154   Code   RO         1759    i.HAL_DMA_IRQHandler  stm32f1xx_hal_dma.o
    0x08000dfc   0x08000dfc   0x0000005c   Code   RO         1760    i.HAL_DMA_Init      stm32f1xx_hal_dma.o
    0x08000e58   0x08000e58   0x00000070   Code   RO         1764    i.HAL_DMA_Start_IT  stm32f1xx_hal_dma.o
    0x08000ec8   0x08000ec8   0x00000002   Code   RO         1688    i.HAL_GPIO_EXTI_Callback  stm32f1xx_hal_gpio.o
    0x08000eca   0x08000eca   0x00000002   PAD
    0x08000ecc   0x08000ecc   0x00000018   Code   RO         1689    i.HAL_GPIO_EXTI_IRQHandler  stm32f1xx_hal_gpio.o
    0x08000ee4   0x08000ee4   0x000001e0   Code   RO         1690    i.HAL_GPIO_Init     stm32f1xx_hal_gpio.o
    0x080010c4   0x080010c4   0x0000000a   Code   RO         1692    i.HAL_GPIO_ReadPin  stm32f1xx_hal_gpio.o
    0x080010ce   0x080010ce   0x00000010   Code   RO         1693    i.HAL_GPIO_TogglePin  stm32f1xx_hal_gpio.o
    0x080010de   0x080010de   0x0000000a   Code   RO         1694    i.HAL_GPIO_WritePin  stm32f1xx_hal_gpio.o
    0x080010e8   0x080010e8   0x0000000c   Code   RO         1386    i.HAL_GetTick       stm32f1xx_hal.o
    0x080010f4   0x080010f4   0x00000002   Code   RO         2350    i.HAL_I2C_AbortCpltCallback  stm32f1xx_hal_i2c.o
    0x080010f6   0x080010f6   0x00000002   Code   RO         2351    i.HAL_I2C_AddrCallback  stm32f1xx_hal_i2c.o
    0x080010f8   0x080010f8   0x000000c4   Code   RO         2354    i.HAL_I2C_ER_IRQHandler  stm32f1xx_hal_i2c.o
    0x080011bc   0x080011bc   0x00000230   Code   RO         2355    i.HAL_I2C_EV_IRQHandler  stm32f1xx_hal_i2c.o
    0x080013ec   0x080013ec   0x00000002   Code   RO         2357    i.HAL_I2C_ErrorCallback  stm32f1xx_hal_i2c.o
    0x080013ee   0x080013ee   0x00000002   PAD
    0x080013f0   0x080013f0   0x00000188   Code   RO         2361    i.HAL_I2C_Init      stm32f1xx_hal_i2c.o
    0x08001578   0x08001578   0x00000002   Code   RO         2363    i.HAL_I2C_ListenCpltCallback  stm32f1xx_hal_i2c.o
    0x0800157a   0x0800157a   0x00000002   Code   RO         2364    i.HAL_I2C_MasterRxCpltCallback  stm32f1xx_hal_i2c.o
    0x0800157c   0x0800157c   0x00000002   Code   RO         2365    i.HAL_I2C_MasterTxCpltCallback  stm32f1xx_hal_i2c.o
    0x0800157e   0x0800157e   0x00000002   Code   RO         2377    i.HAL_I2C_MemRxCpltCallback  stm32f1xx_hal_i2c.o
    0x08001580   0x08001580   0x00000002   Code   RO         2378    i.HAL_I2C_MemTxCpltCallback  stm32f1xx_hal_i2c.o
    0x08001582   0x08001582   0x00000002   PAD
    0x08001584   0x08001584   0x00000130   Code   RO         2382    i.HAL_I2C_Mem_Write  stm32f1xx_hal_i2c.o
    0x080016b4   0x080016b4   0x000000d4   Code   RO          392    i.HAL_I2C_MspInit   i2c.o
    0x08001788   0x08001788   0x00000002   Code   RO         2387    i.HAL_I2C_SlaveRxCpltCallback  stm32f1xx_hal_i2c.o
    0x0800178a   0x0800178a   0x00000002   Code   RO         2388    i.HAL_I2C_SlaveTxCpltCallback  stm32f1xx_hal_i2c.o
    0x0800178c   0x0800178c   0x00000010   Code   RO         1392    i.HAL_IncTick       stm32f1xx_hal.o
    0x0800179c   0x0800179c   0x00000024   Code   RO         1393    i.HAL_Init          stm32f1xx_hal.o
    0x080017c0   0x080017c0   0x00000074   Code   RO          648    i.HAL_InitTick      stm32f1xx_hal_timebase_tim.o
    0x08001834   0x08001834   0x00000048   Code   RO          624    i.HAL_MspInit       stm32f1xx_hal_msp.o
    0x0800187c   0x0800187c   0x0000001a   Code   RO         1850    i.HAL_NVIC_EnableIRQ  stm32f1xx_hal_cortex.o
    0x08001896   0x08001896   0x00000002   PAD
    0x08001898   0x08001898   0x00000040   Code   RO         1856    i.HAL_NVIC_SetPriority  stm32f1xx_hal_cortex.o
    0x080018d8   0x080018d8   0x00000024   Code   RO         1857    i.HAL_NVIC_SetPriorityGrouping  stm32f1xx_hal_cortex.o
    0x080018fc   0x080018fc   0x000000ec   Code   RO         1653    i.HAL_RCCEx_PeriphCLKConfig  stm32f1xx_hal_rcc_ex.o
    0x080019e8   0x080019e8   0x0000012c   Code   RO         1550    i.HAL_RCC_ClockConfig  stm32f1xx_hal_rcc.o
    0x08001b14   0x08001b14   0x00000040   Code   RO         1554    i.HAL_RCC_GetClockConfig  stm32f1xx_hal_rcc.o
    0x08001b54   0x08001b54   0x0000000c   Code   RO         1555    i.HAL_RCC_GetHCLKFreq  stm32f1xx_hal_rcc.o
    0x08001b60   0x08001b60   0x00000020   Code   RO         1557    i.HAL_RCC_GetPCLK1Freq  stm32f1xx_hal_rcc.o
    0x08001b80   0x08001b80   0x00000020   Code   RO         1558    i.HAL_RCC_GetPCLK2Freq  stm32f1xx_hal_rcc.o
    0x08001ba0   0x08001ba0   0x0000006c   Code   RO         1559    i.HAL_RCC_GetSysClockFreq  stm32f1xx_hal_rcc.o
    0x08001c0c   0x08001c0c   0x00000320   Code   RO         1562    i.HAL_RCC_OscConfig  stm32f1xx_hal_rcc.o
    0x08001f2c   0x08001f2c   0x00000002   Code   RO         3488    i.HAL_TIMEx_BreakCallback  stm32f1xx_hal_tim_ex.o
    0x08001f2e   0x08001f2e   0x00000002   Code   RO         3489    i.HAL_TIMEx_CommutCallback  stm32f1xx_hal_tim_ex.o
    0x08001f30   0x08001f30   0x0000005a   Code   RO         2784    i.HAL_TIM_Base_Init  stm32f1xx_hal_tim.o
    0x08001f8a   0x08001f8a   0x00000002   Code   RO         2786    i.HAL_TIM_Base_MspInit  stm32f1xx_hal_tim.o
    0x08001f8c   0x08001f8c   0x00000058   Code   RO         2789    i.HAL_TIM_Base_Start_IT  stm32f1xx_hal_tim.o
    0x08001fe4   0x08001fe4   0x00000002   Code   RO         2818    i.HAL_TIM_IC_CaptureCallback  stm32f1xx_hal_tim.o
    0x08001fe6   0x08001fe6   0x00000166   Code   RO         2832    i.HAL_TIM_IRQHandler  stm32f1xx_hal_tim.o
    0x0800214c   0x0800214c   0x00000002   Code   RO         2835    i.HAL_TIM_OC_DelayElapsedCallback  stm32f1xx_hal_tim.o
    0x0800214e   0x0800214e   0x00000002   Code   RO         2862    i.HAL_TIM_PWM_PulseFinishedCallback  stm32f1xx_hal_tim.o
    0x08002150   0x08002150   0x0000000e   Code   RO           14    i.HAL_TIM_PeriodElapsedCallback  main.o
    0x0800215e   0x0800215e   0x00000002   Code   RO         2875    i.HAL_TIM_TriggerCallback  stm32f1xx_hal_tim.o
    0x08002160   0x08002160   0x00000002   Code   RO         3766    i.HAL_UARTEx_RxEventCallback  stm32f1xx_hal_uart.o
    0x08002162   0x08002162   0x00000058   Code   RO         3778    i.HAL_UART_DMAStop  stm32f1xx_hal_uart.o
    0x080021ba   0x080021ba   0x00000002   Code   RO         3780    i.HAL_UART_ErrorCallback  stm32f1xx_hal_uart.o
    0x080021bc   0x080021bc   0x0000020c   Code   RO         3783    i.HAL_UART_IRQHandler  stm32f1xx_hal_uart.o
    0x080023c8   0x080023c8   0x00000062   Code   RO         3784    i.HAL_UART_Init     stm32f1xx_hal_uart.o
    0x0800242a   0x0800242a   0x00000002   PAD
    0x0800242c   0x0800242c   0x0000013c   Code   RO          440    i.HAL_UART_MspInit  usart.o
    0x08002568   0x08002568   0x0000002a   Code   RO         3788    i.HAL_UART_Receive_DMA  stm32f1xx_hal_uart.o
    0x08002592   0x08002592   0x0000002a   Code   RO         3789    i.HAL_UART_Receive_IT  stm32f1xx_hal_uart.o
    0x080025bc   0x080025bc   0x00000090   Code   RO          993    i.HAL_UART_RxCpltCallback  usart1.o
    0x0800264c   0x0800264c   0x00000002   Code   RO         3791    i.HAL_UART_RxHalfCpltCallback  stm32f1xx_hal_uart.o
    0x0800264e   0x0800264e   0x00000002   PAD
    0x08002650   0x08002650   0x000000b2   Code   RO         3792    i.HAL_UART_Transmit  stm32f1xx_hal_uart.o
    0x08002702   0x08002702   0x00000002   PAD
    0x08002704   0x08002704   0x00000028   Code   RO          994    i.HAL_UART_TxCpltCallback  usart1.o
    0x0800272c   0x0800272c   0x00000002   Code   RO          501    i.HardFault_Handler  stm32f1xx_it.o
    0x0800272e   0x0800272e   0x00000002   PAD
    0x08002730   0x08002730   0x0000000c   Code   RO          502    i.I2C1_ER_IRQHandler  stm32f1xx_it.o
    0x0800273c   0x0800273c   0x0000000c   Code   RO          503    i.I2C1_EV_IRQHandler  stm32f1xx_it.o
    0x08002748   0x08002748   0x0000000c   Code   RO          504    i.I2C2_ER_IRQHandler  stm32f1xx_it.o
    0x08002754   0x08002754   0x0000000c   Code   RO          505    i.I2C2_EV_IRQHandler  stm32f1xx_it.o
    0x08002760   0x08002760   0x000000bc   Code   RO         2399    i.I2C_DMAAbort      stm32f1xx_hal_i2c.o
    0x0800281c   0x0800281c   0x00000158   Code   RO         2402    i.I2C_ITError       stm32f1xx_hal_i2c.o
    0x08002974   0x08002974   0x0000002e   Code   RO         2403    i.I2C_IsAcknowledgeFailed  stm32f1xx_hal_i2c.o
    0x080029a2   0x080029a2   0x000000d2   Code   RO         2404    i.I2C_MasterReceive_BTF  stm32f1xx_hal_i2c.o
    0x08002a74   0x08002a74   0x000000e8   Code   RO         2405    i.I2C_MasterReceive_RXNE  stm32f1xx_hal_i2c.o
    0x08002b5c   0x08002b5c   0x00000082   Code   RO         2408    i.I2C_MasterTransmit_BTF  stm32f1xx_hal_i2c.o
    0x08002bde   0x08002bde   0x00000002   PAD
    0x08002be0   0x08002be0   0x000000b6   Code   RO         2409    i.I2C_MasterTransmit_TXE  stm32f1xx_hal_i2c.o
    0x08002c96   0x08002c96   0x00000002   PAD
    0x08002c98   0x08002c98   0x00000158   Code   RO         2410    i.I2C_Master_ADDR   stm32f1xx_hal_i2c.o
    0x08002df0   0x08002df0   0x0000008c   Code   RO         2411    i.I2C_Master_SB     stm32f1xx_hal_i2c.o
    0x08002e7c   0x08002e7c   0x000000a0   Code   RO         2412    i.I2C_MemoryTransmit_TXE_BTF  stm32f1xx_hal_i2c.o
    0x08002f1c   0x08002f1c   0x000000a8   Code   RO         2414    i.I2C_RequestMemoryWrite  stm32f1xx_hal_i2c.o
    0x08002fc4   0x08002fc4   0x00000046   Code   RO         2415    i.I2C_Slave_ADDR    stm32f1xx_hal_i2c.o
    0x0800300a   0x0800300a   0x00000002   PAD
    0x0800300c   0x0800300c   0x00000084   Code   RO         2416    i.I2C_Slave_AF      stm32f1xx_hal_i2c.o
    0x08003090   0x08003090   0x0000015c   Code   RO         2417    i.I2C_Slave_STOPF   stm32f1xx_hal_i2c.o
    0x080031ec   0x080031ec   0x0000004c   Code   RO         2418    i.I2C_WaitOnBTFFlagUntilTimeout  stm32f1xx_hal_i2c.o
    0x08003238   0x08003238   0x00000068   Code   RO         2419    i.I2C_WaitOnFlagUntilTimeout  stm32f1xx_hal_i2c.o
    0x080032a0   0x080032a0   0x00000096   Code   RO         2420    i.I2C_WaitOnMasterAddressFlagUntilTimeout  stm32f1xx_hal_i2c.o
    0x08003336   0x08003336   0x0000004c   Code   RO         2422    i.I2C_WaitOnTXEFlagUntilTimeout  stm32f1xx_hal_i2c.o
    0x08003382   0x08003382   0x00000002   PAD
    0x08003384   0x08003384   0x00000050   Code   RO          327    i.MX_ADC1_Init      adc.o
    0x080033d4   0x080033d4   0x0000004c   Code   RO          367    i.MX_DMA_Init       dma.o
    0x08003420   0x08003420   0x0000007c   Code   RO          224    i.MX_FREERTOS_Init  freertos.o
    0x0800349c   0x0800349c   0x000000e8   Code   RO          200    i.MX_GPIO_Init      gpio.o
    0x08003584   0x08003584   0x00000040   Code   RO          393    i.MX_I2C1_Init      i2c.o
    0x080035c4   0x080035c4   0x00000040   Code   RO          394    i.MX_I2C2_Init      i2c.o
    0x08003604   0x08003604   0x00000050   Code   RO          441    i.MX_USART1_UART_Init  usart.o
    0x08003654   0x08003654   0x00000038   Code   RO          442    i.MX_USART2_UART_Init  usart.o
    0x0800368c   0x0800368c   0x00000002   Code   RO          506    i.MemManage_Handler  stm32f1xx_it.o
    0x0800368e   0x0800368e   0x00000002   Code   RO          507    i.NMI_Handler       stm32f1xx_it.o
    0x08003690   0x08003690   0x00000034   Code   RO          813    i.OLED_Clear        oled.o
    0x080036c4   0x080036c4   0x00000108   Code   RO          817    i.OLED_Init         oled.o
    0x080037cc   0x080037cc   0x00000022   Code   RO          818    i.OLED_Set_Pos      oled.o
    0x080037ee   0x080037ee   0x00000002   PAD
    0x080037f0   0x080037f0   0x00000088   Code   RO          820    i.OLED_ShowChar     oled.o
    0x08003878   0x08003878   0x0000006a   Code   RO          821    i.OLED_ShowNum      oled.o
    0x080038e2   0x080038e2   0x00000036   Code   RO          822    i.OLED_ShowString   oled.o
    0x08003918   0x08003918   0x00000024   Code   RO          823    i.OLED_WR_CMD       oled.o
    0x0800393c   0x0800393c   0x00000024   Code   RO          824    i.OLED_WR_DATA      oled.o
    0x08003960   0x08003960   0x00000154   Code   RO          225    i.StartDefaultTask  freertos.o
    0x08003ab4   0x08003ab4   0x0000002c   Code   RO         5672    i.SysTick_Handler   port.o
    0x08003ae0   0x08003ae0   0x00000078   Code   RO           15    i.SystemClock_Config  main.o
    0x08003b58   0x08003b58   0x00000002   Code   RO         4113    i.SystemInit        system_stm32f1xx.o
    0x08003b5a   0x08003b5a   0x00000002   PAD
    0x08003b5c   0x08003b5c   0x0000000c   Code   RO          508    i.TIM2_IRQHandler   stm32f1xx_it.o
    0x08003b68   0x08003b68   0x0000006c   Code   RO         2877    i.TIM_Base_SetConfig  stm32f1xx_hal_tim.o
    0x08003bd4   0x08003bd4   0x00000010   Code   RO         3797    i.UART_DMAAbortOnError  stm32f1xx_hal_uart.o
    0x08003be4   0x08003be4   0x0000004a   Code   RO         3798    i.UART_DMAError     stm32f1xx_hal_uart.o
    0x08003c2e   0x08003c2e   0x0000005a   Code   RO         3799    i.UART_DMAReceiveCplt  stm32f1xx_hal_uart.o
    0x08003c88   0x08003c88   0x0000001a   Code   RO         3801    i.UART_DMARxHalfCplt  stm32f1xx_hal_uart.o
    0x08003ca2   0x08003ca2   0x00000030   Code   RO         3807    i.UART_EndRxTransfer  stm32f1xx_hal_uart.o
    0x08003cd2   0x08003cd2   0x00000012   Code   RO         3808    i.UART_EndTxTransfer  stm32f1xx_hal_uart.o
    0x08003ce4   0x08003ce4   0x000000b6   Code   RO         3809    i.UART_Receive_IT   stm32f1xx_hal_uart.o
    0x08003d9a   0x08003d9a   0x00000002   PAD
    0x08003d9c   0x08003d9c   0x000000b8   Code   RO         3810    i.UART_SetConfig    stm32f1xx_hal_uart.o
    0x08003e54   0x08003e54   0x00000070   Code   RO         3811    i.UART_Start_Receive_DMA  stm32f1xx_hal_uart.o
    0x08003ec4   0x08003ec4   0x00000036   Code   RO         3812    i.UART_Start_Receive_IT  stm32f1xx_hal_uart.o
    0x08003efa   0x08003efa   0x00000064   Code   RO         3813    i.UART_WaitOnFlagUntilTimeout  stm32f1xx_hal_uart.o
    0x08003f5e   0x08003f5e   0x00000002   PAD
    0x08003f60   0x08003f60   0x00000018   Code   RO          509    i.USART1_IRQHandler  stm32f1xx_it.o
    0x08003f78   0x08003f78   0x0000000c   Code   RO          510    i.USART2_IRQHandler  stm32f1xx_it.o
    0x08003f84   0x08003f84   0x00000054   Code   RO          995    i.USAR_UART_IDLECallback  usart1.o
    0x08003fd8   0x08003fd8   0x0000002c   Code   RO          996    i.USER_UART_IRQHandler  usart1.o
    0x08004004   0x08004004   0x00000002   Code   RO          511    i.UsageFault_Handler  stm32f1xx_it.o
    0x08004006   0x08004006   0x00000002   PAD
    0x08004008   0x08004008   0x00000020   Code   RO         5996    i.__0printf         mc_w.l(printfa.o)
    0x08004028   0x08004028   0x00000020   Code   RO         1863    i.__NVIC_SetPriority  stm32f1xx_hal_cortex.o
    0x08004048   0x08004048   0x0000000e   Code   RO         6064    i.__scatterload_copy  mc_w.l(handlers.o)
    0x08004056   0x08004056   0x00000002   Code   RO         6065    i.__scatterload_null  mc_w.l(handlers.o)
    0x08004058   0x08004058   0x0000000e   Code   RO         6066    i.__scatterload_zeroinit  mc_w.l(handlers.o)
    0x08004066   0x08004066   0x00000002   PAD
    0x08004068   0x08004068   0x00000184   Code   RO         6003    i._fp_digits        mc_w.l(printfa.o)
    0x080041ec   0x080041ec   0x000006dc   Code   RO         6004    i._printf_core      mc_w.l(printfa.o)
    0x080048c8   0x080048c8   0x00000024   Code   RO         6005    i._printf_post_padding  mc_w.l(printfa.o)
    0x080048ec   0x080048ec   0x0000002e   Code   RO         6006    i._printf_pre_padding  mc_w.l(printfa.o)
    0x0800491a   0x0800491a   0x00000002   PAD
    0x0800491c   0x0800491c   0x00000044   Code   RO          947    i.delay_init        delay.o
    0x08004960   0x08004960   0x00000038   Code   RO          948    i.delay_ms          delay.o
    0x08004998   0x08004998   0x0000002c   Code   RO          736    i.delay_us          dht11.o
    0x080049c4   0x080049c4   0x0000002c   Code   RO          949    i.delay_us          delay.o
    0x080049f0   0x080049f0   0x0000001a   Code   RO          950    i.delay_xms         delay.o
    0x08004a0a   0x08004a0a   0x00000002   PAD
    0x08004a0c   0x08004a0c   0x00000070   Code   RO          737    i.dht11_check       dht11.o
    0x08004a7c   0x08004a7c   0x00000020   Code   RO          738    i.dht11_init        dht11.o
    0x08004a9c   0x08004a9c   0x0000001c   Code   RO          739    i.dht11_io_in       dht11.o
    0x08004ab8   0x08004ab8   0x00000020   Code   RO          740    i.dht11_io_out      dht11.o
    0x08004ad8   0x08004ad8   0x0000005c   Code   RO          741    i.dht11_read_bit    dht11.o
    0x08004b34   0x08004b34   0x0000001a   Code   RO          742    i.dht11_read_byte   dht11.o
    0x08004b4e   0x08004b4e   0x00000002   PAD
    0x08004b50   0x08004b50   0x00000060   Code   RO          743    i.dht11_read_data   dht11.o
    0x08004bb0   0x08004bb0   0x00000034   Code   RO          744    i.dht11_reset       dht11.o
    0x08004be4   0x08004be4   0x00000020   Code   RO          997    i.fputc             usart1.o
    0x08004c04   0x08004c04   0x00000110   Code   RO          226    i.led_task          freertos.o
    0x08004d14   0x08004d14   0x00000036   Code   RO           16    i.main              main.o
    0x08004d4a   0x08004d4a   0x00000002   PAD
    0x08004d4c   0x08004d4c   0x00000054   Code   RO          826    i.main_page         oled.o
    0x08004da0   0x08004da0   0x0000002a   Code   RO          827    i.main_page_data    oled.o
    0x08004dca   0x08004dca   0x00000010   Code   RO          828    i.oled_pow          oled.o
    0x08004dda   0x08004dda   0x00000002   PAD
    0x08004ddc   0x08004ddc   0x00000034   Code   RO         5204    i.osDelay           cmsis_os2.o
    0x08004e10   0x08004e10   0x00000038   Code   RO         5218    i.osKernelInitialize  cmsis_os2.o
    0x08004e48   0x08004e48   0x00000040   Code   RO         5221    i.osKernelStart     cmsis_os2.o
    0x08004e88   0x08004e88   0x00000074   Code   RO         5237    i.osSemaphoreAcquire  cmsis_os2.o
    0x08004efc   0x08004efc   0x000000b0   Code   RO         5240    i.osSemaphoreNew    cmsis_os2.o
    0x08004fac   0x08004fac   0x00000070   Code   RO         5241    i.osSemaphoreRelease  cmsis_os2.o
    0x0800501c   0x0800501c   0x000000a4   Code   RO         5255    i.osThreadNew       cmsis_os2.o
    0x080050c0   0x080050c0   0x0000005c   Code   RO         4700    i.prvAddCurrentTaskToDelayedList  tasks.o
    0x0800511c   0x0800511c   0x000000d0   Code   RO         4701    i.prvAddNewTaskToReadyList  tasks.o
    0x080051ec   0x080051ec   0x00000058   Code   RO         5050    i.prvCheckForValidListAndQueue  timers.o
    0x08005244   0x08005244   0x00000026   Code   RO         4306    i.prvCopyDataFromQueue  queue.o
    0x0800526a   0x0800526a   0x0000006c   Code   RO         4307    i.prvCopyDataToQueue  queue.o
    0x080052d6   0x080052d6   0x00000034   Code   RO         4702    i.prvDeleteTCB      tasks.o
    0x0800530a   0x0800530a   0x00000002   PAD
    0x0800530c   0x0800530c   0x0000004c   Code   RO         5622    i.prvHeapInit       heap_4.o
    0x08005358   0x08005358   0x00000060   Code   RO         4703    i.prvIdleTask       tasks.o
    0x080053b8   0x080053b8   0x00000022   Code   RO         4309    i.prvInitialiseNewQueue  queue.o
    0x080053da   0x080053da   0x0000009c   Code   RO         4704    i.prvInitialiseNewTask  tasks.o
    0x08005476   0x08005476   0x00000002   PAD
    0x08005478   0x08005478   0x0000004c   Code   RO         5623    i.prvInsertBlockIntoFreeList  heap_4.o
    0x080054c4   0x080054c4   0x00000038   Code   RO         5052    i.prvInsertTimerInActiveList  timers.o
    0x080054fc   0x080054fc   0x0000001c   Code   RO         4310    i.prvIsQueueEmpty   queue.o
    0x08005518   0x08005518   0x000000cc   Code   RO         5053    i.prvProcessReceivedCommands  timers.o
    0x080055e4   0x080055e4   0x000000b4   Code   RO         5054    i.prvProcessTimerOrBlockTask  timers.o
    0x08005698   0x08005698   0x00000020   Code   RO         4706    i.prvResetNextTaskUnblockTime  tasks.o
    0x080056b8   0x080056b8   0x00000028   Code   RO         5055    i.prvSampleTimeNow  timers.o
    0x080056e0   0x080056e0   0x0000006c   Code   RO         5056    i.prvSwitchTimerLists  timers.o
    0x0800574c   0x0800574c   0x00000028   Code   RO         5673    i.prvTaskExitError  port.o
    0x08005774   0x08005774   0x00000024   Code   RO         5057    i.prvTimerTask      timers.o
    0x08005798   0x08005798   0x0000006a   Code   RO         4311    i.prvUnlockQueue    queue.o
    0x08005802   0x08005802   0x00000002   PAD
    0x08005804   0x08005804   0x000000d8   Code   RO         5624    i.pvPortMalloc      heap_4.o
    0x080058dc   0x080058dc   0x00000018   Code   RO         4709    i.pvTaskIncrementMutexHeldCount  tasks.o
    0x080058f4   0x080058f4   0x00000024   Code   RO         5674    i.pxPortInitialiseStack  port.o
    0x08005918   0x08005918   0x00000150   Code   RO          227    i.thread_screen     freertos.o
    0x08005a68   0x08005a68   0x0000004c   Code   RO          228    i.usart1_task       freertos.o
    0x08005ab4   0x08005ab4   0x00000026   Code   RO         4269    i.uxListRemove      list.o
    0x08005ada   0x08005ada   0x00000002   PAD
    0x08005adc   0x08005adc   0x00000014   Code   RO         5267    i.vApplicationGetIdleTaskMemory  cmsis_os2.o
    0x08005af0   0x08005af0   0x00000018   Code   RO         5268    i.vApplicationGetTimerTaskMemory  cmsis_os2.o
    0x08005b08   0x08005b08   0x00000016   Code   RO         4270    i.vListInitialise   list.o
    0x08005b1e   0x08005b1e   0x00000006   Code   RO         4271    i.vListInitialiseItem  list.o
    0x08005b24   0x08005b24   0x00000030   Code   RO         4272    i.vListInsert       list.o
    0x08005b54   0x08005b54   0x00000018   Code   RO         4273    i.vListInsertEnd    list.o
    0x08005b6c   0x08005b6c   0x00000040   Code   RO         5676    i.vPortEnterCritical  port.o
    0x08005bac   0x08005bac   0x00000028   Code   RO         5677    i.vPortExitCritical  port.o
    0x08005bd4   0x08005bd4   0x0000005c   Code   RO         5625    i.vPortFree         heap_4.o
    0x08005c30   0x08005c30   0x00000024   Code   RO         5678    i.vPortSetupTimerInterrupt  port.o
    0x08005c54   0x08005c54   0x00000054   Code   RO         5679    i.vPortValidateInterruptPriority  port.o
    0x08005ca8   0x08005ca8   0x00000028   Code   RO         4317    i.vQueueAddToRegistry  queue.o
    0x08005cd0   0x08005cd0   0x0000002e   Code   RO         4318    i.vQueueDelete      queue.o
    0x08005cfe   0x08005cfe   0x00000002   PAD
    0x08005d00   0x08005d00   0x00000028   Code   RO         4320    i.vQueueUnregisterQueue  queue.o
    0x08005d28   0x08005d28   0x00000044   Code   RO         4321    i.vQueueWaitForMessageRestricted  queue.o
    0x08005d6c   0x08005d6c   0x0000004c   Code   RO         4718    i.vTaskDelay        tasks.o
    0x08005db8   0x08005db8   0x00000090   Code   RO         4720    i.vTaskDelete       tasks.o
    0x08005e48   0x08005e48   0x00000010   Code   RO         4723    i.vTaskInternalSetTimeOutState  tasks.o
    0x08005e58   0x08005e58   0x0000000c   Code   RO         4724    i.vTaskMissedYield  tasks.o
    0x08005e64   0x08005e64   0x00000030   Code   RO         4726    i.vTaskPlaceOnEventList  tasks.o
    0x08005e94   0x08005e94   0x00000038   Code   RO         4727    i.vTaskPlaceOnEventListRestricted  tasks.o
    0x08005ecc   0x08005ecc   0x00000090   Code   RO         4729    i.vTaskPriorityDisinheritAfterTimeout  tasks.o
    0x08005f5c   0x08005f5c   0x00000088   Code   RO         4735    i.vTaskStartScheduler  tasks.o
    0x08005fe4   0x08005fe4   0x00000010   Code   RO         4737    i.vTaskSuspendAll   tasks.o
    0x08005ff4   0x08005ff4   0x00000064   Code   RO         4738    i.vTaskSwitchContext  tasks.o
    0x08006058   0x08006058   0x000000a8   Code   RO         5680    i.xPortStartScheduler  port.o
    0x08006100   0x08006100   0x0000003a   Code   RO         4322    i.xQueueCreateCountingSemaphore  queue.o
    0x0800613a   0x0800613a   0x00000040   Code   RO         4323    i.xQueueCreateCountingSemaphoreStatic  queue.o
    0x0800617a   0x0800617a   0x00000048   Code   RO         4326    i.xQueueGenericCreate  queue.o
    0x080061c2   0x080061c2   0x00000066   Code   RO         4327    i.xQueueGenericCreateStatic  queue.o
    0x08006228   0x08006228   0x00000088   Code   RO         4328    i.xQueueGenericReset  queue.o
    0x080062b0   0x080062b0   0x00000160   Code   RO         4329    i.xQueueGenericSend  queue.o
    0x08006410   0x08006410   0x000000bc   Code   RO         4330    i.xQueueGenericSendFromISR  queue.o
    0x080064cc   0x080064cc   0x0000009c   Code   RO         4333    i.xQueueGiveFromISR  queue.o
    0x08006568   0x08006568   0x00000138   Code   RO         4339    i.xQueueReceive     queue.o
    0x080066a0   0x080066a0   0x0000009a   Code   RO         4340    i.xQueueReceiveFromISR  queue.o
    0x0800673a   0x0800673a   0x00000002   PAD
    0x0800673c   0x0800673c   0x00000178   Code   RO         4341    i.xQueueSemaphoreTake  queue.o
    0x080068b4   0x080068b4   0x00000074   Code   RO         4739    i.xTaskCheckForTimeOut  tasks.o
    0x08006928   0x08006928   0x0000005a   Code   RO         4740    i.xTaskCreate       tasks.o
    0x08006982   0x08006982   0x00000056   Code   RO         4741    i.xTaskCreateStatic  tasks.o
    0x080069d8   0x080069d8   0x0000001c   Code   RO         4745    i.xTaskGetSchedulerState  tasks.o
    0x080069f4   0x080069f4   0x0000000c   Code   RO         4746    i.xTaskGetTickCount  tasks.o
    0x08006a00   0x08006a00   0x000000c8   Code   RO         4748    i.xTaskIncrementTick  tasks.o
    0x08006ac8   0x08006ac8   0x00000080   Code   RO         4751    i.xTaskPriorityDisinherit  tasks.o
    0x08006b48   0x08006b48   0x00000078   Code   RO         4752    i.xTaskPriorityInherit  tasks.o
    0x08006bc0   0x08006bc0   0x00000070   Code   RO         4753    i.xTaskRemoveFromEventList  tasks.o
    0x08006c30   0x08006c30   0x000000c4   Code   RO         4754    i.xTaskResumeAll    tasks.o
    0x08006cf4   0x08006cf4   0x00000060   Code   RO         5064    i.xTimerCreateTimerTask  timers.o
    0x08006d54   0x08006d54   0x00000068   Code   RO         5065    i.xTimerGenericCommand  timers.o
    0x08006dbc   0x08006dbc   0x000000d8   Data   RO          229    .constdata          freertos.o
    0x08006e94   0x08006e94   0x00000818   Data   RO          830    .constdata          oled.o
    0x080076ac   0x080076ac   0x00000010   Data   RO         4114    .constdata          system_stm32f1xx.o
    0x080076bc   0x080076bc   0x00000008   Data   RO         4115    .constdata          system_stm32f1xx.o
    0x080076c4   0x080076c4   0x0000005a   Data   RO          230    .conststring        freertos.o
    0x0800771e   0x0800771e   0x00000002   PAD
    0x08007720   0x08007720   0x00000020   Data   RO         6062    Region$$Table       anon$$obj.o


    Execution Region RW_IRAM1 (Exec base: 0x20000000, Load base: 0x08007740, Size: 0x00003dc0, Max: 0x00005000, ABSOLUTE)

    Exec Addr    Load Addr    Size         Type   Attr      Idx    E Section Name        Object

    0x20000000   0x08007740   0x00000018   Data   RW          231    .data               freertos.o
    0x20000018   0x08007758   0x00000002   Data   RW          951    .data               delay.o
    0x2000001a   0x0800775a   0x00000004   Data   RW         1000    .data               usart1.o
    0x2000001e   0x0800775e   0x00000002   PAD
    0x20000020   0x08007760   0x0000000c   Data   RW         1400    .data               stm32f1xx_hal.o
    0x2000002c   0x0800776c   0x00000004   Data   RW         4116    .data               system_stm32f1xx.o
    0x20000030   0x08007770   0x0000003c   Data   RW         4757    .data               tasks.o
    0x2000006c   0x080077ac   0x00000014   Data   RW         5073    .data               timers.o
    0x20000080   0x080077c0   0x00000004   Data   RW         5270    .data               cmsis_os2.o
    0x20000084   0x080077c4   0x00000018   Data   RW         5630    .data               heap_4.o
    0x2000009c   0x080077dc   0x0000000c   Data   RW         5681    .data               port.o
    0x200000a8   0x080077e8   0x00000004   Data   RW         6038    .data               mc_w.l(stdout.o)
    0x200000ac        -       0x00000074   Zero   RW          328    .bss                adc.o
    0x20000120        -       0x000000a8   Zero   RW          395    .bss                i2c.o
    0x200001c8        -       0x00000110   Zero   RW          443    .bss                usart.o
    0x200002d8        -       0x00000048   Zero   RW          651    .bss                stm32f1xx_hal_timebase_tim.o
    0x20000320        -       0x0000000c   Zero   RW          745    .bss                dht11.o
    0x2000032c        -       0x0000002c   Zero   RW          829    .bss                oled.o
    0x20000358        -       0x00000190   Zero   RW          999    .bss                usart1.o
    0x200004e8        -       0x00000040   Zero   RW         4343    .bss                queue.o
    0x20000528        -       0x000004c4   Zero   RW         4756    .bss                tasks.o
    0x200009ec        -       0x00000118   Zero   RW         5072    .bss                timers.o
    0x20000b04        -       0x000006b8   Zero   RW         5269    .bss                cmsis_os2.o
    0x200011bc        -       0x00002800   Zero   RW         5629    .bss                heap_4.o
    0x200039bc   0x080077ec   0x00000004   PAD
    0x200039c0        -       0x00000400   Zero   RW            1    STACK               startup_stm32f103xb.o


==============================================================================

Image component sizes


      Code (inc. data)   RO Data    RW Data    ZI Data      Debug   Object Name

       240         32          0          0        116       1835   adc.o
       784         54          0          4       1720      17797   cmsis_os2.o
       194         24          0          2          0       2692   delay.o
       514         50          0          0         12       6961   dht11.o
        76          4          0          0          0        814   dma.o
         0          0          0          0          0      18748   event_groups.o
      1148        626        306         24          0      13371   freertos.o
       232         22          0          0          0       1031   gpio.o
       460         24          0         24      10240       4799   heap_4.o
       340         44          0          0        168       2406   i2c.o
       138          0          0          0          0       3530   list.o
       192          0          0          0          0     469232   main.o
       860         70       2072          0         44      10862   oled.o
       662         70          0         12          0      11053   port.o
      2478         28          0          0         64      23696   queue.o
        36          8        236          0       1024        824   startup_stm32f103xb.o
        64         14          0         12          0       4766   stm32f1xx_hal.o
       856         24          0          0          0       5251   stm32f1xx_hal_adc.o
         2          0          0          0          0       1101   stm32f1xx_hal_adc_ex.o
       158         14          0          0          0      28298   stm32f1xx_hal_cortex.o
       814         36          0          0          0       5713   stm32f1xx_hal_dma.o
       542         40          0          0          0       5384   stm32f1xx_hal_gpio.o
      4572         70          0          0          0      28753   stm32f1xx_hal_i2c.o
        72         10          0          0          0        914   stm32f1xx_hal_msp.o
      1348        116          0          0          0       6429   stm32f1xx_hal_rcc.o
       236         12          0          0          0       1428   stm32f1xx_hal_rcc_ex.o
       654         26          0          0          0       7224   stm32f1xx_hal_tim.o
         4          0          0          0          0       1609   stm32f1xx_hal_tim_ex.o
       116         14          0          0         72       1483   stm32f1xx_hal_timebase_tim.o
      1882         24          0          0          0      15455   stm32f1xx_hal_uart.o
       186         66          0          0          0       8335   stm32f1xx_it.o
         0          0          0          0          0       8872   stream_buffer.o
         2          0         24          4          0       1179   system_stm32f1xx.o
      2496        208          0         60       1220      27147   tasks.o
       912         82          0         20        280      26243   timers.o
       452         50          0          0        272       2909   usart.o
       344        122          0          4        400       6001   usart1.o

    ----------------------------------------------------------------------
     24128       1984       2672        168      15636     784145   Object Totals
         0          0         32          0          0          0   (incl. Generated)
        62          0          2          2          4          0   (incl. Padding)

    ----------------------------------------------------------------------

      Code (inc. data)   RO Data    RW Data    ZI Data      Debug   Library Member Name

         0          0          0          0          0          0   entry.o
         0          0          0          0          0          0   entry10a.o
         0          0          0          0          0          0   entry11a.o
         8          4          0          0          0          0   entry2.o
         4          0          0          0          0          0   entry5.o
         0          0          0          0          0          0   entry7b.o
         0          0          0          0          0          0   entry8b.o
         8          4          0          0          0          0   entry9a.o
        30          0          0          0          0          0   handlers.o
        36          8          0          0          0         68   init.o
         0          0          0          0          0          0   iusefp.o
        30          0          0          0          0         68   llshl.o
        36          0          0          0          0         68   llsshr.o
        32          0          0          0          0         68   llushr.o
        36          0          0          0          0         68   memcpya.o
        36          0          0          0          0        108   memseta.o
      2258         90          0          0          0        452   printfa.o
         0          0          0          4          0          0   stdout.o
        44          0          0          0          0         80   uidiv.o
        98          0          0          0          0         92   uldiv.o
        48          0          0          0          0         68   cdrcmple.o
       334          0          0          0          0        148   dadd.o
       222          0          0          0          0        100   ddiv.o
       186          0          0          0          0        176   depilogue.o
        48          0          0          0          0         68   dfixul.o
       228          0          0          0          0         96   dmul.o

    ----------------------------------------------------------------------
      3728        106          0          4          0       1728   Library Totals
         6          0          0          0          0          0   (incl. Padding)

    ----------------------------------------------------------------------

      Code (inc. data)   RO Data    RW Data    ZI Data      Debug   Library Name

      2656        106          0          4          0       1072   mc_w.l
      1066          0          0          0          0        656   mf_w.l

    ----------------------------------------------------------------------
      3728        106          0          4          0       1728   Library Totals

    ----------------------------------------------------------------------

==============================================================================


      Code (inc. data)   RO Data    RW Data    ZI Data      Debug   

     27856       2090       2672        172      15636     772349   Grand Totals
     27856       2090       2672        172      15636     772349   ELF Image Totals
     27856       2090       2672        172          0          0   ROM Totals

==============================================================================

    Total RO  Size (Code + RO Data)                30528 (  29.81kB)
    Total RW  Size (RW Data + ZI Data)             15808 (  15.44kB)
    Total ROM Size (Code + RO Data + RW Data)      30700 (  29.98kB)

==============================================================================

