Component: ARM Compiler 5.06 update 6 (build 750) Tool: armlink [4d35ed]

==============================================================================

Section Cross References

    startup_stm32f103xb.o(RESET) refers to startup_stm32f103xb.o(STACK) for __initial_sp
    startup_stm32f103xb.o(RESET) refers to startup_stm32f103xb.o(.text) for Reset_Handler
    startup_stm32f103xb.o(RESET) refers to stm32f1xx_it.o(i.NMI_Handler) for NMI_Handler
    startup_stm32f103xb.o(RESET) refers to stm32f1xx_it.o(i.HardFault_Handler) for HardFault_Handler
    startup_stm32f103xb.o(RESET) refers to stm32f1xx_it.o(i.MemManage_Handler) for MemManage_Handler
    startup_stm32f103xb.o(RESET) refers to stm32f1xx_it.o(i.BusFault_Handler) for BusFault_Handler
    startup_stm32f103xb.o(RESET) refers to stm32f1xx_it.o(i.UsageFault_Handler) for UsageFault_Handler
    startup_stm32f103xb.o(RESET) refers to port.o(.emb_text) for SVC_Handler
    startup_stm32f103xb.o(RESET) refers to stm32f1xx_it.o(i.DebugMon_Handler) for DebugMon_Handler
    startup_stm32f103xb.o(RESET) refers to port.o(i.SysTick_Handler) for SysTick_Handler
    startup_stm32f103xb.o(RESET) refers to stm32f1xx_it.o(i.DMA1_Channel1_IRQHandler) for DMA1_Channel1_IRQHandler
    startup_stm32f103xb.o(RESET) refers to stm32f1xx_it.o(i.DMA1_Channel4_IRQHandler) for DMA1_Channel4_IRQHandler
    startup_stm32f103xb.o(RESET) refers to stm32f1xx_it.o(i.DMA1_Channel5_IRQHandler) for DMA1_Channel5_IRQHandler
    startup_stm32f103xb.o(RESET) refers to stm32f1xx_it.o(i.ADC1_2_IRQHandler) for ADC1_2_IRQHandler
    startup_stm32f103xb.o(RESET) refers to stm32f1xx_it.o(i.TIM2_IRQHandler) for TIM2_IRQHandler
    startup_stm32f103xb.o(RESET) refers to stm32f1xx_it.o(i.I2C1_EV_IRQHandler) for I2C1_EV_IRQHandler
    startup_stm32f103xb.o(RESET) refers to stm32f1xx_it.o(i.I2C1_ER_IRQHandler) for I2C1_ER_IRQHandler
    startup_stm32f103xb.o(RESET) refers to stm32f1xx_it.o(i.I2C2_EV_IRQHandler) for I2C2_EV_IRQHandler
    startup_stm32f103xb.o(RESET) refers to stm32f1xx_it.o(i.I2C2_ER_IRQHandler) for I2C2_ER_IRQHandler
    startup_stm32f103xb.o(RESET) refers to stm32f1xx_it.o(i.USART1_IRQHandler) for USART1_IRQHandler
    startup_stm32f103xb.o(RESET) refers to stm32f1xx_it.o(i.USART2_IRQHandler) for USART2_IRQHandler
    startup_stm32f103xb.o(RESET) refers to stm32f1xx_it.o(i.EXTI15_10_IRQHandler) for EXTI15_10_IRQHandler
    startup_stm32f103xb.o(.text) refers to system_stm32f1xx.o(i.SystemInit) for SystemInit
    startup_stm32f103xb.o(.text) refers to entry.o(.ARM.Collect$$$$00000000) for __main
    main.o(i.HAL_TIM_PeriodElapsedCallback) refers to stm32f1xx_hal.o(i.HAL_IncTick) for HAL_IncTick
    main.o(i.SystemClock_Config) refers to memseta.o(.text) for __aeabi_memclr4
    main.o(i.SystemClock_Config) refers to stm32f1xx_hal_rcc.o(i.HAL_RCC_OscConfig) for HAL_RCC_OscConfig
    main.o(i.SystemClock_Config) refers to stm32f1xx_hal_rcc.o(i.HAL_RCC_ClockConfig) for HAL_RCC_ClockConfig
    main.o(i.SystemClock_Config) refers to stm32f1xx_hal_rcc_ex.o(i.HAL_RCCEx_PeriphCLKConfig) for HAL_RCCEx_PeriphCLKConfig
    main.o(i.main) refers to stm32f1xx_hal.o(i.HAL_Init) for HAL_Init
    main.o(i.main) refers to main.o(i.SystemClock_Config) for SystemClock_Config
    main.o(i.main) refers to gpio.o(i.MX_GPIO_Init) for MX_GPIO_Init
    main.o(i.main) refers to dma.o(i.MX_DMA_Init) for MX_DMA_Init
    main.o(i.main) refers to usart.o(i.MX_USART1_UART_Init) for MX_USART1_UART_Init
    main.o(i.main) refers to adc.o(i.MX_ADC1_Init) for MX_ADC1_Init
    main.o(i.main) refers to i2c.o(i.MX_I2C1_Init) for MX_I2C1_Init
    main.o(i.main) refers to i2c.o(i.MX_I2C2_Init) for MX_I2C2_Init
    main.o(i.main) refers to usart.o(i.MX_USART2_UART_Init) for MX_USART2_UART_Init
    main.o(i.main) refers to delay.o(i.delay_init) for delay_init
    main.o(i.main) refers to freertos.o(i.MX_FREERTOS_Init) for MX_FREERTOS_Init
    main.o(i.main) refers to cmsis_os.o(i.osKernelStart) for osKernelStart
    gpio.o(i.MX_GPIO_Init) refers to stm32f1xx_hal_gpio.o(i.HAL_GPIO_WritePin) for HAL_GPIO_WritePin
    gpio.o(i.MX_GPIO_Init) refers to stm32f1xx_hal_gpio.o(i.HAL_GPIO_Init) for HAL_GPIO_Init
    gpio.o(i.MX_GPIO_Init) refers to stm32f1xx_hal_cortex.o(i.HAL_NVIC_SetPriority) for HAL_NVIC_SetPriority
    gpio.o(i.MX_GPIO_Init) refers to stm32f1xx_hal_cortex.o(i.HAL_NVIC_EnableIRQ) for HAL_NVIC_EnableIRQ
    freertos.o(i.MX_FREERTOS_Init) refers to cmsis_os.o(i.osSemaphoreCreate) for osSemaphoreCreate
    freertos.o(i.MX_FREERTOS_Init) refers to queue.o(i.xQueueSemaphoreTake) for xQueueSemaphoreTake
    freertos.o(i.MX_FREERTOS_Init) refers to memcpya.o(.text) for __aeabi_memcpy4
    freertos.o(i.MX_FREERTOS_Init) refers to cmsis_os.o(i.osThreadCreate) for osThreadCreate
    freertos.o(i.MX_FREERTOS_Init) refers to freertos.o(.data) for .data
    freertos.o(i.MX_FREERTOS_Init) refers to freertos.o(.constdata) for .constdata
    freertos.o(i.StartDefaultTask) refers to cmsis_os.o(i.osDelay) for osDelay
[...]
    I2C_DMAAbort                             0x080026b5   Thumb Code   182  stm32f1xx_hal_i2c.o(i.I2C_DMAAbort)
    i.I2C_ITError                            0x08002770   Section        0  stm32f1xx_hal_i2c.o(i.I2C_ITError)
    I2C_ITError                              0x08002771   Thumb Code   336  stm32f1xx_hal_i2c.o(i.I2C_ITError)
    i.I2C_MasterReceive_BTF                  0x080028c8   Section        0  stm32f1xx_hal_i2c.o(i.I2C_MasterReceive_BTF)
    I2C_MasterReceive_BTF                    0x080028c9   Thumb Code   210  stm32f1xx_hal_i2c.o(i.I2C_MasterReceive_BTF)
    i.I2C_MasterReceive_RXNE                 0x0800299c   Section        0  stm32f1xx_hal_i2c.o(i.I2C_MasterReceive_RXNE)
    I2C_MasterReceive_RXNE                   0x0800299d   Thumb Code   228  stm32f1xx_hal_i2c.o(i.I2C_MasterReceive_RXNE)
    i.I2C_MasterTransmit_BTF                 0x08002a84   Section        0  stm32f1xx_hal_i2c.o(i.I2C_MasterTransmit_BTF)
    I2C_MasterTransmit_BTF                   0x08002a85   Thumb Code   130  stm32f1xx_hal_i2c.o(i.I2C_MasterTransmit_BTF)
    i.I2C_MasterTransmit_TXE                 0x08002b08   Section        0  stm32f1xx_hal_i2c.o(i.I2C_MasterTransmit_TXE)
    I2C_MasterTransmit_TXE                   0x08002b09   Thumb Code   182  stm32f1xx_hal_i2c.o(i.I2C_MasterTransmit_TXE)
    i.I2C_Master_ADDR                        0x08002bc0   Section        0  stm32f1xx_hal_i2c.o(i.I2C_Master_ADDR)
    I2C_Master_ADDR                          0x08002bc1   Thumb Code   340  stm32f1xx_hal_i2c.o(i.I2C_Master_ADDR)
    i.I2C_Master_SB                          0x08002d18   Section        0  stm32f1xx_hal_i2c.o(i.I2C_Master_SB)
    I2C_Master_SB                            0x08002d19   Thumb Code   140  stm32f1xx_hal_i2c.o(i.I2C_Master_SB)
    i.I2C_MemoryTransmit_TXE_BTF             0x08002da4   Section        0  stm32f1xx_hal_i2c.o(i.I2C_MemoryTransmit_TXE_BTF)
    I2C_MemoryTransmit_TXE_BTF               0x08002da5   Thumb Code   160  stm32f1xx_hal_i2c.o(i.I2C_MemoryTransmit_TXE_BTF)
    i.I2C_Slave_ADDR                         0x08002e44   Section        0  stm32f1xx_hal_i2c.o(i.I2C_Slave_ADDR)
    I2C_Slave_ADDR                           0x08002e45   Thumb Code    70  stm32f1xx_hal_i2c.o(i.I2C_Slave_ADDR)
    i.I2C_Slave_AF                           0x08002e8c   Section        0  stm32f1xx_hal_i2c.o(i.I2C_Slave_AF)
    I2C_Slave_AF                             0x08002e8d   Thumb Code   126  stm32f1xx_hal_i2c.o(i.I2C_Slave_AF)
    i.I2C_Slave_STOPF                        0x08002f10   Section        0  stm32f1xx_hal_i2c.o(i.I2C_Slave_STOPF)
    I2C_Slave_STOPF                          0x08002f11   Thumb Code   338  stm32f1xx_hal_i2c.o(i.I2C_Slave_STOPF)
    i.MX_ADC1_Init                           0x0800306c   Section        0  adc.o(i.MX_ADC1_Init)
    i.MX_DMA_Init                            0x080030bc   Section        0  dma.o(i.MX_DMA_Init)
    i.MX_FREERTOS_Init                       0x08003108   Section        0  freertos.o(i.MX_FREERTOS_Init)
    i.MX_GPIO_Init                           0x08003188   Section        0  gpio.o(i.MX_GPIO_Init)
    i.MX_I2C1_Init                           0x08003270   Section        0  i2c.o(i.MX_I2C1_Init)
    i.MX_I2C2_Init                           0x080032b0   Section        0  i2c.o(i.MX_I2C2_Init)
    i.MX_USART1_UART_Init                    0x080032f0   Section        0  usart.o(i.MX_USART1_UART_Init)
    i.MX_USART2_UART_Init                    0x08003340   Section        0  usart.o(i.MX_USART2_UART_Init)
    i.MemManage_Handler                      0x08003378   Section        0  stm32f1xx_it.o(i.MemManage_Handler)
    i.NMI_Handler                            0x0800337a   Section        0  stm32f1xx_it.o(i.NMI_Handler)
    i.StartDefaultTask                       0x0800337c   Section        0  freertos.o(i.StartDefaultTask)
    i.SysTick_Handler                        0x08003384   Section        0  port.o(i.SysTick_Handler)
    i.SystemClock_Config                     0x080033b0   Section        0  main.o(i.SystemClock_Config)
    i.SystemInit                             0x08003428   Section        0  system_stm32f1xx.o(i.SystemInit)
    i.TIM2_IRQHandler                        0x0800342c   Section        0  stm32f1xx_it.o(i.TIM2_IRQHandler)
    i.TIM_Base_SetConfig                     0x08003438   Section        0  stm32f1xx_hal_tim.o(i.TIM_Base_SetConfig)
    i.UART_DMAAbortOnError                   0x080034a4   Section        0  stm32f1xx_hal_uart.o(i.UART_DMAAbortOnError)
    UART_DMAAbortOnError                     0x080034a5   Thumb Code    16  stm32f1xx_hal_uart.o(i.UART_DMAAbortOnError)
    i.UART_DMAError                          0x080034b4   Section        0  stm32f1xx_hal_uart.o(i.UART_DMAError)
    UART_DMAError                            0x080034b5   Thumb Code    74  stm32f1xx_hal_uart.o(i.UART_DMAError)
    i.UART_DMAReceiveCplt                    0x080034fe   Section        0  stm32f1xx_hal_uart.o(i.UART_DMAReceiveCplt)
    UART_DMAReceiveCplt                      0x080034ff   Thumb Code    90  stm32f1xx_hal_uart.o(i.UART_DMAReceiveCplt)
    i.UART_DMARxHalfCplt                     0x08003558   Section        0  stm32f1xx_hal_uart.o(i.UART_DMARxHalfCplt)
    UART_DMARxHalfCplt                       0x08003559   Thumb Code    26  stm32f1xx_hal_uart.o(i.UART_DMARxHalfCplt)
    i.UART_DMATransmitCplt                   0x08003572   Section        0  stm32f1xx_hal_uart.o(i.UART_DMATransmitCplt)
    UART_DMATransmitCplt                     0x08003573   Thumb Code    46  stm32f1xx_hal_uart.o(i.UART_DMATransmitCplt)
    i.UART_DMATxHalfCplt                     0x080035a0   Section        0  stm32f1xx_hal_uart.o(i.UART_DMATxHalfCplt)
    UART_DMATxHalfCplt                       0x080035a1   Thumb Code    10  stm32f1xx_hal_uart.o(i.UART_DMATxHalfCplt)
    i.UART_EndRxTransfer                     0x080035aa   Section        0  stm32f1xx_hal_uart.o(i.UART_EndRxTransfer)
    UART_EndRxTransfer                       0x080035ab   Thumb Code    48  stm32f1xx_hal_uart.o(i.UART_EndRxTransfer)
    i.UART_EndTxTransfer                     0x080035da   Section        0  stm32f1xx_hal_uart.o(i.UART_EndTxTransfer)
    UART_EndTxTransfer                       0x080035db   Thumb Code    18  stm32f1xx_hal_uart.o(i.UART_EndTxTransfer)
    i.UART_Receive_IT                        0x080035ec   Section        0  stm32f1xx_hal_uart.o(i.UART_Receive_IT)
    UART_Receive_IT                          0x080035ed   Thumb Code   182  stm32f1xx_hal_uart.o(i.UART_Receive_IT)
    i.UART_SetConfig                         0x080036a4   Section        0  stm32f1xx_hal_uart.o(i.UART_SetConfig)
    UART_SetConfig                           0x080036a5   Thumb Code   178  stm32f1xx_hal_uart.o(i.UART_SetConfig)
    i.UART_Start_Receive_DMA                 0x0800375c   Section        0  stm32f1xx_hal_uart.o(i.UART_Start_Receive_DMA)
    i.UART_Start_Receive_IT                  0x080037cc   Section        0  stm32f1xx_hal_uart.o(i.UART_Start_Receive_IT)
    i.UART_WaitOnFlagUntilTimeout            0x08003802   Section        0  stm32f1xx_hal_uart.o(i.UART_WaitOnFlagUntilTimeout)
    UART_WaitOnFlagUntilTimeout              0x08003803   Thumb Code   100  stm32f1xx_hal_uart.o(i.UART_WaitOnFlagUntilTimeout)
    i.USART1_IRQHandler                      0x08003868   Section        0  stm32f1xx_it.o(i.USART1_IRQHandler)
    i.USART2_IRQHandler                      0x08003880   Section        0  stm32f1xx_it.o(i.USART2_IRQHandler)
    i.USAR_UART_IDLECallback                 0x0800388c   Section        0  usart1.o(i.USAR_UART_IDLECallback)
    i.USER_UART_IRQHandler                   0x080038e0   Section        0  usart1.o(i.USER_UART_IRQHandler)
    i.UsageFault_Handler                     0x0800390c   Section        0  stm32f1xx_it.o(i.UsageFault_Handler)
    i.__0printf                              0x08003910   Section        0  printfa.o(i.__0printf)
    i.__0vsprintf                            0x08003930   Section        0  printfa.o(i.__0vsprintf)
    i.__NVIC_SetPriority                     0x08003954   Section        0  stm32f1xx_hal_cortex.o(i.__NVIC_SetPriority)
    __NVIC_SetPriority                       0x08003955   Thumb Code    32  stm32f1xx_hal_cortex.o(i.__NVIC_SetPriority)
    i.__scatterload_copy                     0x08003974   Section       14  handlers.o(i.__scatterload_copy)
    i.__scatterload_null                     0x08003982   Section        2  handlers.o(i.__scatterload_null)
    i.__scatterload_zeroinit                 0x08003984   Section       14  handlers.o(i.__scatterload_zeroinit)
    i._fp_digits                             0x08003994   Section        0  printfa.o(i._fp_digits)
    _fp_digits                               0x08003995   Thumb Code   366  printfa.o(i._fp_digits)
    i._printf_core                           0x08003b18   Section        0  printfa.o(i._printf_core)
    _printf_core                             0x08003b19   Thumb Code  1744  printfa.o(i._printf_core)
    i._printf_post_padding                   0x080041f4   Section        0  printfa.o(i._printf_post_padding)
    _printf_post_padding                     0x080041f5   Thumb Code    36  printfa.o(i._printf_post_padding)
    i._printf_pre_padding                    0x08004218   Section        0  printfa.o(i._printf_pre_padding)
    _printf_pre_padding                      0x08004219   Thumb Code    46  printfa.o(i._printf_pre_padding)
    i._sputc                                 0x08004246   Section        0  printfa.o(i._sputc)
    _sputc                                   0x08004247   Thumb Code    10  printfa.o(i._sputc)
    i.delay_init                             0x08004250   Section        0  delay.o(i.delay_init)
    i.delay_ms                               0x08004294   Section        0  delay.o(i.delay_ms)
    i.delay_us                               0x080042cc   Section        0  delay.o(i.delay_us)
    delay_us                                 0x080042cd   Thumb Code    34  delay.o(i.delay_us)
    i.fputc                                  0x080042f8   Section        0  usart1.o(i.fputc)
    i.key_task                               0x08004318   Section        0  freertos.o(i.key_task)
    i.led_task                               0x08004320   Section        0  freertos.o(i.led_task)
    i.main                                   0x08004380   Section        0  main.o(i.main)
    i.makeFreeRtosPriority                   0x080043b2   Section        0  cmsis_os.o(i.makeFreeRtosPriority)
    makeFreeRtosPriority                     0x080043b3   Thumb Code    12  cmsis_os.o(i.makeFreeRtosPriority)
    i.osDelay                                0x080043be   Section        0  cmsis_os.o(i.osDelay)
    i.osKernelStart                          0x080043cc   Section        0  cmsis_os.o(i.osKernelStart)
    i.osSemaphoreCreate                      0x080043d6   Section        0  cmsis_os.o(i.osSemaphoreCreate)
    i.osThreadCreate                         0x08004414   Section        0  cmsis_os.o(i.osThreadCreate)
    i.prvAddCurrentTaskToDelayedList         0x08004468   Section        0  tasks.o(i.prvAddCurrentTaskToDelayedList)
    prvAddCurrentTaskToDelayedList           0x08004469   Thumb Code   102  tasks.o(i.prvAddCurrentTaskToDelayedList)
    i.prvAddNewTaskToReadyList               0x080044d8   Section        0  tasks.o(i.prvAddNewTaskToReadyList)
    prvAddNewTaskToReadyList                 0x080044d9   Thumb Code   194  tasks.o(i.prvAddNewTaskToReadyList)
    i.prvCopyDataToQueue                     0x080045a8   Section        0  queue.o(i.prvCopyDataToQueue)
    prvCopyDataToQueue                       0x080045a9   Thumb Code   108  queue.o(i.prvCopyDataToQueue)
    i.prvDeleteTCB                           0x08004614   Section        0  tasks.o(i.prvDeleteTCB)
    prvDeleteTCB                             0x08004615   Thumb Code    52  tasks.o(i.prvDeleteTCB)
    i.prvHeapInit                            0x08004648   Section        0  heap_4.o(i.prvHeapInit)
    prvHeapInit                              0x08004649   Thumb Code    66  heap_4.o(i.prvHeapInit)
    i.prvIdleTask                            0x08004694   Section        0  tasks.o(i.prvIdleTask)
    prvIdleTask                              0x08004695   Thumb Code    82  tasks.o(i.prvIdleTask)
    i.prvInitialiseNewQueue                  0x080046f4   Section        0  queue.o(i.prvInitialiseNewQueue)
    prvInitialiseNewQueue                    0x080046f5   Thumb Code    22  queue.o(i.prvInitialiseNewQueue)
    i.prvInitialiseNewTask                   0x0800470a   Section        0  tasks.o(i.prvInitialiseNewTask)
    prvInitialiseNewTask                     0x0800470b   Thumb Code   142  tasks.o(i.prvInitialiseNewTask)
    i.prvInsertBlockIntoFreeList             0x08004798   Section        0  heap_4.o(i.prvInsertBlockIntoFreeList)
    prvInsertBlockIntoFreeList               0x08004799   Thumb Code    72  heap_4.o(i.prvInsertBlockIntoFreeList)
    i.prvIsQueueEmpty                        0x080047e4   Section        0  queue.o(i.prvIsQueueEmpty)
    prvIsQueueEmpty                          0x080047e5   Thumb Code    28  queue.o(i.prvIsQueueEmpty)
    i.prvResetNextTaskUnblockTime            0x08004800   Section        0  tasks.o(i.prvResetNextTaskUnblockTime)
    prvResetNextTaskUnblockTime              0x08004801   Thumb Code    26  tasks.o(i.prvResetNextTaskUnblockTime)
    i.prvTaskExitError                       0x08004820   Section        0  port.o(i.prvTaskExitError)
    prvTaskExitError                         0x08004821   Thumb Code    36  port.o(i.prvTaskExitError)
    i.prvUnlockQueue                         0x08004848   Section        0  queue.o(i.prvUnlockQueue)
    prvUnlockQueue                           0x08004849   Thumb Code   106  queue.o(i.prvUnlockQueue)
    i.pvPortMalloc                           0x080048b4   Section        0  heap_4.o(i.pvPortMalloc)
    i.pvTaskIncrementMutexHeldCount          0x0800498c   Section        0  tasks.o(i.pvTaskIncrementMutexHeldCount)
    i.pxPortInitialiseStack                  0x080049a4   Section        0  port.o(i.pxPortInitialiseStack)
    i.u1_printf                              0x080049c8   Section        0  usart1.o(i.u1_printf)
    i.usart1_task                            0x08004a14   Section        0  freertos.o(i.usart1_task)
    i.uxListRemove                           0x08004a60   Section        0  list.o(i.uxListRemove)
    i.vApplicationGetIdleTaskMemory          0x08004a88   Section        0  freertos.o(i.vApplicationGetIdleTaskMemory)
    i.vListInitialise                        0x08004a9c   Section        0  list.o(i.vListInitialise)
    i.vListInitialiseItem                    0x08004ab2   Section        0  list.o(i.vListInitialiseItem)
    i.vListInsert                            0x08004ab8   Section        0  list.o(i.vListInsert)
    i.vListInsertEnd                         0x08004ae8   Section        0  list.o(i.vListInsertEnd)
    i.vPortEnterCritical                     0x08004b00   Section        0  port.o(i.vPortEnterCritical)
    i.vPortExitCritical                      0x08004b40   Section        0  port.o(i.vPortExitCritical)
    i.vPortFree                              0x08004b68   Section        0  heap_4.o(i.vPortFree)
    i.vPortSetupTimerInterrupt               0x08004bc4   Section        0  port.o(i.vPortSetupTimerInterrupt)
    i.vPortValidateInterruptPriority         0x08004be8   Section        0  port.o(i.vPortValidateInterruptPriority)
    i.vTaskDelay                             0x08004c3c   Section        0  tasks.o(i.vTaskDelay)
    i.vTaskInternalSetTimeOutState           0x08004c88   Section        0  tasks.o(i.vTaskInternalSetTimeOutState)
    i.vTaskMissedYield                       0x08004c98   Section        0  tasks.o(i.vTaskMissedYield)
    i.vTaskPlaceOnEventList                  0x08004ca4   Section        0  tasks.o(i.vTaskPlaceOnEventList)
    i.vTaskPriorityDisinheritAfterTimeout    0x08004cd4   Section        0  tasks.o(i.vTaskPriorityDisinheritAfterTimeout)
    i.vTaskStartScheduler                    0x08004d7c   Section        0  tasks.o(i.vTaskStartScheduler)
    i.vTaskSuspendAll                        0x08004de8   Section        0  tasks.o(i.vTaskSuspendAll)
    i.vTaskSwitchContext                     0x08004df8   Section        0  tasks.o(i.vTaskSwitchContext)
    i.xPortStartScheduler                    0x08004e54   Section        0  port.o(i.xPortStartScheduler)
    i.xQueueGenericCreate                    0x08004efc   Section        0  queue.o(i.xQueueGenericCreate)
    i.xQueueGenericCreateStatic              0x08004f44   Section        0  queue.o(i.xQueueGenericCreateStatic)
    i.xQueueGenericReset                     0x08004fac   Section        0  queue.o(i.xQueueGenericReset)
    i.xQueueGenericSend                      0x08005034   Section        0  queue.o(i.xQueueGenericSend)
    i.xQueueGiveFromISR                      0x08005194   Section        0  queue.o(i.xQueueGiveFromISR)
    i.xQueueSemaphoreTake                    0x08005230   Section        0  queue.o(i.xQueueSemaphoreTake)
    i.xTaskCheckForTimeOut                   0x080053a8   Section        0  tasks.o(i.xTaskCheckForTimeOut)
    i.xTaskCreate                            0x0800541c   Section        0  tasks.o(i.xTaskCreate)
    i.xTaskCreateStatic                      0x08005476   Section        0  tasks.o(i.xTaskCreateStatic)
    i.xTaskGetSchedulerState                 0x080054cc   Section        0  tasks.o(i.xTaskGetSchedulerState)
    i.xTaskIncrementTick                     0x080054e8   Section        0  tasks.o(i.xTaskIncrementTick)
    i.xTaskPriorityDisinherit                0x080055b0   Section        0  tasks.o(i.xTaskPriorityDisinherit)
    i.xTaskPriorityInherit                   0x08005648   Section        0  tasks.o(i.xTaskPriorityInherit)
    i.xTaskRemoveFromEventList               0x080056dc   Section        0  tasks.o(i.xTaskRemoveFromEventList)
    i.xTaskResumeAll                         0x08005750   Section        0  tasks.o(i.xTaskResumeAll)
    .constdata                               0x08005814   Section      121  freertos.o(.constdata)
    __FUNCTION__                             0x08005884   Data           9  freertos.o(.constdata)
    .constdata                               0x0800588d   Section       16  system_stm32f1xx.o(.constdata)
    .constdata                               0x0800589d   Section        8  system_stm32f1xx.o(.constdata)
    .conststring                             0x080058a8   Section       48  freertos.o(.conststring)
    .data                                    0x20000000   Section       20  freertos.o(.data)
    .data                                    0x20000014   Section        2  delay.o(.data)
    fac_ms                                   0x20000014   Data           2  delay.o(.data)
    .data                                    0x20000016   Section        4  usart1.o(.data)
    .data                                    0x2000001c   Section       12  stm32f1xx_hal.o(.data)
    .data                                    0x20000028   Section        4  system_stm32f1xx.o(.data)
    .data                                    0x2000002c   Section       60  tasks.o(.data)
    pxDelayedTaskList                        0x20000030   Data           4  tasks.o(.data)
    pxOverflowDelayedTaskList                0x20000034   Data           4  tasks.o(.data)
    uxDeletedTasksWaitingCleanUp             0x20000038   Data           4  tasks.o(.data)
    uxCurrentNumberOfTasks                   0x2000003c   Data           4  tasks.o(.data)
    xTickCount                               0x20000040   Data           4  tasks.o(.data)
    uxTopReadyPriority                       0x20000044   Data           4  tasks.o(.data)
    xSchedulerRunning                        0x20000048   Data           4  tasks.o(.data)
    uxPendedTicks                            0x2000004c   Data           4  tasks.o(.data)
    xYieldPending                            0x20000050   Data           4  tasks.o(.data)
    xNumOfOverflows                          0x20000054   Data           4  tasks.o(.data)
    uxTaskNumber                             0x20000058   Data           4  tasks.o(.data)
    xNextTaskUnblockTime                     0x2000005c   Data           4  tasks.o(.data)
    xIdleTaskHandle                          0x20000060   Data           4  tasks.o(.data)
    uxSchedulerSuspended                     0x20000064   Data           4  tasks.o(.data)
    .data                                    0x20000068   Section       24  heap_4.o(.data)
    pxEnd                                    0x20000068   Data           4  heap_4.o(.data)
    xFreeBytesRemaining                      0x2000006c   Data           4  heap_4.o(.data)
    xMinimumEverFreeBytesRemaining           0x20000070   Data           4  heap_4.o(.data)
    xBlockAllocatedBit                       0x20000074   Data           4  heap_4.o(.data)
    xStart                                   0x20000078   Data           8  heap_4.o(.data)
    .data                                    0x20000080   Section       12  port.o(.data)
    ucMaxSysCallPriority                     0x20000080   Data           1  port.o(.data)
    uxCriticalNesting                        0x20000084   Data           4  port.o(.data)
    ulMaxPRIGROUPValue                       0x20000088   Data           4  port.o(.data)
    .data                                    0x2000008c   Section        4  stdout.o(.data)
    .bss                                     0x20000090   Section      596  freertos.o(.bss)
    xIdleTaskTCBBuffer                       0x20000090   Data          84  freertos.o(.bss)
    xIdleStack                               0x200000e4   Data         512  freertos.o(.bss)
    .bss                                     0x200002e4   Section      116  adc.o(.bss)
    .bss                                     0x20000358   Section      168  i2c.o(.bss)
    .bss                                     0x20000400   Section      272  usart.o(.bss)
    .bss                                     0x20000510   Section       72  stm32f1xx_hal_timebase_tim.o(.bss)
    .bss                                     0x20000558   Section      400  usart1.o(.bss)
    .bss                                     0x200006e8   Section      240  tasks.o(.bss)
    pxReadyTasksLists                        0x200006e8   Data         140  tasks.o(.bss)
    xDelayedTaskList1                        0x20000774   Data          20  tasks.o(.bss)
    xDelayedTaskList2                        0x20000788   Data          20  tasks.o(.bss)
    xPendingReadyList                        0x2000079c   Data          20  tasks.o(.bss)
    xTasksWaitingTermination                 0x200007b0   Data          20  tasks.o(.bss)
    xSuspendedTaskList                       0x200007c4   Data          20  tasks.o(.bss)
    .bss                                     0x200007d8   Section    10240  heap_4.o(.bss)
    ucHeap                                   0x200007d8   Data       10240  heap_4.o(.bss)
    STACK                                    0x20002fd8   Section     1024  startup_stm32f103xb.o(STACK)

    Global Symbols

    Symbol Name                              Value     Ov Type        Size  Object(Section)

    BuildAttributes$$THM_ISAv4$P$D$K$B$S$PE$A:L22UL41UL21$X:L11$S22US41US21$IEEE1$IW$USESV6$~STKCKD$USESV7$~SHL$OSPACE$ROPI$EBA8$MICROLIB$REQ8$PRES8$EABIv2 0x00000000   Number         0  anon$$obj.o ABSOLUTE
    __ARM_use_no_argv                        0x00000000   Number         0  main.o ABSOLUTE
    _printf_a                                0x00000000   Number         0  stubs.o ABSOLUTE
    _printf_c                                0x00000000   Number         0  stubs.o ABSOLUTE
    _printf_charcount                        0x00000000   Number         0  stubs.o ABSOLUTE
    _printf_d                                0x00000000   Number         0  stubs.o ABSOLUTE
    _printf_e                                0x00000000   Number         0  stubs.o ABSOLUTE
    _printf_f                                0x00000000   Number         0  stubs.o ABSOLUTE
    _printf_flags                            0x00000000   Number         0  stubs.o ABSOLUTE
    _printf_fp_dec                           0x00000000   Number         0  stubs.o ABSOLUTE
    _printf_fp_hex                           0x00000000   Number         0  stubs.o ABSOLUTE
    _printf_g                                0x00000000   Number         0  stubs.o ABSOLUTE
    _printf_i                                0x00000000   Number         0  stubs.o ABSOLUTE
    _printf_int_dec                          0x00000000   Number         0  stubs.o ABSOLUTE
    _printf_l                                0x00000000   Number         0  stubs.o ABSOLUTE
    _printf_lc                               0x00000000   Number         0  stubs.o ABSOLUTE
    _printf_ll                               0x00000000   Number         0  stubs.o ABSOLUTE
    _printf_lld                              0x00000000   Number         0  stubs.o ABSOLUTE
    _printf_lli                              0x00000000   Number         0  stubs.o ABSOLUTE
    _printf_llo                              0x00000000   Number         0  stubs.o ABSOLUTE
    _printf_llu                              0x00000000   Number         0  stubs.o ABSOLUTE
    _printf_llx                              0x00000000   Number         0  stubs.o ABSOLUTE
    _printf_longlong_dec                     0x00000000   Number         0  stubs.o ABSOLUTE
    _printf_longlong_hex                     0x00000000   Number         0  stubs.o ABSOLUTE
    _printf_longlong_oct                     0x00000000   Number         0  stubs.o ABSOLUTE
    _printf_ls                               0x00000000   Number         0  stubs.o ABSOLUTE
    _printf_mbtowc                           0x00000000   Number         0  stubs.o ABSOLUTE
    _printf_n                                0x00000000   Number         0  stubs.o ABSOLUTE
    _printf_o                                0x00000000   Number         0  stubs.o ABSOLUTE
    _printf_p                                0x00000000   Number         0  stubs.o ABSOLUTE
    _printf_percent                          0x00000000   Number         0  stubs.o ABSOLUTE
    _printf_pre_padding                      0x00000000   Number         0  stubs.o ABSOLUTE
    _printf_return_value                     0x00000000   Number         0  stubs.o ABSOLUTE
    _printf_s                                0x00000000   Number         0  stubs.o ABSOLUTE
    _printf_sizespec                         0x00000000   Number         0  stubs.o ABSOLUTE
    _printf_str                              0x00000000   Number         0  stubs.o ABSOLUTE
    _printf_truncate_signed                  0x00000000   Number         0  stubs.o ABSOLUTE
    _printf_truncate_unsigned                0x00000000   Number         0  stubs.o ABSOLUTE
    _printf_u                                0x00000000   Number         0  stubs.o ABSOLUTE
    _printf_wc                               0x00000000   Number         0  stubs.o ABSOLUTE
    _printf_wctomb                           0x00000000   Number         0  stubs.o ABSOLUTE
    _printf_widthprec                        0x00000000   Number         0  stubs.o ABSOLUTE
    _printf_x                                0x00000000   Number         0  stubs.o ABSOLUTE
    __cpp_initialize__aeabi_                  - Undefined Weak Reference
    __cxa_finalize                            - Undefined Weak Reference
    __decompress                              - Undefined Weak Reference
    _clock_init                               - Undefined Weak Reference
    _microlib_exit                            - Undefined Weak Reference
    __Vectors_Size                           0x000000ec   Number         0  startup_stm32f103xb.o ABSOLUTE
    __Vectors                                0x08000000   Data           4  startup_stm32f103xb.o(RESET)
    __Vectors_End                            0x080000ec   Data           0  startup_stm32f103xb.o(RESET)
    __main                                   0x080000ed   Thumb Code     0  entry.o(.ARM.Collect$$$$00000000)
    _main_stk                                0x080000ed   Thumb Code     0  entry2.o(.ARM.Collect$$$$00000001)
    _main_scatterload                        0x080000f1   Thumb Code     0  entry5.o(.ARM.Collect$$$$00000004)
    __main_after_scatterload                 0x080000f5   Thumb Code     0  entry5.o(.ARM.Collect$$$$00000004)
    _main_clock                              0x080000f5   Thumb Code     0  entry7b.o(.ARM.Collect$$$$00000008)
    _main_cpp_init                           0x080000f5   Thumb Code     0  entry8b.o(.ARM.Collect$$$$0000000A)
    _main_init                               0x080000f5   Thumb Code     0  entry9a.o(.ARM.Collect$$$$0000000B)
    __rt_final_cpp                           0x080000fd   Thumb Code     0  entry10a.o(.ARM.Collect$$$$0000000D)
    __rt_final_exit                          0x080000fd   Thumb Code     0  entry11a.o(.ARM.Collect$$$$0000000F)
    SVC_Handler                              0x08000101   Thumb Code    32  port.o(.emb_text)
    __asm___6_port_c_39a90d8d__prvStartFirstTask 0x08000125   Thumb Code    28  port.o(.emb_text)
    PendSV_Handler                           0x08000145   Thumb Code    72  port.o(.emb_text)
    vPortGetIPSR                             0x08000191   Thumb Code     6  port.o(.emb_text)
    Reset_Handler                            0x08000199   Thumb Code     8  startup_stm32f103xb.o(.text)
    CAN1_RX1_IRQHandler                      0x080001b3   Thumb Code     0  startup_stm32f103xb.o(.text)
    CAN1_SCE_IRQHandler                      0x080001b3   Thumb Code     0  startup_stm32f103xb.o(.text)
    DMA1_Channel2_IRQHandler                 0x080001b3   Thumb Code     0  startup_stm32f103xb.o(.text)
    DMA1_Channel3_IRQHandler                 0x080001b3   Thumb Code     0  startup_stm32f103xb.o(.text)
    DMA1_Channel6_IRQHandler                 0x080001b3   Thumb Code     0  startup_stm32f103xb.o(.text)
    DMA1_Channel7_IRQHandler                 0x080001b3   Thumb Code     0  startup_stm32f103xb.o(.text)
    EXTI0_IRQHandler                         0x080001b3   Thumb Code     0  startup_stm32f103xb.o(.text)
    EXTI1_IRQHandler                         0x080001b3   Thumb Code     0  startup_stm32f103xb.o(.text)
    EXTI2_IRQHandler                         0x080001b3   Thumb Code     0  startup_stm32f103xb.o(.text)
    EXTI3_IRQHandler                         0x080001b3   Thumb Code     0  startup_stm32f103xb.o(.text)
    EXTI4_IRQHandler                         0x080001b3   Thumb Code     0  startup_stm32f103xb.o(.text)
    EXTI9_5_IRQHandler                       0x080001b3   Thumb Code     0  startup_stm32f103xb.o(.text)
    FLASH_IRQHandler                         0x080001b3   Thumb Code     0  startup_stm32f103xb.o(.text)
    PVD_IRQHandler                           0x080001b3   Thumb Code     0  startup_stm32f103xb.o(.text)
    RCC_IRQHandler                           0x080001b3   Thumb Code     0  startup_stm32f103xb.o(.text)
    RTC_Alarm_IRQHandler                     0x080001b3   Thumb Code     0  startup_stm32f103xb.o(.text)
    RTC_IRQHandler                           0x080001b3   Thumb Code     0  startup_stm32f103xb.o(.text)
    SPI1_IRQHandler                          0x080001b3   Thumb Code     0  startup_stm32f103xb.o(.text)
    SPI2_IRQHandler                          0x080001b3   Thumb Code     0  startup_stm32f103xb.o(.text)
    TAMPER_IRQHandler                        0x080001b3   Thumb Code     0  startup_stm32f103xb.o(.text)
    TIM1_BRK_IRQHandler                      0x080001b3   Thumb Code     0  startup_stm32f103xb.o(.text)
    TIM1_CC_IRQHandler                       0x080001b3   Thumb Code     0  startup_stm32f103xb.o(.text)
    TIM1_TRG_COM_IRQHandler                  0x080001b3   Thumb Code     0  startup_stm32f103xb.o(.text)
    TIM1_UP_IRQHandler                       0x080001b3   Thumb Code     0  startup_stm32f103xb.o(.text)
    TIM3_IRQHandler                          0x080001b3   Thumb Code     0  startup_stm32f103xb.o(.text)
    TIM4_IRQHandler                          0x080001b3   Thumb Code     0  startup_stm32f103xb.o(.text)
    USART3_IRQHandler                        0x080001b3   Thumb Code     0  startup_stm32f103xb.o(.text)
    USBWakeUp_IRQHandler                     0x080001b3   Thumb Code     0  startup_stm32f103xb.o(.text)
    USB_HP_CAN1_TX_IRQHandler                0x080001b3   Thumb Code     0  startup_stm32f103xb.o(.text)
    USB_LP_CAN1_RX0_IRQHandler               0x080001b3   Thumb Code     0  startup_stm32f103xb.o(.text)
    WWDG_IRQHandler                          0x080001b3   Thumb Code     0  startup_stm32f103xb.o(.text)
    __aeabi_llsr                             0x080001bd   Thumb Code    32  llushr.o(.text)
    _ll_ushift_r                             0x080001bd   Thumb Code     0  llushr.o(.text)
    __aeabi_memcpy                           0x080001dd   Thumb Code    36  memcpya.o(.text)
    __aeabi_memcpy4                          0x080001dd   Thumb Code     0  memcpya.o(.text)
    __aeabi_memcpy8                          0x080001dd   Thumb Code     0  memcpya.o(.text)
    __aeabi_memset                           0x08000201   Thumb Code    14  memseta.o(.text)
    __aeabi_memset4                          0x08000201   Thumb Code     0  memseta.o(.text)
    __aeabi_memset8                          0x08000201   Thumb Code     0  memseta.o(.text)
    __aeabi_memclr                           0x0800020f   Thumb Code     4  memseta.o(.text)
    __aeabi_memclr4                          0x0800020f   Thumb Code     0  memseta.o(.text)
    __aeabi_memclr8                          0x0800020f   Thumb Code     0  memseta.o(.text)
    memset                                   0x08000213   Thumb Code    18  memseta.o(.text)
    strlen                                   0x08000225   Thumb Code    14  strlen.o(.text)
    __aeabi_uidiv                            0x08000233   Thumb Code     0  uidiv.o(.text)
    __aeabi_uidivmod                         0x08000233   Thumb Code    44  uidiv.o(.text)
    __aeabi_uldivmod                         0x0800025f   Thumb Code    98  uldiv.o(.text)
    __I$use$fp                               0x080002c1   Thumb Code     0  iusefp.o(.text)
    __aeabi_dadd                             0x080002c1   Thumb Code   322  dadd.o(.text)
    __aeabi_dsub                             0x08000403   Thumb Code     6  dadd.o(.text)
    __aeabi_drsub                            0x08000409   Thumb Code     6  dadd.o(.text)
    __aeabi_dmul                             0x0800040f   Thumb Code   228  dmul.o(.text)
    __aeabi_ddiv                             0x080004f3   Thumb Code   222  ddiv.o(.text)
    __aeabi_d2ulz                            0x080005d1   Thumb Code    48  dfixul.o(.text)
    __aeabi_cdrcmple                         0x08000601   Thumb Code    48  cdrcmple.o(.text)
    __scatterload                            0x08000631   Thumb Code    28  init.o(.text)
    __scatterload_rt2                        0x08000631   Thumb Code     0  init.o(.text)
    __aeabi_llsl                             0x08000655   Thumb Code    30  llshl.o(.text)
    _ll_shift_l                              0x08000655   Thumb Code     0  llshl.o(.text)
    __aeabi_lasr                             0x08000673   Thumb Code    36  llsshr.o(.text)
    _ll_sshift_r                             0x08000673   Thumb Code     0  llsshr.o(.text)
    _double_round                            0x08000697   Thumb Code    30  depilogue.o(.text)
    _double_epilogue                         0x080006b5   Thumb Code   156  depilogue.o(.text)
    ADC1_2_IRQHandler                        0x08000751   Thumb Code     6  stm32f1xx_it.o(i.ADC1_2_IRQHandler)
    ADC_ConversionStop_Disable               0x0800075d   Thumb Code    86  stm32f1xx_hal_adc.o(i.ADC_ConversionStop_Disable)
    BusFault_Handler                         0x080007b3   Thumb Code     2  stm32f1xx_it.o(i.BusFault_Handler)
    DMA1_Channel1_IRQHandler                 0x080007b5   Thumb Code     6  stm32f1xx_it.o(i.DMA1_Channel1_IRQHandler)
    DMA1_Channel4_IRQHandler                 0x080007c1   Thumb Code     6  stm32f1xx_it.o(i.DMA1_Channel4_IRQHandler)
    DMA1_Channel5_IRQHandler                 0x080007cd   Thumb Code     6  stm32f1xx_it.o(i.DMA1_Channel5_IRQHandler)
    DebugMon_Handler                         0x08000803   Thumb Code     2  stm32f1xx_it.o(i.DebugMon_Handler)
    EXTI15_10_IRQHandler                     0x08000805   Thumb Code    30  stm32f1xx_it.o(i.EXTI15_10_IRQHandler)
    Error_Handler                            0x08000823   Thumb Code     4  main.o(i.Error_Handler)
    HAL_ADCEx_InjectedConvCpltCallback       0x08000827   Thumb Code     2  stm32f1xx_hal_adc_ex.o(i.HAL_ADCEx_InjectedConvCpltCallback)
    HAL_ADC_ConfigChannel                    0x08000829   Thumb Code   240  stm32f1xx_hal_adc.o(i.HAL_ADC_ConfigChannel)
    HAL_ADC_ConvCpltCallback                 0x08000925   Thumb Code     2  stm32f1xx_hal_adc.o(i.HAL_ADC_ConvCpltCallback)
    HAL_ADC_IRQHandler                       0x08000927   Thumb Code   230  stm32f1xx_hal_adc.o(i.HAL_ADC_IRQHandler)
    HAL_ADC_Init                             0x08000a0d   Thumb Code   272  stm32f1xx_hal_adc.o(i.HAL_ADC_Init)
    HAL_ADC_LevelOutOfWindowCallback         0x08000b29   Thumb Code     2  stm32f1xx_hal_adc.o(i.HAL_ADC_LevelOutOfWindowCallback)
    HAL_ADC_MspInit                          0x08000b2d   Thumb Code   138  adc.o(i.HAL_ADC_MspInit)
    HAL_DMA_Abort                            0x08000bcd   Thumb Code    70  stm32f1xx_hal_dma.o(i.HAL_DMA_Abort)
    HAL_DMA_Abort_IT                         0x08000c15   Thumb Code   148  stm32f1xx_hal_dma.o(i.HAL_DMA_Abort_IT)
    HAL_DMA_GetState                         0x08000cad   Thumb Code     6  stm32f1xx_hal_dma.o(i.HAL_DMA_GetState)
    HAL_DMA_IRQHandler                       0x08000cb5   Thumb Code   316  stm32f1xx_hal_dma.o(i.HAL_DMA_IRQHandler)
    HAL_DMA_Init                             0x08000e09   Thumb Code    84  stm32f1xx_hal_dma.o(i.HAL_DMA_Init)
    HAL_DMA_Start_IT                         0x08000e65   Thumb Code   112  stm32f1xx_hal_dma.o(i.HAL_DMA_Start_IT)
    HAL_GPIO_EXTI_Callback                   0x08000ed5   Thumb Code     2  stm32f1xx_hal_gpio.o(i.HAL_GPIO_EXTI_Callback)
    HAL_GPIO_EXTI_IRQHandler                 0x08000ed9   Thumb Code    18  stm32f1xx_hal_gpio.o(i.HAL_GPIO_EXTI_IRQHandler)
    HAL_GPIO_Init                            0x08000ef1   Thumb Code   446  stm32f1xx_hal_gpio.o(i.HAL_GPIO_Init)
    HAL_GPIO_TogglePin                       0x080010d1   Thumb Code    16  stm32f1xx_hal_gpio.o(i.HAL_GPIO_TogglePin)
    HAL_GPIO_WritePin                        0x080010e1   Thumb Code    10  stm32f1xx_hal_gpio.o(i.HAL_GPIO_WritePin)
    HAL_GetTick                              0x080010ed   Thumb Code     6  stm32f1xx_hal.o(i.HAL_GetTick)
    HAL_I2C_AbortCpltCallback                0x080010f9   Thumb Code     2  stm32f1xx_hal_i2c.o(i.HAL_I2C_AbortCpltCallback)
    HAL_I2C_AddrCallback                     0x080010fb   Thumb Code     2  stm32f1xx_hal_i2c.o(i.HAL_I2C_AddrCallback)
    HAL_I2C_ER_IRQHandler                    0x080010fd   Thumb Code   196  stm32f1xx_hal_i2c.o(i.HAL_I2C_ER_IRQHandler)
    HAL_I2C_EV_IRQHandler                    0x080011c1   Thumb Code   560  stm32f1xx_hal_i2c.o(i.HAL_I2C_EV_IRQHandler)
    HAL_I2C_ErrorCallback                    0x080013f1   Thumb Code     2  stm32f1xx_hal_i2c.o(i.HAL_I2C_ErrorCallback)
    HAL_I2C_Init                             0x080013f5   Thumb Code   376  stm32f1xx_hal_i2c.o(i.HAL_I2C_Init)
    HAL_I2C_ListenCpltCallback               0x0800157d   Thumb Code     2  stm32f1xx_hal_i2c.o(i.HAL_I2C_ListenCpltCallback)
    HAL_I2C_MasterRxCpltCallback             0x0800157f   Thumb Code     2  stm32f1xx_hal_i2c.o(i.HAL_I2C_MasterRxCpltCallback)
    HAL_I2C_MasterTxCpltCallback             0x08001581   Thumb Code     2  stm32f1xx_hal_i2c.o(i.HAL_I2C_MasterTxCpltCallback)
    HAL_I2C_MemRxCpltCallback                0x08001583   Thumb Code     2  stm32f1xx_hal_i2c.o(i.HAL_I2C_MemRxCpltCallback)
    HAL_I2C_MemTxCpltCallback                0x08001585   Thumb Code     2  stm32f1xx_hal_i2c.o(i.HAL_I2C_MemTxCpltCallback)
    HAL_I2C_MspInit                          0x08001589   Thumb Code   196  i2c.o(i.HAL_I2C_MspInit)
    HAL_I2C_SlaveRxCpltCallback              0x0800165d   Thumb Code     2  stm32f1xx_hal_i2c.o(i.HAL_I2C_SlaveRxCpltCallback)
    HAL_I2C_SlaveTxCpltCallback              0x0800165f   Thumb Code     2  stm32f1xx_hal_i2c.o(i.HAL_I2C_SlaveTxCpltCallback)
    HAL_IncTick                              0x08001661   Thumb Code    12  stm32f1xx_hal.o(i.HAL_IncTick)
    HAL_Init                                 0x08001671   Thumb Code    32  stm32f1xx_hal.o(i.HAL_Init)
    HAL_InitTick                             0x08001695   Thumb Code   102  stm32f1xx_hal_timebase_tim.o(i.HAL_InitTick)
    HAL_MspInit                              0x08001709   Thumb Code    62  stm32f1xx_hal_msp.o(i.HAL_MspInit)
    HAL_NVIC_EnableIRQ                       0x08001751   Thumb Code    26  stm32f1xx_hal_cortex.o(i.HAL_NVIC_EnableIRQ)
    HAL_NVIC_SetPriority                     0x0800176d   Thumb Code    60  stm32f1xx_hal_cortex.o(i.HAL_NVIC_SetPriority)
    HAL_NVIC_SetPriorityGrouping             0x080017ad   Thumb Code    26  stm32f1xx_hal_cortex.o(i.HAL_NVIC_SetPriorityGrouping)
    HAL_RCCEx_PeriphCLKConfig                0x080017d1   Thumb Code   224  stm32f1xx_hal_rcc_ex.o(i.HAL_RCCEx_PeriphCLKConfig)
    HAL_RCC_ClockConfig                      0x080018bd   Thumb Code   280  stm32f1xx_hal_rcc.o(i.HAL_RCC_ClockConfig)
    HAL_RCC_GetClockConfig                   0x080019e9   Thumb Code    54  stm32f1xx_hal_rcc.o(i.HAL_RCC_GetClockConfig)
    HAL_RCC_GetHCLKFreq                      0x08001a29   Thumb Code     6  stm32f1xx_hal_rcc.o(i.HAL_RCC_GetHCLKFreq)
    HAL_RCC_GetPCLK1Freq                     0x08001a35   Thumb Code    20  stm32f1xx_hal_rcc.o(i.HAL_RCC_GetPCLK1Freq)
    HAL_RCC_GetPCLK2Freq                     0x08001a55   Thumb Code    20  stm32f1xx_hal_rcc.o(i.HAL_RCC_GetPCLK2Freq)
    HAL_RCC_GetSysClockFreq                  0x08001a75   Thumb Code    74  stm32f1xx_hal_rcc.o(i.HAL_RCC_GetSysClockFreq)
    HAL_RCC_OscConfig                        0x08001ae1   Thumb Code   778  stm32f1xx_hal_rcc.o(i.HAL_RCC_OscConfig)
    HAL_TIMEx_BreakCallback                  0x08001e01   Thumb Code     2  stm32f1xx_hal_tim_ex.o(i.HAL_TIMEx_BreakCallback)
    HAL_TIMEx_CommutCallback                 0x08001e03   Thumb Code     2  stm32f1xx_hal_tim_ex.o(i.HAL_TIMEx_CommutCallback)
    HAL_TIM_Base_Init                        0x08001e05   Thumb Code    90  stm32f1xx_hal_tim.o(i.HAL_TIM_Base_Init)
    HAL_TIM_Base_MspInit                     0x08001e5f   Thumb Code     2  stm32f1xx_hal_tim.o(i.HAL_TIM_Base_MspInit)
    HAL_TIM_Base_Start_IT                    0x08001e61   Thumb Code    76  stm32f1xx_hal_tim.o(i.HAL_TIM_Base_Start_IT)
    HAL_TIM_IC_CaptureCallback               0x08001eb9   Thumb Code     2  stm32f1xx_hal_tim.o(i.HAL_TIM_IC_CaptureCallback)
    HAL_TIM_IRQHandler                       0x08001ebb   Thumb Code   358  stm32f1xx_hal_tim.o(i.HAL_TIM_IRQHandler)
    HAL_TIM_OC_DelayElapsedCallback          0x08002021   Thumb Code     2  stm32f1xx_hal_tim.o(i.HAL_TIM_OC_DelayElapsedCallback)
    HAL_TIM_PWM_PulseFinishedCallback        0x08002023   Thumb Code     2  stm32f1xx_hal_tim.o(i.HAL_TIM_PWM_PulseFinishedCallback)
    HAL_TIM_PeriodElapsedCallback            0x08002025   Thumb Code    14  main.o(i.HAL_TIM_PeriodElapsedCallback)
    HAL_TIM_TriggerCallback                  0x08002033   Thumb Code     2  stm32f1xx_hal_tim.o(i.HAL_TIM_TriggerCallback)
    HAL_UARTEx_RxEventCallback               0x08002035   Thumb Code     2  stm32f1xx_hal_uart.o(i.HAL_UARTEx_RxEventCallback)
    HAL_UART_DMAStop                         0x08002037   Thumb Code    88  stm32f1xx_hal_uart.o(i.HAL_UART_DMAStop)
    HAL_UART_ErrorCallback                   0x0800208f   Thumb Code     2  stm32f1xx_hal_uart.o(i.HAL_UART_ErrorCallback)
    HAL_UART_IRQHandler                      0x08002091   Thumb Code   520  stm32f1xx_hal_uart.o(i.HAL_UART_IRQHandler)
    HAL_UART_Init                            0x0800229d   Thumb Code    98  stm32f1xx_hal_uart.o(i.HAL_UART_Init)
    HAL_UART_MspInit                         0x08002301   Thumb Code   290  usart.o(i.HAL_UART_MspInit)
    HAL_UART_Receive_DMA                     0x0800243d   Thumb Code    42  stm32f1xx_hal_uart.o(i.HAL_UART_Receive_DMA)
    HAL_UART_Receive_IT                      0x08002467   Thumb Code    42  stm32f1xx_hal_uart.o(i.HAL_UART_Receive_IT)
    HAL_UART_RxCpltCallback                  0x08002491   Thumb Code    96  usart1.o(i.HAL_UART_RxCpltCallback)
    HAL_UART_RxHalfCpltCallback              0x08002521   Thumb Code     2  stm32f1xx_hal_uart.o(i.HAL_UART_RxHalfCpltCallback)
    HAL_UART_Transmit                        0x08002525   Thumb Code   178  stm32f1xx_hal_uart.o(i.HAL_UART_Transmit)
    HAL_UART_Transmit_DMA                    0x080025d9   Thumb Code   114  stm32f1xx_hal_uart.o(i.HAL_UART_Transmit_DMA)
    HAL_UART_TxCpltCallback                  0x08002659   Thumb Code    26  usart1.o(i.HAL_UART_TxCpltCallback)
    HAL_UART_TxHalfCpltCallback              0x08002681   Thumb Code     2  stm32f1xx_hal_uart.o(i.HAL_UART_TxHalfCpltCallback)
    HardFault_Handler                        0x08002683   Thumb Code     2  stm32f1xx_it.o(i.HardFault_Handler)
    I2C1_ER_IRQHandler                       0x08002685   Thumb Code     6  stm32f1xx_it.o(i.I2C1_ER_IRQHandler)
    I2C1_EV_IRQHandler                       0x08002691   Thumb Code     6  stm32f1xx_it.o(i.I2C1_EV_IRQHandler)
    I2C2_ER_IRQHandler                       0x0800269d   Thumb Code     6  stm32f1xx_it.o(i.I2C2_ER_IRQHandler)
    I2C2_EV_IRQHandler                       0x080026a9   Thumb Code     6  stm32f1xx_it.o(i.I2C2_EV_IRQHandler)
    MX_ADC1_Init                             0x0800306d   Thumb Code    70  adc.o(i.MX_ADC1_Init)
    MX_DMA_Init                              0x080030bd   Thumb Code    72  dma.o(i.MX_DMA_Init)
    MX_FREERTOS_Init                         0x08003109   Thumb Code   120  freertos.o(i.MX_FREERTOS_Init)
    MX_GPIO_Init                             0x08003189   Thumb Code   210  gpio.o(i.MX_GPIO_Init)
    MX_I2C1_Init                             0x08003271   Thumb Code    50  i2c.o(i.MX_I2C1_Init)
    MX_I2C2_Init                             0x080032b1   Thumb Code    50  i2c.o(i.MX_I2C2_Init)
    MX_USART1_UART_Init                      0x080032f1   Thumb Code    66  usart.o(i.MX_USART1_UART_Init)
    MX_USART2_UART_Init                      0x08003341   Thumb Code    48  usart.o(i.MX_USART2_UART_Init)
    MemManage_Handler                        0x08003379   Thumb Code     2  stm32f1xx_it.o(i.MemManage_Handler)
    NMI_Handler                              0x0800337b   Thumb Code     2  stm32f1xx_it.o(i.NMI_Handler)
    StartDefaultTask                         0x0800337d   Thumb Code     8  freertos.o(i.StartDefaultTask)
    SysTick_Handler                          0x08003385   Thumb Code    38  port.o(i.SysTick_Handler)
    SystemClock_Config                       0x080033b1   Thumb Code   120  main.o(i.SystemClock_Config)
    SystemInit                               0x08003429   Thumb Code     2  system_stm32f1xx.o(i.SystemInit)
    TIM2_IRQHandler                          0x0800342d   Thumb Code     6  stm32f1xx_it.o(i.TIM2_IRQHandler)
    TIM_Base_SetConfig                       0x08003439   Thumb Code    94  stm32f1xx_hal_tim.o(i.TIM_Base_SetConfig)
    UART_Start_Receive_DMA                   0x0800375d   Thumb Code    98  stm32f1xx_hal_uart.o(i.UART_Start_Receive_DMA)
    UART_Start_Receive_IT                    0x080037cd   Thumb Code    54  stm32f1xx_hal_uart.o(i.UART_Start_Receive_IT)
    USART1_IRQHandler                        0x08003869   Thumb Code    18  stm32f1xx_it.o(i.USART1_IRQHandler)
    USART2_IRQHandler                        0x08003881   Thumb Code     6  stm32f1xx_it.o(i.USART2_IRQHandler)
    USAR_UART_IDLECallback                   0x0800388d   Thumb Code    38  usart1.o(i.USAR_UART_IDLECallback)
    USER_UART_IRQHandler                     0x080038e1   Thumb Code    36  usart1.o(i.USER_UART_IRQHandler)
    UsageFault_Handler                       0x0800390d   Thumb Code     2  stm32f1xx_it.o(i.UsageFault_Handler)
    __0printf                                0x08003911   Thumb Code    22  printfa.o(i.__0printf)
    __1printf                                0x08003911   Thumb Code     0  printfa.o(i.__0printf)
    __2printf                                0x08003911   Thumb Code     0  printfa.o(i.__0printf)
    __c89printf                              0x08003911   Thumb Code     0  printfa.o(i.__0printf)
    printf                                   0x08003911   Thumb Code     0  printfa.o(i.__0printf)
    __0vsprintf                              0x08003931   Thumb Code    30  printfa.o(i.__0vsprintf)
    __1vsprintf                              0x08003931   Thumb Code     0  printfa.o(i.__0vsprintf)
    __2vsprintf                              0x08003931   Thumb Code     0  printfa.o(i.__0vsprintf)
    __c89vsprintf                            0x08003931   Thumb Code     0  printfa.o(i.__0vsprintf)
    vsprintf                                 0x08003931   Thumb Code     0  printfa.o(i.__0vsprintf)
    __scatterload_copy                       0x08003975   Thumb Code    14  handlers.o(i.__scatterload_copy)
    __scatterload_null                       0x08003983   Thumb Code     2  handlers.o(i.__scatterload_null)
    __scatterload_zeroinit                   0x08003985   Thumb Code    14  handlers.o(i.__scatterload_zeroinit)
    delay_init                               0x08004251   Thumb Code    58  delay.o(i.delay_init)
    delay_ms                                 0x08004295   Thumb Code    52  delay.o(i.delay_ms)
    fputc                                    0x080042f9   Thumb Code    26  usart1.o(i.fputc)
    key_task                                 0x08004319   Thumb Code     8  freertos.o(i.key_task)
    led_task                                 0x08004321   Thumb Code    38  freertos.o(i.led_task)
    main                                     0x08004381   Thumb Code    50  main.o(i.main)
    osDelay                                  0x080043bf   Thumb Code    14  cmsis_os.o(i.osDelay)
    osKernelStart                            0x080043cd   Thumb Code    10  cmsis_os.o(i.osKernelStart)
    osSemaphoreCreate                        0x080043d7   Thumb Code    62  cmsis_os.o(i.osSemaphoreCreate)
    osThreadCreate                           0x08004415   Thumb Code    84  cmsis_os.o(i.osThreadCreate)
    pvPortMalloc                             0x080048b5   Thumb Code   210  heap_4.o(i.pvPortMalloc)
    pvTaskIncrementMutexHeldCount            0x0800498d   Thumb Code    18  tasks.o(i.pvTaskIncrementMutexHeldCount)
    pxPortInitialiseStack                    0x080049a5   Thumb Code    32  port.o(i.pxPortInitialiseStack)
    u1_printf                                0x080049c9   Thumb Code    60  usart1.o(i.u1_printf)
    usart1_task                              0x08004a15   Thumb Code    44  freertos.o(i.usart1_task)
    uxListRemove                             0x08004a61   Thumb Code    38  list.o(i.uxListRemove)
    vApplicationGetIdleTaskMemory            0x08004a89   Thumb Code    16  freertos.o(i.vApplicationGetIdleTaskMemory)
    vListInitialise                          0x08004a9d   Thumb Code    22  list.o(i.vListInitialise)
    vListInitialiseItem                      0x08004ab3   Thumb Code     6  list.o(i.vListInitialiseItem)
    vListInsert                              0x08004ab9   Thumb Code    48  list.o(i.vListInsert)
    vListInsertEnd                           0x08004ae9   Thumb Code    24  list.o(i.vListInsertEnd)
    vPortEnterCritical                       0x08004b01   Thumb Code    54  port.o(i.vPortEnterCritical)
    vPortExitCritical                        0x08004b41   Thumb Code    34  port.o(i.vPortExitCritical)
    vPortFree                                0x08004b69   Thumb Code    88  heap_4.o(i.vPortFree)
    vPortSetupTimerInterrupt                 0x08004bc5   Thumb Code    32  port.o(i.vPortSetupTimerInterrupt)
    vPortValidateInterruptPriority           0x08004be9   Thumb Code    74  port.o(i.vPortValidateInterruptPriority)
    vTaskDelay                               0x08004c3d   Thumb Code    66  tasks.o(i.vTaskDelay)
    vTaskInternalSetTimeOutState             0x08004c89   Thumb Code    12  tasks.o(i.vTaskInternalSetTimeOutState)
    vTaskMissedYield                         0x08004c99   Thumb Code     8  tasks.o(i.vTaskMissedYield)
    vTaskPlaceOnEventList                    0x08004ca5   Thumb Code    44  tasks.o(i.vTaskPlaceOnEventList)
    vTaskPriorityDisinheritAfterTimeout      0x08004cd5   Thumb Code   160  tasks.o(i.vTaskPriorityDisinheritAfterTimeout)
    vTaskStartScheduler                      0x08004d7d   Thumb Code    90  tasks.o(i.vTaskStartScheduler)
    vTaskSuspendAll                          0x08004de9   Thumb Code    10  tasks.o(i.vTaskSuspendAll)
    vTaskSwitchContext                       0x08004df9   Thumb Code    82  tasks.o(i.vTaskSwitchContext)
    xPortStartScheduler                      0x08004e55   Thumb Code   154  port.o(i.xPortStartScheduler)
    xQueueGenericCreate                      0x08004efd   Thumb Code    72  queue.o(i.xQueueGenericCreate)
    xQueueGenericCreateStatic                0x08004f45   Thumb Code   102  queue.o(i.xQueueGenericCreateStatic)
    xQueueGenericReset                       0x08004fad   Thumb Code   132  queue.o(i.xQueueGenericReset)
    xQueueGenericSend                        0x08005035   Thumb Code   346  queue.o(i.xQueueGenericSend)
    xQueueGiveFromISR                        0x08005195   Thumb Code   156  queue.o(i.xQueueGiveFromISR)
    xQueueSemaphoreTake                      0x08005231   Thumb Code   372  queue.o(i.xQueueSemaphoreTake)
    xTaskCheckForTimeOut                     0x080053a9   Thumb Code   112  tasks.o(i.xTaskCheckForTimeOut)
    xTaskCreate                              0x0800541d   Thumb Code    90  tasks.o(i.xTaskCreate)
    xTaskCreateStatic                        0x08005477   Thumb Code    86  tasks.o(i.xTaskCreateStatic)
    xTaskGetSchedulerState                   0x080054cd   Thumb Code    22  tasks.o(i.xTaskGetSchedulerState)
    xTaskIncrementTick                       0x080054e9   Thumb Code   192  tasks.o(i.xTaskIncrementTick)
    xTaskPriorityDisinherit                  0x080055b1   Thumb Code   144  tasks.o(i.xTaskPriorityDisinherit)
    xTaskPriorityInherit                     0x08005649   Thumb Code   138  tasks.o(i.xTaskPriorityInherit)
    xTaskRemoveFromEventList                 0x080056dd   Thumb Code   108  tasks.o(i.xTaskRemoveFromEventList)
    xTaskResumeAll                           0x08005751   Thumb Code   182  tasks.o(i.xTaskResumeAll)
    AHBPrescTable                            0x0800588d   Data          16  system_stm32f1xx.o(.constdata)
    APBPrescTable                            0x0800589d   Data           8  system_stm32f1xx.o(.constdata)
    Region$$Table$$Base                      0x080058d8   Number         0  anon$$obj.o(Region$$Table)
    Region$$Table$$Limit                     0x080058f8   Number         0  anon$$obj.o(Region$$Table)
    defaultTaskHandle                        0x20000000   Data           4  freertos.o(.data)
    LED_TASKHandle                           0x20000004   Data           4  freertos.o(.data)
    KEY_TASKHandle                           0x20000008   Data           4  freertos.o(.data)
    USART1_TASKHandle                        0x2000000c   Data           4  freertos.o(.data)
    Usart1_Receive_BinSemaphoreHandle        0x20000010   Data           4  freertos.o(.data)
    USART_DMA_TX_OVER                        0x20000016   Data           1  usart1.o(.data)
    USART_RX_STA                             0x20000018   Data           2  usart1.o(.data)
    uwTickFreq                               0x2000001c   Data           1  stm32f1xx_hal.o(.data)
    uwTickPrio                               0x20000020   Data           4  stm32f1xx_hal.o(.data)
    uwTick                                   0x20000024   Data           4  stm32f1xx_hal.o(.data)
    SystemCoreClock                          0x20000028   Data           4  system_stm32f1xx.o(.data)
    pxCurrentTCB                             0x2000002c   Data           4  tasks.o(.data)
    __stdout                                 0x2000008c   Data           4  stdout.o(.data)
    hadc1                                    0x200002e4   Data          48  adc.o(.bss)
    hdma_adc1                                0x20000314   Data          68  adc.o(.bss)
    hi2c1                                    0x20000358   Data          84  i2c.o(.bss)
    hi2c2                                    0x200003ac   Data          84  i2c.o(.bss)
    huart1                                   0x20000400   Data          68  usart.o(.bss)
    huart2                                   0x20000444   Data          68  usart.o(.bss)
    hdma_usart1_rx                           0x20000488   Data          68  usart.o(.bss)
    hdma_usart1_tx                           0x200004cc   Data          68  usart.o(.bss)
    htim2                                    0x20000510   Data          72  stm32f1xx_hal_timebase_tim.o(.bss)
    USART_RX_BUF                             0x20000558   Data         200  usart1.o(.bss)
    USART_TX_BUF                             0x20000620   Data         200  usart1.o(.bss)
    __initial_sp                             0x200033d8   Data           0  startup_stm32f103xb.o(STACK)



==============================================================================

Memory Map of the image

  Image Entry point : 0x080000ed

  Load Region LR_IROM1 (Base: 0x08000000, Size: 0x00005988, Max: 0x00010000, ABSOLUTE)

    Execution Region ER_IROM1 (Exec base: 0x08000000, Load base: 0x08000000, Size: 0x000058f8, Max: 0x00010000, ABSOLUTE)

    Exec Addr    Load Addr    Size         Type   Attr      Idx    E Section Name        Object

    0x08000000   0x08000000   0x000000ec   Data   RO            3    RESET               startup_stm32f103xb.o
    0x080000ec   0x080000ec   0x00000000   Code   RO         5202  * .ARM.Collect$$$$00000000  mc_w.l(entry.o)
    0x080000ec   0x080000ec   0x00000004   Code   RO         5478    .ARM.Collect$$$$00000001  mc_w.l(entry2.o)
    0x080000f0   0x080000f0   0x00000004   Code   RO         5481    .ARM.Collect$$$$00000004  mc_w.l(entry5.o)
    0x080000f4   0x080000f4   0x00000000   Code   RO         5483    .ARM.Collect$$$$00000008  mc_w.l(entry7b.o)
    0x080000f4   0x080000f4   0x00000000   Code   RO         5485    .ARM.Collect$$$$0000000A  mc_w.l(entry8b.o)
    0x080000f4   0x080000f4   0x00000008   Code   RO         5486    .ARM.Collect$$$$0000000B  mc_w.l(entry9a.o)
    0x080000fc   0x080000fc   0x00000000   Code   RO         5488    .ARM.Collect$$$$0000000D  mc_w.l(entry10a.o)
    0x080000fc   0x080000fc   0x00000000   Code   RO         5490    .ARM.Collect$$$$0000000F  mc_w.l(entry11a.o)
    0x080000fc   0x080000fc   0x00000004   Code   RO         5479    .ARM.Collect$$$$00002712  mc_w.l(entry2.o)
    0x08000100   0x08000100   0x00000096   Code   RO         5125    .emb_text           port.o
    0x08000196   0x08000196   0x00000002   PAD
    0x08000198   0x08000198   0x00000024   Code   RO            4    .text               startup_stm32f103xb.o
    0x080001bc   0x080001bc   0x00000020   Code   RO         5205    .text               mc_w.l(llushr.o)
    0x080001dc   0x080001dc   0x00000024   Code   RO         5207    .text               mc_w.l(memcpya.o)
    0x08000200   0x08000200   0x00000024   Code   RO         5211    .text               mc_w.l(memseta.o)
    0x08000224   0x08000224   0x0000000e   Code   RO         5213    .text               mc_w.l(strlen.o)
    0x08000232   0x08000232   0x0000002c   Code   RO         5493    .text               mc_w.l(uidiv.o)
    0x0800025e   0x0800025e   0x00000062   Code   RO         5495    .text               mc_w.l(uldiv.o)
    0x080002c0   0x080002c0   0x00000000   Code   RO         5497    .text               mc_w.l(iusefp.o)
    0x080002c0   0x080002c0   0x0000014e   Code   RO         5498    .text               mf_w.l(dadd.o)
    0x0800040e   0x0800040e   0x000000e4   Code   RO         5500    .text               mf_w.l(dmul.o)
    0x080004f2   0x080004f2   0x000000de   Code   RO         5502    .text               mf_w.l(ddiv.o)
    0x080005d0   0x080005d0   0x00000030   Code   RO         5504    .text               mf_w.l(dfixul.o)
    0x08000600   0x08000600   0x00000030   Code   RO         5506    .text               mf_w.l(cdrcmple.o)
    0x08000630   0x08000630   0x00000024   Code   RO         5508    .text               mc_w.l(init.o)
    0x08000654   0x08000654   0x0000001e   Code   RO         5510    .text               mc_w.l(llshl.o)
    0x08000672   0x08000672   0x00000024   Code   RO         5512    .text               mc_w.l(llsshr.o)
    0x08000696   0x08000696   0x000000ba   Code   RO         5514    .text               mf_w.l(depilogue.o)
    0x08000750   0x08000750   0x0000000c   Code   RO          493    i.ADC1_2_IRQHandler  stm32f1xx_it.o
    0x0800075c   0x0800075c   0x00000056   Code   RO          887    i.ADC_ConversionStop_Disable  stm32f1xx_hal_adc.o
    0x080007b2   0x080007b2   0x00000002   Code   RO          494    i.BusFault_Handler  stm32f1xx_it.o
    0x080007b4   0x080007b4   0x0000000c   Code   RO          495    i.DMA1_Channel1_IRQHandler  stm32f1xx_it.o
    0x080007c0   0x080007c0   0x0000000c   Code   RO          496    i.DMA1_Channel4_IRQHandler  stm32f1xx_it.o
    0x080007cc   0x080007cc   0x0000000c   Code   RO          497    i.DMA1_Channel5_IRQHandler  stm32f1xx_it.o
    0x080007d8   0x080007d8   0x0000002a   Code   RO         1541    i.DMA_SetConfig     stm32f1xx_hal_dma.o
    0x08000802   0x08000802   0x00000002   Code   RO          498    i.DebugMon_Handler  stm32f1xx_it.o
    0x08000804   0x08000804   0x0000001e   Code   RO          499    i.EXTI15_10_IRQHandler  stm32f1xx_it.o
    0x08000822   0x08000822   0x00000004   Code   RO           13    i.Error_Handler     main.o
    0x08000826   0x08000826   0x00000002   Code   RO         1069    i.HAL_ADCEx_InjectedConvCpltCallback  stm32f1xx_hal_adc_ex.o
    0x08000828   0x08000828   0x000000fc   Code   RO          893    i.HAL_ADC_ConfigChannel  stm32f1xx_hal_adc.o
    0x08000924   0x08000924   0x00000002   Code   RO          894    i.HAL_ADC_ConvCpltCallback  stm32f1xx_hal_adc.o
    0x08000926   0x08000926   0x000000e6   Code   RO          901    i.HAL_ADC_IRQHandler  stm32f1xx_hal_adc.o
    0x08000a0c   0x08000a0c   0x0000011c   Code   RO          902    i.HAL_ADC_Init      stm32f1xx_hal_adc.o
    0x08000b28   0x08000b28   0x00000002   Code   RO          903    i.HAL_ADC_LevelOutOfWindowCallback  stm32f1xx_hal_adc.o
    0x08000b2a   0x08000b2a   0x00000002   PAD
    0x08000b2c   0x08000b2c   0x000000a0   Code   RO          325    i.HAL_ADC_MspInit   adc.o
    0x08000bcc   0x08000bcc   0x00000046   Code   RO         1542    i.HAL_DMA_Abort     stm32f1xx_hal_dma.o
    0x08000c12   0x08000c12   0x00000002   PAD
    0x08000c14   0x08000c14   0x00000098   Code   RO         1543    i.HAL_DMA_Abort_IT  stm32f1xx_hal_dma.o
    0x08000cac   0x08000cac   0x00000006   Code   RO         1546    i.HAL_DMA_GetState  stm32f1xx_hal_dma.o
    0x08000cb2   0x08000cb2   0x00000002   PAD
    0x08000cb4   0x08000cb4   0x00000154   Code   RO         1547    i.HAL_DMA_IRQHandler  stm32f1xx_hal_dma.o
    0x08000e08   0x08000e08   0x0000005c   Code   RO         1548    i.HAL_DMA_Init      stm32f1xx_hal_dma.o
    0x08000e64   0x08000e64   0x00000070   Code   RO         1552    i.HAL_DMA_Start_IT  stm32f1xx_hal_dma.o
    0x08000ed4   0x08000ed4   0x00000002   Code   RO         1476    i.HAL_GPIO_EXTI_Callback  stm32f1xx_hal_gpio.o
    0x08000ed6   0x08000ed6   0x00000002   PAD
    0x08000ed8   0x08000ed8   0x00000018   Code   RO         1477    i.HAL_GPIO_EXTI_IRQHandler  stm32f1xx_hal_gpio.o
    0x08000ef0   0x08000ef0   0x000001e0   Code   RO         1478    i.HAL_GPIO_Init     stm32f1xx_hal_gpio.o
    0x080010d0   0x080010d0   0x00000010   Code   RO         1481    i.HAL_GPIO_TogglePin  stm32f1xx_hal_gpio.o
    0x080010e0   0x080010e0   0x0000000a   Code   RO         1482    i.HAL_GPIO_WritePin  stm32f1xx_hal_gpio.o
    0x080010ea   0x080010ea   0x00000002   PAD
    0x080010ec   0x080010ec   0x0000000c   Code   RO         1174    i.HAL_GetTick       stm32f1xx_hal.o
    0x080010f8   0x080010f8   0x00000002   Code   RO         2138    i.HAL_I2C_AbortCpltCallback  stm32f1xx_hal_i2c.o
    0x080010fa   0x080010fa   0x00000002   Code   RO         2139    i.HAL_I2C_AddrCallback  stm32f1xx_hal_i2c.o
    0x080010fc   0x080010fc   0x000000c4   Code   RO         2142    i.HAL_I2C_ER_IRQHandler  stm32f1xx_hal_i2c.o
    0x080011c0   0x080011c0   0x00000230   Code   RO         2143    i.HAL_I2C_EV_IRQHandler  stm32f1xx_hal_i2c.o
    0x080013f0   0x080013f0   0x00000002   Code   RO         2145    i.HAL_I2C_ErrorCallback  stm32f1xx_hal_i2c.o
    0x080013f2   0x080013f2   0x00000002   PAD
    0x080013f4   0x080013f4   0x00000188   Code   RO         2149    i.HAL_I2C_Init      stm32f1xx_hal_i2c.o
    0x0800157c   0x0800157c   0x00000002   Code   RO         2151    i.HAL_I2C_ListenCpltCallback  stm32f1xx_hal_i2c.o
    0x0800157e   0x0800157e   0x00000002   Code   RO         2152    i.HAL_I2C_MasterRxCpltCallback  stm32f1xx_hal_i2c.o
    0x08001580   0x08001580   0x00000002   Code   RO         2153    i.HAL_I2C_MasterTxCpltCallback  stm32f1xx_hal_i2c.o
    0x08001582   0x08001582   0x00000002   Code   RO         2165    i.HAL_I2C_MemRxCpltCallback  stm32f1xx_hal_i2c.o
    0x08001584   0x08001584   0x00000002   Code   RO         2166    i.HAL_I2C_MemTxCpltCallback  stm32f1xx_hal_i2c.o
    0x08001586   0x08001586   0x00000002   PAD
    0x08001588   0x08001588   0x000000d4   Code   RO          391    i.HAL_I2C_MspInit   i2c.o
    0x0800165c   0x0800165c   0x00000002   Code   RO         2175    i.HAL_I2C_SlaveRxCpltCallback  stm32f1xx_hal_i2c.o
    0x0800165e   0x0800165e   0x00000002   Code   RO         2176    i.HAL_I2C_SlaveTxCpltCallback  stm32f1xx_hal_i2c.o
    0x08001660   0x08001660   0x00000010   Code   RO         1180    i.HAL_IncTick       stm32f1xx_hal.o
    0x08001670   0x08001670   0x00000024   Code   RO         1181    i.HAL_Init          stm32f1xx_hal.o
    0x08001694   0x08001694   0x00000074   Code   RO          647    i.HAL_InitTick      stm32f1xx_hal_timebase_tim.o
    0x08001708   0x08001708   0x00000048   Code   RO          623    i.HAL_MspInit       stm32f1xx_hal_msp.o
    0x08001750   0x08001750   0x0000001a   Code   RO         1638    i.HAL_NVIC_EnableIRQ  stm32f1xx_hal_cortex.o
    0x0800176a   0x0800176a   0x00000002   PAD
    0x0800176c   0x0800176c   0x00000040   Code   RO         1644    i.HAL_NVIC_SetPriority  stm32f1xx_hal_cortex.o
    0x080017ac   0x080017ac   0x00000024   Code   RO         1645    i.HAL_NVIC_SetPriorityGrouping  stm32f1xx_hal_cortex.o
    0x080017d0   0x080017d0   0x000000ec   Code   RO         1441    i.HAL_RCCEx_PeriphCLKConfig  stm32f1xx_hal_rcc_ex.o
    0x080018bc   0x080018bc   0x0000012c   Code   RO         1338    i.HAL_RCC_ClockConfig  stm32f1xx_hal_rcc.o
    0x080019e8   0x080019e8   0x00000040   Code   RO         1342    i.HAL_RCC_GetClockConfig  stm32f1xx_hal_rcc.o
    0x08001a28   0x08001a28   0x0000000c   Code   RO         1343    i.HAL_RCC_GetHCLKFreq  stm32f1xx_hal_rcc.o
    0x08001a34   0x08001a34   0x00000020   Code   RO         1345    i.HAL_RCC_GetPCLK1Freq  stm32f1xx_hal_rcc.o
    0x08001a54   0x08001a54   0x00000020   Code   RO         1346    i.HAL_RCC_GetPCLK2Freq  stm32f1xx_hal_rcc.o
    0x08001a74   0x08001a74   0x0000006c   Code   RO         1347    i.HAL_RCC_GetSysClockFreq  stm32f1xx_hal_rcc.o
    0x08001ae0   0x08001ae0   0x00000320   Code   RO         1350    i.HAL_RCC_OscConfig  stm32f1xx_hal_rcc.o
    0x08001e00   0x08001e00   0x00000002   Code   RO         3276    i.HAL_TIMEx_BreakCallback  stm32f1xx_hal_tim_ex.o
    0x08001e02   0x08001e02   0x00000002   Code   RO         3277    i.HAL_TIMEx_CommutCallback  stm32f1xx_hal_tim_ex.o
    0x08001e04   0x08001e04   0x0000005a   Code   RO         2572    i.HAL_TIM_Base_Init  stm32f1xx_hal_tim.o
    0x08001e5e   0x08001e5e   0x00000002   Code   RO         2574    i.HAL_TIM_Base_MspInit  stm32f1xx_hal_tim.o
    0x08001e60   0x08001e60   0x00000058   Code   RO         2577    i.HAL_TIM_Base_Start_IT  stm32f1xx_hal_tim.o
    0x08001eb8   0x08001eb8   0x00000002   Code   RO         2606    i.HAL_TIM_IC_CaptureCallback  stm32f1xx_hal_tim.o
    0x08001eba   0x08001eba   0x00000166   Code   RO         2620    i.HAL_TIM_IRQHandler  stm32f1xx_hal_tim.o
    0x08002020   0x08002020   0x00000002   Code   RO         2623    i.HAL_TIM_OC_DelayElapsedCallback  stm32f1xx_hal_tim.o
    0x08002022   0x08002022   0x00000002   Code   RO         2650    i.HAL_TIM_PWM_PulseFinishedCallback  stm32f1xx_hal_tim.o
    0x08002024   0x08002024   0x0000000e   Code   RO           14    i.HAL_TIM_PeriodElapsedCallback  main.o
    0x08002032   0x08002032   0x00000002   Code   RO         2663    i.HAL_TIM_TriggerCallback  stm32f1xx_hal_tim.o
    0x08002034   0x08002034   0x00000002   Code   RO         3554    i.HAL_UARTEx_RxEventCallback  stm32f1xx_hal_uart.o
    0x08002036   0x08002036   0x00000058   Code   RO         3566    i.HAL_UART_DMAStop  stm32f1xx_hal_uart.o
    0x0800208e   0x0800208e   0x00000002   Code   RO         3568    i.HAL_UART_ErrorCallback  stm32f1xx_hal_uart.o
    0x08002090   0x08002090   0x0000020c   Code   RO         3571    i.HAL_UART_IRQHandler  stm32f1xx_hal_uart.o
    0x0800229c   0x0800229c   0x00000062   Code   RO         3572    i.HAL_UART_Init     stm32f1xx_hal_uart.o
    0x080022fe   0x080022fe   0x00000002   PAD
    0x08002300   0x08002300   0x0000013c   Code   RO          439    i.HAL_UART_MspInit  usart.o
    0x0800243c   0x0800243c   0x0000002a   Code   RO         3576    i.HAL_UART_Receive_DMA  stm32f1xx_hal_uart.o
    0x08002466   0x08002466   0x0000002a   Code   RO         3577    i.HAL_UART_Receive_IT  stm32f1xx_hal_uart.o
    0x08002490   0x08002490   0x00000090   Code   RO          781    i.HAL_UART_RxCpltCallback  usart1.o
    0x08002520   0x08002520   0x00000002   Code   RO         3579    i.HAL_UART_RxHalfCpltCallback  stm32f1xx_hal_uart.o
    0x08002522   0x08002522   0x00000002   PAD
    0x08002524   0x08002524   0x000000b2   Code   RO         3580    i.HAL_UART_Transmit  stm32f1xx_hal_uart.o
    0x080025d6   0x080025d6   0x00000002   PAD
    0x080025d8   0x080025d8   0x00000080   Code   RO         3581    i.HAL_UART_Transmit_DMA  stm32f1xx_hal_uart.o
    0x08002658   0x08002658   0x00000028   Code   RO          782    i.HAL_UART_TxCpltCallback  usart1.o
    0x08002680   0x08002680   0x00000002   Code   RO         3584    i.HAL_UART_TxHalfCpltCallback  stm32f1xx_hal_uart.o
    0x08002682   0x08002682   0x00000002   Code   RO          500    i.HardFault_Handler  stm32f1xx_it.o
    0x08002684   0x08002684   0x0000000c   Code   RO          501    i.I2C1_ER_IRQHandler  stm32f1xx_it.o
    0x08002690   0x08002690   0x0000000c   Code   RO          502    i.I2C1_EV_IRQHandler  stm32f1xx_it.o
    0x0800269c   0x0800269c   0x0000000c   Code   RO          503    i.I2C2_ER_IRQHandler  stm32f1xx_it.o
    0x080026a8   0x080026a8   0x0000000c   Code   RO          504    i.I2C2_EV_IRQHandler  stm32f1xx_it.o
    0x080026b4   0x080026b4   0x000000bc   Code   RO         2187    i.I2C_DMAAbort      stm32f1xx_hal_i2c.o
    0x08002770   0x08002770   0x00000158   Code   RO         2190    i.I2C_ITError       stm32f1xx_hal_i2c.o
    0x080028c8   0x080028c8   0x000000d2   Code   RO         2192    i.I2C_MasterReceive_BTF  stm32f1xx_hal_i2c.o
    0x0800299a   0x0800299a   0x00000002   PAD
    0x0800299c   0x0800299c   0x000000e8   Code   RO         2193    i.I2C_MasterReceive_RXNE  stm32f1xx_hal_i2c.o
    0x08002a84   0x08002a84   0x00000082   Code   RO         2196    i.I2C_MasterTransmit_BTF  stm32f1xx_hal_i2c.o
    0x08002b06   0x08002b06   0x00000002   PAD
    0x08002b08   0x08002b08   0x000000b6   Code   RO         2197    i.I2C_MasterTransmit_TXE  stm32f1xx_hal_i2c.o
    0x08002bbe   0x08002bbe   0x00000002   PAD
    0x08002bc0   0x08002bc0   0x00000158   Code   RO         2198    i.I2C_Master_ADDR   stm32f1xx_hal_i2c.o
    0x08002d18   0x08002d18   0x0000008c   Code   RO         2199    i.I2C_Master_SB     stm32f1xx_hal_i2c.o
    0x08002da4   0x08002da4   0x000000a0   Code   RO         2200    i.I2C_MemoryTransmit_TXE_BTF  stm32f1xx_hal_i2c.o
    0x08002e44   0x08002e44   0x00000046   Code   RO         2203    i.I2C_Slave_ADDR    stm32f1xx_hal_i2c.o
    0x08002e8a   0x08002e8a   0x00000002   PAD
    0x08002e8c   0x08002e8c   0x00000084   Code   RO         2204    i.I2C_Slave_AF      stm32f1xx_hal_i2c.o
    0x08002f10   0x08002f10   0x0000015c   Code   RO         2205    i.I2C_Slave_STOPF   stm32f1xx_hal_i2c.o
    0x0800306c   0x0800306c   0x00000050   Code   RO          326    i.MX_ADC1_Init      adc.o
    0x080030bc   0x080030bc   0x0000004c   Code   RO          366    i.MX_DMA_Init       dma.o
    0x08003108   0x08003108   0x00000080   Code   RO          239    i.MX_FREERTOS_Init  freertos.o
    0x08003188   0x08003188   0x000000e8   Code   RO          215    i.MX_GPIO_Init      gpio.o
    0x08003270   0x08003270   0x00000040   Code   RO          392    i.MX_I2C1_Init      i2c.o
    0x080032b0   0x080032b0   0x00000040   Code   RO          393    i.MX_I2C2_Init      i2c.o
    0x080032f0   0x080032f0   0x00000050   Code   RO          440    i.MX_USART1_UART_Init  usart.o
    0x08003340   0x08003340   0x00000038   Code   RO          441    i.MX_USART2_UART_Init  usart.o
    0x08003378   0x08003378   0x00000002   Code   RO          505    i.MemManage_Handler  stm32f1xx_it.o
    0x0800337a   0x0800337a   0x00000002   Code   RO          506    i.NMI_Handler       stm32f1xx_it.o
    0x0800337c   0x0800337c   0x00000008   Code   RO          240    i.StartDefaultTask  freertos.o
    0x08003384   0x08003384   0x0000002c   Code   RO         5126    i.SysTick_Handler   port.o
    0x080033b0   0x080033b0   0x00000078   Code   RO           15    i.SystemClock_Config  main.o
    0x08003428   0x08003428   0x00000002   Code   RO         3901    i.SystemInit        system_stm32f1xx.o
    0x0800342a   0x0800342a   0x00000002   PAD
    0x0800342c   0x0800342c   0x0000000c   Code   RO          507    i.TIM2_IRQHandler   stm32f1xx_it.o
    0x08003438   0x08003438   0x0000006c   Code   RO         2665    i.TIM_Base_SetConfig  stm32f1xx_hal_tim.o
    0x080034a4   0x080034a4   0x00000010   Code   RO         3585    i.UART_DMAAbortOnError  stm32f1xx_hal_uart.o
    0x080034b4   0x080034b4   0x0000004a   Code   RO         3586    i.UART_DMAError     stm32f1xx_hal_uart.o
    0x080034fe   0x080034fe   0x0000005a   Code   RO         3587    i.UART_DMAReceiveCplt  stm32f1xx_hal_uart.o
    0x08003558   0x08003558   0x0000001a   Code   RO         3589    i.UART_DMARxHalfCplt  stm32f1xx_hal_uart.o
    0x08003572   0x08003572   0x0000002e   Code   RO         3591    i.UART_DMATransmitCplt  stm32f1xx_hal_uart.o
    0x080035a0   0x080035a0   0x0000000a   Code   RO         3593    i.UART_DMATxHalfCplt  stm32f1xx_hal_uart.o
    0x080035aa   0x080035aa   0x00000030   Code   RO         3595    i.UART_EndRxTransfer  stm32f1xx_hal_uart.o
    0x080035da   0x080035da   0x00000012   Code   RO         3596    i.UART_EndTxTransfer  stm32f1xx_hal_uart.o
    0x080035ec   0x080035ec   0x000000b6   Code   RO         3597    i.UART_Receive_IT   stm32f1xx_hal_uart.o
    0x080036a2   0x080036a2   0x00000002   PAD
    0x080036a4   0x080036a4   0x000000b8   Code   RO         3598    i.UART_SetConfig    stm32f1xx_hal_uart.o
    0x0800375c   0x0800375c   0x00000070   Code   RO         3599    i.UART_Start_Receive_DMA  stm32f1xx_hal_uart.o
    0x080037cc   0x080037cc   0x00000036   Code   RO         3600    i.UART_Start_Receive_IT  stm32f1xx_hal_uart.o
    0x08003802   0x08003802   0x00000064   Code   RO         3601    i.UART_WaitOnFlagUntilTimeout  stm32f1xx_hal_uart.o
    0x08003866   0x08003866   0x00000002   PAD
    0x08003868   0x08003868   0x00000018   Code   RO          508    i.USART1_IRQHandler  stm32f1xx_it.o
    0x08003880   0x08003880   0x0000000c   Code   RO          509    i.USART2_IRQHandler  stm32f1xx_it.o
    0x0800388c   0x0800388c   0x00000054   Code   RO          783    i.USAR_UART_IDLECallback  usart1.o
    0x080038e0   0x080038e0   0x0000002c   Code   RO          784    i.USER_UART_IRQHandler  usart1.o
    0x0800390c   0x0800390c   0x00000002   Code   RO          510    i.UsageFault_Handler  stm32f1xx_it.o
    0x0800390e   0x0800390e   0x00000002   PAD
    0x08003910   0x08003910   0x00000020   Code   RO         5450    i.__0printf         mc_w.l(printfa.o)
    0x08003930   0x08003930   0x00000024   Code   RO         5456    i.__0vsprintf       mc_w.l(printfa.o)
    0x08003954   0x08003954   0x00000020   Code   RO         1651    i.__NVIC_SetPriority  stm32f1xx_hal_cortex.o
    0x08003974   0x08003974   0x0000000e   Code   RO         5518    i.__scatterload_copy  mc_w.l(handlers.o)
    0x08003982   0x08003982   0x00000002   Code   RO         5519    i.__scatterload_null  mc_w.l(handlers.o)
    0x08003984   0x08003984   0x0000000e   Code   RO         5520    i.__scatterload_zeroinit  mc_w.l(handlers.o)
    0x08003992   0x08003992   0x00000002   PAD
    0x08003994   0x08003994   0x00000184   Code   RO         5457    i._fp_digits        mc_w.l(printfa.o)
    0x08003b18   0x08003b18   0x000006dc   Code   RO         5458    i._printf_core      mc_w.l(printfa.o)
    0x080041f4   0x080041f4   0x00000024   Code   RO         5459    i._printf_post_padding  mc_w.l(printfa.o)
    0x08004218   0x08004218   0x0000002e   Code   RO         5460    i._printf_pre_padding  mc_w.l(printfa.o)
    0x08004246   0x08004246   0x0000000a   Code   RO         5462    i._sputc            mc_w.l(printfa.o)
    0x08004250   0x08004250   0x00000044   Code   RO          735    i.delay_init        delay.o
    0x08004294   0x08004294   0x00000038   Code   RO          736    i.delay_ms          delay.o
    0x080042cc   0x080042cc   0x0000002c   Code   RO          737    i.delay_us          delay.o
    0x080042f8   0x080042f8   0x00000020   Code   RO          785    i.fputc             usart1.o
    0x08004318   0x08004318   0x00000008   Code   RO          241    i.key_task          freertos.o
    0x08004320   0x08004320   0x00000060   Code   RO          242    i.led_task          freertos.o
    0x08004380   0x08004380   0x00000032   Code   RO           16    i.main              main.o
    0x080043b2   0x080043b2   0x0000000c   Code   RO         4697    i.makeFreeRtosPriority  cmsis_os.o
    0x080043be   0x080043be   0x0000000e   Code   RO         4699    i.osDelay           cmsis_os.o
    0x080043cc   0x080043cc   0x0000000a   Code   RO         4702    i.osKernelStart     cmsis_os.o
    0x080043d6   0x080043d6   0x0000003e   Code   RO         4728    i.osSemaphoreCreate  cmsis_os.o
    0x08004414   0x08004414   0x00000054   Code   RO         4736    i.osThreadCreate    cmsis_os.o
    0x08004468   0x08004468   0x00000070   Code   RO         4394    i.prvAddCurrentTaskToDelayedList  tasks.o
    0x080044d8   0x080044d8   0x000000d0   Code   RO         4395    i.prvAddNewTaskToReadyList  tasks.o
    0x080045a8   0x080045a8   0x0000006c   Code   RO         4080    i.prvCopyDataToQueue  queue.o
    0x08004614   0x08004614   0x00000034   Code   RO         4396    i.prvDeleteTCB      tasks.o
    0x08004648   0x08004648   0x0000004c   Code   RO         5064    i.prvHeapInit       heap_4.o
    0x08004694   0x08004694   0x00000060   Code   RO         4397    i.prvIdleTask       tasks.o
    0x080046f4   0x080046f4   0x00000016   Code   RO         4082    i.prvInitialiseNewQueue  queue.o
    0x0800470a   0x0800470a   0x0000008e   Code   RO         4398    i.prvInitialiseNewTask  tasks.o
    0x08004798   0x08004798   0x0000004c   Code   RO         5065    i.prvInsertBlockIntoFreeList  heap_4.o
    0x080047e4   0x080047e4   0x0000001c   Code   RO         4083    i.prvIsQueueEmpty   queue.o
    0x08004800   0x08004800   0x00000020   Code   RO         4399    i.prvResetNextTaskUnblockTime  tasks.o
    0x08004820   0x08004820   0x00000028   Code   RO         5127    i.prvTaskExitError  port.o
    0x08004848   0x08004848   0x0000006a   Code   RO         4084    i.prvUnlockQueue    queue.o
    0x080048b2   0x080048b2   0x00000002   PAD
    0x080048b4   0x080048b4   0x000000d8   Code   RO         5066    i.pvPortMalloc      heap_4.o
    0x0800498c   0x0800498c   0x00000018   Code   RO         4401    i.pvTaskIncrementMutexHeldCount  tasks.o
    0x080049a4   0x080049a4   0x00000024   Code   RO         5128    i.pxPortInitialiseStack  port.o
    0x080049c8   0x080049c8   0x0000004c   Code   RO          786    i.u1_printf         usart1.o
    0x08004a14   0x08004a14   0x0000004c   Code   RO          243    i.usart1_task       freertos.o
    0x08004a60   0x08004a60   0x00000026   Code   RO         4039    i.uxListRemove      list.o
    0x08004a86   0x08004a86   0x00000002   PAD
    0x08004a88   0x08004a88   0x00000014   Code   RO          244    i.vApplicationGetIdleTaskMemory  freertos.o
    0x08004a9c   0x08004a9c   0x00000016   Code   RO         4040    i.vListInitialise   list.o
    0x08004ab2   0x08004ab2   0x00000006   Code   RO         4041    i.vListInitialiseItem  list.o
    0x08004ab8   0x08004ab8   0x00000030   Code   RO         4042    i.vListInsert       list.o
    0x08004ae8   0x08004ae8   0x00000018   Code   RO         4043    i.vListInsertEnd    list.o
    0x08004b00   0x08004b00   0x00000040   Code   RO         5130    i.vPortEnterCritical  port.o
    0x08004b40   0x08004b40   0x00000028   Code   RO         5131    i.vPortExitCritical  port.o
    0x08004b68   0x08004b68   0x0000005c   Code   RO         5067    i.vPortFree         heap_4.o
    0x08004bc4   0x08004bc4   0x00000024   Code   RO         5132    i.vPortSetupTimerInterrupt  port.o
    0x08004be8   0x08004be8   0x00000054   Code   RO         5133    i.vPortValidateInterruptPriority  port.o
    0x08004c3c   0x08004c3c   0x0000004c   Code   RO         4407    i.vTaskDelay        tasks.o
    0x08004c88   0x08004c88   0x00000010   Code   RO         4410    i.vTaskInternalSetTimeOutState  tasks.o
    0x08004c98   0x08004c98   0x0000000c   Code   RO         4411    i.vTaskMissedYield  tasks.o
    0x08004ca4   0x08004ca4   0x00000030   Code   RO         4413    i.vTaskPlaceOnEventList  tasks.o
    0x08004cd4   0x08004cd4   0x000000a8   Code   RO         4415    i.vTaskPriorityDisinheritAfterTimeout  tasks.o
    0x08004d7c   0x08004d7c   0x0000006c   Code   RO         4420    i.vTaskStartScheduler  tasks.o
    0x08004de8   0x08004de8   0x00000010   Code   RO         4422    i.vTaskSuspendAll   tasks.o
    0x08004df8   0x08004df8   0x0000005c   Code   RO         4423    i.vTaskSwitchContext  tasks.o
    0x08004e54   0x08004e54   0x000000a8   Code   RO         5134    i.xPortStartScheduler  port.o
    0x08004efc   0x08004efc   0x00000048   Code   RO         4093    i.xQueueGenericCreate  queue.o
    0x08004f44   0x08004f44   0x00000066   Code   RO         4094    i.xQueueGenericCreateStatic  queue.o
    0x08004faa   0x08004faa   0x00000002   PAD
    0x08004fac   0x08004fac   0x00000088   Code   RO         4095    i.xQueueGenericReset  queue.o
    0x08005034   0x08005034   0x00000160   Code   RO         4096    i.xQueueGenericSend  queue.o
    0x08005194   0x08005194   0x0000009c   Code   RO         4098    i.xQueueGiveFromISR  queue.o
    0x08005230   0x08005230   0x00000178   Code   RO         4105    i.xQueueSemaphoreTake  queue.o
    0x080053a8   0x080053a8   0x00000074   Code   RO         4424    i.xTaskCheckForTimeOut  tasks.o
    0x0800541c   0x0800541c   0x0000005a   Code   RO         4425    i.xTaskCreate       tasks.o
    0x08005476   0x08005476   0x00000056   Code   RO         4426    i.xTaskCreateStatic  tasks.o
    0x080054cc   0x080054cc   0x0000001c   Code   RO         4430    i.xTaskGetSchedulerState  tasks.o
    0x080054e8   0x080054e8   0x000000c8   Code   RO         4433    i.xTaskIncrementTick  tasks.o
    0x080055b0   0x080055b0   0x00000098   Code   RO         4436    i.xTaskPriorityDisinherit  tasks.o
    0x08005648   0x08005648   0x00000094   Code   RO         4437    i.xTaskPriorityInherit  tasks.o
    0x080056dc   0x080056dc   0x00000074   Code   RO         4438    i.xTaskRemoveFromEventList  tasks.o
    0x08005750   0x08005750   0x000000c4   Code   RO         4439    i.xTaskResumeAll    tasks.o
    0x08005814   0x08005814   0x00000079   Data   RO          246    .constdata          freertos.o
    0x0800588d   0x0800588d   0x00000010   Data   RO         3902    .constdata          system_stm32f1xx.o
    0x0800589d   0x0800589d   0x00000008   Data   RO         3903    .constdata          system_stm32f1xx.o
    0x080058a5   0x080058a5   0x00000003   PAD
    0x080058a8   0x080058a8   0x00000030   Data   RO          247    .conststring        freertos.o
    0x080058d8   0x080058d8   0x00000020   Data   RO         5516    Region$$Table       anon$$obj.o


    Execution Region RW_IRAM1 (Exec base: 0x20000000, Load base: 0x080058f8, Size: 0x000033d8, Max: 0x00005000, ABSOLUTE)

    Exec Addr    Load Addr    Size         Type   Attr      Idx    E Section Name        Object

    0x20000000   0x080058f8   0x00000014   Data   RW          248    .data               freertos.o
    0x20000014   0x0800590c   0x00000002   Data   RW          739    .data               delay.o
    0x20000016   0x0800590e   0x00000004   Data   RW          788    .data               usart1.o
    0x2000001a   0x08005912   0x00000002   PAD
    0x2000001c   0x08005914   0x0000000c   Data   RW         1188    .data               stm32f1xx_hal.o
    0x20000028   0x08005920   0x00000004   Data   RW         3904    .data               system_stm32f1xx.o
    0x2000002c   0x08005924   0x0000003c   Data   RW         4442    .data               tasks.o
    0x20000068   0x08005960   0x00000018   Data   RW         5072    .data               heap_4.o
    0x20000080   0x08005978   0x0000000c   Data   RW         5135    .data               port.o
    0x2000008c   0x08005984   0x00000004   Data   RW         5492    .data               mc_w.l(stdout.o)
    0x20000090        -       0x00000254   Zero   RW          245    .bss                freertos.o
    0x200002e4        -       0x00000074   Zero   RW          327    .bss                adc.o
    0x20000358        -       0x000000a8   Zero   RW          394    .bss                i2c.o
    0x20000400        -       0x00000110   Zero   RW          442    .bss                usart.o
    0x20000510        -       0x00000048   Zero   RW          650    .bss                stm32f1xx_hal_timebase_tim.o
    0x20000558        -       0x00000190   Zero   RW          787    .bss                usart1.o
    0x200006e8        -       0x000000f0   Zero   RW         4441    .bss                tasks.o
    0x200007d8        -       0x00002800   Zero   RW         5071    .bss                heap_4.o
    0x20002fd8        -       0x00000400   Zero   RW            1    STACK               startup_stm32f103xb.o


==============================================================================

Image component sizes


      Code (inc. data)   RO Data    RW Data    ZI Data      Debug   Object Name

       240         32          0          0        116       1835   adc.o
       182          0          0          0          0      23365   cmsis_os.o
       168         24          0          2          0       2128   delay.o
        76          4          0          0          0        814   dma.o
         0          0          0          0          0      18296   event_groups.o
       336        102        169         20        596       4660   freertos.o
       232         22          0          0          0       1031   gpio.o
       460         24          0         24      10240       7383   heap_4.o
       340         44          0          0        168       2406   i2c.o
       138          0          0          0          0       3530   list.o
       188          0          0          0          0     488852   main.o
       662         70          0         12          0      11405   port.o
      1458         14          0          0          0      13317   queue.o
        36          8        236          0       1024        824   startup_stm32f103xb.o
        64         14          0         12          0       4766   stm32f1xx_hal.o
       856         24          0          0          0       5251   stm32f1xx_hal_adc.o
         2          0          0          0          0       1101   stm32f1xx_hal_adc_ex.o
       158         14          0          0          0      28298   stm32f1xx_hal_cortex.o
       814         36          0          0          0       5713   stm32f1xx_hal_dma.o
       532         40          0          0          0       4737   stm32f1xx_hal_gpio.o
      3648         54          0          0          0      22513   stm32f1xx_hal_i2c.o
        72         10          0          0          0        914   stm32f1xx_hal_msp.o
      1348        116          0          0          0       6429   stm32f1xx_hal_rcc.o
       236         12          0          0          0       1428   stm32f1xx_hal_rcc_ex.o
       654         26          0          0          0       7224   stm32f1xx_hal_tim.o
         4          0          0          0          0       1609   stm32f1xx_hal_tim_ex.o
       116         14          0          0         72       1483   stm32f1xx_hal_timebase_tim.o
      2068         38          0          0          0      18013   stm32f1xx_hal_uart.o
       186         66          0          0          0       8335   stm32f1xx_it.o
         0          0          0          0          0        404   stream_buffer.o
         2          0         24          4          0       1179   system_stm32f1xx.o
      2334        172          0         60        240      24579   tasks.o
       452         48          0          0        272       2905   usart.o
       420        138          0          4        400       6557   usart1.o

    ----------------------------------------------------------------------
     18528       1166        464        140      13128     733284   Object Totals
         0          0         32          0          0          0   (incl. Generated)
        46          0          3          2          0          0   (incl. Padding)

    ----------------------------------------------------------------------

      Code (inc. data)   RO Data    RW Data    ZI Data      Debug   Library Member Name

         0          0          0          0          0          0   entry.o
         0          0          0          0          0          0   entry10a.o
         0          0          0          0          0          0   entry11a.o
         8          4          0          0          0          0   entry2.o
         4          0          0          0          0          0   entry5.o
         0          0          0          0          0          0   entry7b.o
         0          0          0          0          0          0   entry8b.o
         8          4          0          0          0          0   entry9a.o
        30          0          0          0          0          0   handlers.o
        36          8          0          0          0         68   init.o
         0          0          0          0          0          0   iusefp.o
        30          0          0          0          0         68   llshl.o
        36          0          0          0          0         68   llsshr.o
        32          0          0          0          0         68   llushr.o
        36          0          0          0          0         68   memcpya.o
        36          0          0          0          0        108   memseta.o
      2304         96          0          0          0        600   printfa.o
         0          0          0          4          0          0   stdout.o
        14          0          0          0          0         68   strlen.o
        44          0          0          0          0         80   uidiv.o
        98          0          0          0          0         92   uldiv.o
        48          0          0          0          0         68   cdrcmple.o
       334          0          0          0          0        148   dadd.o
       222          0          0          0          0        100   ddiv.o
       186          0          0          0          0        176   depilogue.o
        48          0          0          0          0         68   dfixul.o
       228          0          0          0          0         96   dmul.o

    ----------------------------------------------------------------------
      3784        112          0          4          0       1944   Library Totals
         2          0          0          0          0          0   (incl. Padding)

    ----------------------------------------------------------------------

      Code (inc. data)   RO Data    RW Data    ZI Data      Debug   Library Name

      2716        112          0          4          0       1288   mc_w.l
      1066          0          0          0          0        656   mf_w.l

    ----------------------------------------------------------------------
      3784        112          0          4          0       1944   Library Totals

    ----------------------------------------------------------------------

==============================================================================


      Code (inc. data)   RO Data    RW Data    ZI Data      Debug   

     22312       1278        464        144      13128     724096   Grand Totals
     22312       1278        464        144      13128     724096   ELF Image Totals
     22312       1278        464        144          0          0   ROM Totals

==============================================================================

    Total RO  Size (Code + RO Data)                22776 (  22.24kB)
    Total RW  Size (RW Data + ZI Data)             13272 (  12.96kB)
    Total ROM Size (Code + RO Data + RW Data)      22920 (  22.38kB)

==============================================================================

